Component: Arm Compiler for Embedded 6.21 Tool: armlink [5ec1fa00]

==============================================================================

Section Cross References

    empty.o(.text) refers (Special) to _printf_percent.o(.ARM.Collect$$_printf_percent$$00000000) for _printf_percent
    empty.o(.text) refers (Special) to _printf_d.o(.ARM.Collect$$_printf_percent$$00000009) for _printf_d
    empty.o(.text) refers (Special) to _printf_dec.o(.text) for _printf_int_dec
    empty.o(.text.main) refers (Special) to _printf_percent.o(.ARM.Collect$$_printf_percent$$00000000) for _printf_percent
    empty.o(.text.main) refers (Special) to _printf_d.o(.ARM.Collect$$_printf_percent$$00000009) for _printf_d
    empty.o(.text.main) refers (Special) to _printf_dec.o(.text) for _printf_int_dec
    empty.o(.text.main) refers to ti_msp_dl_config.o(.text.SYSCFG_DL_init) for SYSCFG_DL_init
    empty.o(.text.main) refers to bsp_gyro.o(.text.jy61pInit) for jy61pInit
    empty.o(.text.main) refers to bsp_gyro.o(.text.get_angle) for get_angle
    empty.o(.text.main) refers to ffixi.o(.text) for __aeabi_f2iz
    empty.o(.text.main) refers to noretval__2sprintf.o(.text) for __2sprintf
    empty.o(.text.main) refers to uart.o(.text.uart0_send_string) for uart0_send_string
    empty.o(.text.main) refers to dl_common.o(.text.DL_Common_delayCycles) for DL_Common_delayCycles
    empty.o(.ARM.exidx.text.main) refers (Special) to _printf_percent.o(.ARM.Collect$$_printf_percent$$00000000) for _printf_percent
    empty.o(.ARM.exidx.text.main) refers (Special) to _printf_d.o(.ARM.Collect$$_printf_percent$$00000009) for _printf_d
    empty.o(.ARM.exidx.text.main) refers (Special) to _printf_dec.o(.text) for _printf_int_dec
    empty.o(.ARM.exidx.text.main) refers to empty.o(.text.main) for [Anonymous Symbol]
    empty.o(.ARM.use_no_argv) refers (Special) to _printf_percent.o(.ARM.Collect$$_printf_percent$$00000000) for _printf_percent
    empty.o(.ARM.use_no_argv) refers (Special) to _printf_d.o(.ARM.Collect$$_printf_percent$$00000009) for _printf_d
    empty.o(.ARM.use_no_argv) refers (Special) to _printf_dec.o(.text) for _printf_int_dec
    startup_mspm0g350x_uvision.o(STACK) refers (Special) to heapauxi.o(.text) for __use_two_region_memory
    startup_mspm0g350x_uvision.o(HEAP) refers (Special) to heapauxi.o(.text) for __use_two_region_memory
    startup_mspm0g350x_uvision.o(RESET) refers (Special) to heapauxi.o(.text) for __use_two_region_memory
    startup_mspm0g350x_uvision.o(RESET) refers to startup_mspm0g350x_uvision.o(STACK) for __initial_sp
    startup_mspm0g350x_uvision.o(RESET) refers to startup_mspm0g350x_uvision.o(.text) for Reset_Handler
    startup_mspm0g350x_uvision.o(RESET) refers to delay.o(.text.SysTick_Handler) for SysTick_Handler
    startup_mspm0g350x_uvision.o(RESET) refers to hw_encoder.o(.text.GROUP1_IRQHandler) for GROUP1_IRQHandler
    startup_mspm0g350x_uvision.o(RESET) refers to mid_timer.o(.text.TIMA0_IRQHandler) for TIMA0_IRQHandler
    startup_mspm0g350x_uvision.o(.text) refers (Special) to heapauxi.o(.text) for __use_two_region_memory
    startup_mspm0g350x_uvision.o(.text) refers to __main.o(!!!main) for __main
    startup_mspm0g350x_uvision.o(.text) refers to startup_mspm0g350x_uvision.o(HEAP) for Heap_Mem
    startup_mspm0g350x_uvision.o(.text) refers to startup_mspm0g350x_uvision.o(STACK) for Stack_Mem
    ti_msp_dl_config.o(.text.SYSCFG_DL_init) refers to ti_msp_dl_config.o(.text.SYSCFG_DL_initPower) for SYSCFG_DL_initPower
    ti_msp_dl_config.o(.text.SYSCFG_DL_init) refers to ti_msp_dl_config.o(.text.SYSCFG_DL_GPIO_init) for SYSCFG_DL_GPIO_init
    ti_msp_dl_config.o(.text.SYSCFG_DL_init) refers to ti_msp_dl_config.o(.text.SYSCFG_DL_SYSCTL_init) for SYSCFG_DL_SYSCTL_init
    ti_msp_dl_config.o(.text.SYSCFG_DL_init) refers to ti_msp_dl_config.o(.text.SYSCFG_DL_PWM_MOTOR_init) for SYSCFG_DL_PWM_MOTOR_init
    ti_msp_dl_config.o(.text.SYSCFG_DL_init) refers to ti_msp_dl_config.o(.text.SYSCFG_DL_TIMER_TICK_init) for SYSCFG_DL_TIMER_TICK_init
    ti_msp_dl_config.o(.text.SYSCFG_DL_init) refers to ti_msp_dl_config.o(.text.SYSCFG_DL_UART_0_init) for SYSCFG_DL_UART_0_init
    ti_msp_dl_config.o(.text.SYSCFG_DL_init) refers to ti_msp_dl_config.o(.text.SYSCFG_DL_SPI_LCD_init) for SYSCFG_DL_SPI_LCD_init
    ti_msp_dl_config.o(.text.SYSCFG_DL_init) refers to ti_msp_dl_config.o(.text.SYSCFG_DL_ADC12_0_init) for SYSCFG_DL_ADC12_0_init
    ti_msp_dl_config.o(.text.SYSCFG_DL_init) refers to ti_msp_dl_config.o(.text.SYSCFG_DL_DMA_init) for SYSCFG_DL_DMA_init
    ti_msp_dl_config.o(.text.SYSCFG_DL_init) refers to ti_msp_dl_config.o(.text.SYSCFG_DL_SYSTICK_init) for SYSCFG_DL_SYSTICK_init
    ti_msp_dl_config.o(.text.SYSCFG_DL_init) refers to ti_msp_dl_config.o(.bss.gTIMER_TICKBackup) for gTIMER_TICKBackup
    ti_msp_dl_config.o(.text.SYSCFG_DL_init) refers to ti_msp_dl_config.o(.bss.gPWM_MOTORBackup) for gPWM_MOTORBackup
[...]
    .ARM.Collect$$libinit$$00000030          0x00000182   Section        0  libinit2.o(.ARM.Collect$$libinit$$00000030)
    .ARM.Collect$$libinit$$00000032          0x00000182   Section        0  libinit2.o(.ARM.Collect$$libinit$$00000032)
    .ARM.Collect$$libinit$$00000034          0x00000182   Section        0  libinit2.o(.ARM.Collect$$libinit$$00000034)
    .ARM.Collect$$libinit$$00000035          0x00000182   Section        2  libinit2.o(.ARM.Collect$$libinit$$00000035)
    .ARM.Collect$$libshutdown$$00000000      0x00000184   Section        2  libshutdown.o(.ARM.Collect$$libshutdown$$00000000)
    .ARM.Collect$$libshutdown$$00000002      0x00000186   Section        0  libshutdown2.o(.ARM.Collect$$libshutdown$$00000002)
    .ARM.Collect$$libshutdown$$00000003      0x00000186   Section        4  libshutdown2.o(.ARM.Collect$$libshutdown$$00000003)
    .ARM.Collect$$libshutdown$$00000004      0x0000018a   Section        0  libshutdown2.o(.ARM.Collect$$libshutdown$$00000004)
    .ARM.Collect$$libshutdown$$00000007      0x0000018a   Section        0  libshutdown2.o(.ARM.Collect$$libshutdown$$00000007)
    .ARM.Collect$$libshutdown$$0000000A      0x0000018a   Section        0  libshutdown2.o(.ARM.Collect$$libshutdown$$0000000A)
    .ARM.Collect$$libshutdown$$0000000C      0x0000018a   Section        0  libshutdown2.o(.ARM.Collect$$libshutdown$$0000000C)
    .ARM.Collect$$libshutdown$$0000000F      0x0000018a   Section        0  libshutdown2.o(.ARM.Collect$$libshutdown$$0000000F)
    .ARM.Collect$$libshutdown$$00000010      0x0000018a   Section        2  libshutdown2.o(.ARM.Collect$$libshutdown$$00000010)
    .ARM.Collect$$rtentry$$00000000          0x0000018c   Section        0  __rtentry.o(.ARM.Collect$$rtentry$$00000000)
    .ARM.Collect$$rtentry$$00000002          0x0000018c   Section        0  __rtentry2.o(.ARM.Collect$$rtentry$$00000002)
    .ARM.Collect$$rtentry$$00000004          0x0000018c   Section        6  __rtentry4.o(.ARM.Collect$$rtentry$$00000004)
    .ARM.Collect$$rtentry$$00000009          0x00000192   Section        0  __rtentry2.o(.ARM.Collect$$rtentry$$00000009)
    .ARM.Collect$$rtentry$$0000000A          0x00000192   Section        4  __rtentry2.o(.ARM.Collect$$rtentry$$0000000A)
    .ARM.Collect$$rtentry$$0000000C          0x00000196   Section        0  __rtentry2.o(.ARM.Collect$$rtentry$$0000000C)
    .ARM.Collect$$rtentry$$0000000D          0x00000196   Section        8  __rtentry2.o(.ARM.Collect$$rtentry$$0000000D)
    .ARM.Collect$$rtexit$$00000000           0x0000019e   Section        2  rtexit.o(.ARM.Collect$$rtexit$$00000000)
    .ARM.Collect$$rtexit$$00000002           0x000001a0   Section        0  rtexit2.o(.ARM.Collect$$rtexit$$00000002)
    .ARM.Collect$$rtexit$$00000003           0x000001a0   Section        4  rtexit2.o(.ARM.Collect$$rtexit$$00000003)
    .ARM.Collect$$rtexit$$00000004           0x000001a4   Section        6  rtexit2.o(.ARM.Collect$$rtexit$$00000004)
    .text                                    0x000001ac   Section       48  startup_mspm0g350x_uvision.o(.text)
    .text                                    0x000001dc   Section        0  noretval__2sprintf.o(.text)
    .text                                    0x00000204   Section        0  __printf.o(.text)
    .text                                    0x00000270   Section        0  _printf_dec.o(.text)
    .text                                    0x000002dc   Section        0  puts.o(.text)
    .text                                    0x00000308   Section        0  rt_memclr.o(.text)
    .text                                    0x00000348   Section        0  heapauxi.o(.text)
    .text                                    0x00000350   Section        0  d2f.o(.text)
    .text                                    0x000003cc   Section        0  dflti.o(.text)
    .text                                    0x00000424   Section        0  dmul.o(.text)
    .text                                    0x0000066c   Section        0  ffixi.o(.text)
    .text                                    0x000006b8   Section        0  _printf_intcommon.o(.text)
    _printf_input_char                       0x00000769   Thumb Code    10  _printf_char_common.o(.text)
    .text                                    0x00000768   Section        0  _printf_char_common.o(.text)
    .text                                    0x00000798   Section        0  _sputc.o(.text)
    .text                                    0x000007a2   Section        0  rtudiv10.o(.text)
    .text                                    0x000007cc   Section        8  rt_errno_addr_intlibspace.o(.text)
    .text                                    0x000007d4   Section        0  flsbuf.o(.text)
    .text                                    0x000009c8   Section        0  initio.o(.text)
    .text                                    0x00000b04   Section        0  fcmpin.o(.text)
    .text                                    0x00000b68   Section        0  sys_io.o(.text)
    .text                                    0x00000bd0   Section        8  libspace.o(.text)
    .text                                    0x00000bd8   Section       62  sys_stackheap_outer.o(.text)
    .text                                    0x00000c16   Section        0  h1_alloc.o(.text)
    .text                                    0x00000c78   Section        0  h1_free.o(.text)
    .text                                    0x00000cc4   Section        0  setvbuf.o(.text)
    .text                                    0x00000d10   Section        0  stdio.o(.text)
    _freopen_locked                          0x00000e1d   Thumb Code     0  fopen.o(.text)
    .text                                    0x00000e1c   Section        0  fopen.o(.text)
    .text                                    0x00000f0c   Section        0  fclose.o(.text)
    .text                                    0x00000f54   Section        0  exit.o(.text)
    .text                                    0x00000f64   Section        0  defsig_rtred_outer.o(.text)
    .text                                    0x00000f70   Section        0  cmpret.o(.text)
    .text                                    0x00000fa0   Section        0  fnan2.o(.text)
    .text                                    0x00000fb0   Section        2  use_no_semi.o(.text)
    .text                                    0x00000fb2   Section        0  indicate_semi.o(.text)
    .text                                    0x00000fb4   Section        8  rt_heap_descriptor_intlibspace.o(.text)
    .text                                    0x00000fbc   Section        0  hguard.o(.text)
    .text                                    0x00000fc0   Section        0  init_alloc.o(.text)
    .text                                    0x00001048   Section        0  h1_init.o(.text)
    .text                                    0x00001054   Section        0  fseek.o(.text)
    .text                                    0x00001148   Section        0  defsig_exit.o(.text)
    .text                                    0x00001154   Section        0  defsig_rtred_inner.o(.text)
    .text                                    0x00001188   Section        0  strlen.o(.text)
    .text                                    0x000011cc   Section        0  retnan.o(.text)
    .text                                    0x0000122c   Section        0  sys_exit.o(.text)
    .text                                    0x00001238   Section        0  maybetermalloc1.o(.text)
    .text                                    0x00001238   Section        0  h1_extend.o(.text)
    .text                                    0x0000126c   Section        0  ftell.o(.text)
    .text                                    0x000012ae   Section        0  defsig_general.o(.text)
    .text                                    0x000012e2   Section        0  defsig_rtmem_outer.o(.text)
    .text                                    0x000012ee   Section        0  sys_wrch.o(.text)
    .text                                    0x000012fc   Section        0  defsig_rtmem_inner.o(.text)
    [Anonymous Symbol]                       0x0000134c   Section        0  dl_adc12.o(.text.DL_ADC12_setClockConfig)
    __arm_cp.0_0                             0x00001384   Number         4  dl_adc12.o(.text.DL_ADC12_setClockConfig)
    __arm_cp.0_1                             0x00001388   Number         4  dl_adc12.o(.text.DL_ADC12_setClockConfig)
    [Anonymous Symbol]                       0x0000138c   Section        0  dl_common.o(.text.DL_Common_delayCycles)
    [Anonymous Symbol]                       0x00001398   Section        0  dl_dma.o(.text.DL_DMA_initChannel)
    __arm_cp.0_0                             0x000013d8   Number         4  dl_dma.o(.text.DL_DMA_initChannel)
    [Anonymous Symbol]                       0x000013dc   Section        0  dl_spi.o(.text.DL_SPI_init)
    __arm_cp.0_0                             0x00001418   Number         4  dl_spi.o(.text.DL_SPI_init)
    __arm_cp.0_1                             0x0000141c   Number         4  dl_spi.o(.text.DL_SPI_init)
    [Anonymous Symbol]                       0x00001420   Section        0  dl_spi.o(.text.DL_SPI_setClockConfig)
    [Anonymous Symbol]                       0x00001434   Section        0  dl_sysctl_mspm0g1x0x_g3x0x.o(.text.DL_SYSCTL_configSYSPLL)
    __arm_cp.0_0                             0x000014e8   Number         4  dl_sysctl_mspm0g1x0x_g3x0x.o(.text.DL_SYSCTL_configSYSPLL)
    __arm_cp.0_2                             0x000014ec   Number         4  dl_sysctl_mspm0g1x0x_g3x0x.o(.text.DL_SYSCTL_configSYSPLL)
    __arm_cp.0_3                             0x000014f0   Number         4  dl_sysctl_mspm0g1x0x_g3x0x.o(.text.DL_SYSCTL_configSYSPLL)
    __arm_cp.0_4                             0x000014f4   Number         4  dl_sysctl_mspm0g1x0x_g3x0x.o(.text.DL_SYSCTL_configSYSPLL)
    [Anonymous Symbol]                       0x000014f8   Section        0  dl_sysctl_mspm0g1x0x_g3x0x.o(.text.DL_SYSCTL_setHFCLKSourceHFXTParams)
    __arm_cp.7_0                             0x00001544   Number         4  dl_sysctl_mspm0g1x0x_g3x0x.o(.text.DL_SYSCTL_setHFCLKSourceHFXTParams)
    [Anonymous Symbol]                       0x00001548   Section        0  dl_sysctl_mspm0g1x0x_g3x0x.o(.text.DL_SYSCTL_switchMCLKfromSYSOSCtoHSCLK)
    __arm_cp.4_0                             0x00001568   Number         4  dl_sysctl_mspm0g1x0x_g3x0x.o(.text.DL_SYSCTL_switchMCLKfromSYSOSCtoHSCLK)
    __arm_cp.4_1                             0x0000156c   Number         4  dl_sysctl_mspm0g1x0x_g3x0x.o(.text.DL_SYSCTL_switchMCLKfromSYSOSCtoHSCLK)
    [Anonymous Symbol]                       0x00001570   Section        0  dl_timer.o(.text.DL_Timer_initFourCCPWMMode)
    __arm_cp.38_1                            0x00001664   Number         4  dl_timer.o(.text.DL_Timer_initFourCCPWMMode)
    __arm_cp.38_2                            0x00001668   Number         4  dl_timer.o(.text.DL_Timer_initFourCCPWMMode)
    __arm_cp.38_4                            0x0000166c   Number         4  dl_timer.o(.text.DL_Timer_initFourCCPWMMode)
    __arm_cp.38_5                            0x00001670   Number         4  dl_timer.o(.text.DL_Timer_initFourCCPWMMode)
    __arm_cp.38_6                            0x00001674   Number         4  dl_timer.o(.text.DL_Timer_initFourCCPWMMode)
    [Anonymous Symbol]                       0x00001678   Section        0  dl_timer.o(.text.DL_Timer_initTimerMode)
    __arm_cp.2_0                             0x00001758   Number         4  dl_timer.o(.text.DL_Timer_initTimerMode)
    __arm_cp.2_1                             0x0000175c   Number         4  dl_timer.o(.text.DL_Timer_initTimerMode)
    __arm_cp.2_2                             0x00001760   Number         4  dl_timer.o(.text.DL_Timer_initTimerMode)
    __arm_cp.2_3                             0x00001764   Number         4  dl_timer.o(.text.DL_Timer_initTimerMode)
    [Anonymous Symbol]                       0x00001768   Section        0  dl_timer.o(.text.DL_Timer_setCaptCompUpdateMethod)
    __arm_cp.23_0                            0x00001780   Number         4  dl_timer.o(.text.DL_Timer_setCaptCompUpdateMethod)
    [Anonymous Symbol]                       0x00001784   Section        0  dl_timer.o(.text.DL_Timer_setCaptureCompareOutCtl)
    __arm_cp.25_0                            0x00001798   Number         4  dl_timer.o(.text.DL_Timer_setCaptureCompareOutCtl)
    [Anonymous Symbol]                       0x0000179c   Section        0  dl_timer.o(.text.DL_Timer_setCaptureCompareValue)
    __arm_cp.3_0                             0x000017a8   Number         4  dl_timer.o(.text.DL_Timer_setCaptureCompareValue)
    [Anonymous Symbol]                       0x000017ac   Section        0  dl_timer.o(.text.DL_Timer_setClockConfig)
    __arm_cp.0_0                             0x000017c4   Number         4  dl_timer.o(.text.DL_Timer_setClockConfig)
    [Anonymous Symbol]                       0x000017c8   Section        0  dl_uart.o(.text.DL_UART_init)
    __arm_cp.0_0                             0x00001808   Number         4  dl_uart.o(.text.DL_UART_init)
    __arm_cp.0_1                             0x0000180c   Number         4  dl_uart.o(.text.DL_UART_init)
    [Anonymous Symbol]                       0x00001810   Section        0  dl_uart.o(.text.DL_UART_setClockConfig)
    [Anonymous Symbol]                       0x00001824   Section        0  hw_encoder.o(.text.GROUP1_IRQHandler)
    __arm_cp.4_0                             0x00001860   Number         4  hw_encoder.o(.text.GROUP1_IRQHandler)
    __arm_cp.4_1                             0x00001864   Number         4  hw_encoder.o(.text.GROUP1_IRQHandler)
    __arm_cp.4_2                             0x00001868   Number         4  hw_encoder.o(.text.GROUP1_IRQHandler)
    __arm_cp.4_3                             0x0000186c   Number         4  hw_encoder.o(.text.GROUP1_IRQHandler)
    [Anonymous Symbol]                       0x00001870   Section        0  bsp_gyro.o(.text.I2C_WaitAck)
    [Anonymous Symbol]                       0x000018f0   Section        0  bsp_gyro.o(.text.Read_Byte)
    __arm_cp.7_0                             0x00001a1c   Number         4  bsp_gyro.o(.text.Read_Byte)
    __arm_cp.7_1                             0x00001a20   Number         4  bsp_gyro.o(.text.Read_Byte)
    __arm_cp.7_2                             0x00001a24   Number         4  bsp_gyro.o(.text.Read_Byte)
    __arm_cp.7_3                             0x00001a28   Number         4  bsp_gyro.o(.text.Read_Byte)
    [Anonymous Symbol]                       0x00001a2c   Section        0  ti_msp_dl_config.o(.text.SYSCFG_DL_ADC12_0_init)
    __arm_cp.8_0                             0x00001a7c   Number         4  ti_msp_dl_config.o(.text.SYSCFG_DL_ADC12_0_init)
    __arm_cp.8_1                             0x00001a80   Number         4  ti_msp_dl_config.o(.text.SYSCFG_DL_ADC12_0_init)
    __arm_cp.8_2                             0x00001a84   Number         4  ti_msp_dl_config.o(.text.SYSCFG_DL_ADC12_0_init)
    __arm_cp.8_3                             0x00001a88   Number         4  ti_msp_dl_config.o(.text.SYSCFG_DL_ADC12_0_init)
    __arm_cp.8_4                             0x00001a8c   Number         4  ti_msp_dl_config.o(.text.SYSCFG_DL_ADC12_0_init)
    [Anonymous Symbol]                       0x00001a90   Section        0  ti_msp_dl_config.o(.text.SYSCFG_DL_DMA_CH0_init)
    __arm_cp.13_0                            0x00001aa4   Number         4  ti_msp_dl_config.o(.text.SYSCFG_DL_DMA_CH0_init)
    __arm_cp.13_1                            0x00001aa8   Number         4  ti_msp_dl_config.o(.text.SYSCFG_DL_DMA_CH0_init)
    __arm_cp.13_2                            0x00001aac   Number         4  ti_msp_dl_config.o(.text.SYSCFG_DL_DMA_CH0_init)
    [Anonymous Symbol]                       0x00001ab0   Section        0  ti_msp_dl_config.o(.text.SYSCFG_DL_DMA_init)
    [Anonymous Symbol]                       0x00001ab8   Section        0  ti_msp_dl_config.o(.text.SYSCFG_DL_GPIO_init)
    __arm_cp.2_0                             0x00001b50   Number         4  ti_msp_dl_config.o(.text.SYSCFG_DL_GPIO_init)
    __arm_cp.2_1                             0x00001b54   Number         4  ti_msp_dl_config.o(.text.SYSCFG_DL_GPIO_init)
    __arm_cp.2_2                             0x00001b58   Number         4  ti_msp_dl_config.o(.text.SYSCFG_DL_GPIO_init)
    __arm_cp.2_3                             0x00001b5c   Number         4  ti_msp_dl_config.o(.text.SYSCFG_DL_GPIO_init)
    __arm_cp.2_4                             0x00001b60   Number         4  ti_msp_dl_config.o(.text.SYSCFG_DL_GPIO_init)
    __arm_cp.2_5                             0x00001b64   Number         4  ti_msp_dl_config.o(.text.SYSCFG_DL_GPIO_init)
    __arm_cp.2_6                             0x00001b68   Number         4  ti_msp_dl_config.o(.text.SYSCFG_DL_GPIO_init)
    __arm_cp.2_7                             0x00001b6c   Number         4  ti_msp_dl_config.o(.text.SYSCFG_DL_GPIO_init)
    __arm_cp.2_8                             0x00001b70   Number         4  ti_msp_dl_config.o(.text.SYSCFG_DL_GPIO_init)
    __arm_cp.2_9                             0x00001b74   Number         4  ti_msp_dl_config.o(.text.SYSCFG_DL_GPIO_init)
    __arm_cp.2_10                            0x00001b78   Number         4  ti_msp_dl_config.o(.text.SYSCFG_DL_GPIO_init)
    __arm_cp.2_11                            0x00001b7c   Number         4  ti_msp_dl_config.o(.text.SYSCFG_DL_GPIO_init)
    [Anonymous Symbol]                       0x00001b80   Section        0  ti_msp_dl_config.o(.text.SYSCFG_DL_PWM_MOTOR_init)
    __arm_cp.4_0                             0x00001bec   Number         4  ti_msp_dl_config.o(.text.SYSCFG_DL_PWM_MOTOR_init)
    __arm_cp.4_1                             0x00001bf0   Number         4  ti_msp_dl_config.o(.text.SYSCFG_DL_PWM_MOTOR_init)
    __arm_cp.4_2                             0x00001bf4   Number         4  ti_msp_dl_config.o(.text.SYSCFG_DL_PWM_MOTOR_init)
    __arm_cp.4_3                             0x00001bf8   Number         4  ti_msp_dl_config.o(.text.SYSCFG_DL_PWM_MOTOR_init)
    __arm_cp.4_4                             0x00001bfc   Number         4  ti_msp_dl_config.o(.text.SYSCFG_DL_PWM_MOTOR_init)
    [Anonymous Symbol]                       0x00001c00   Section        0  ti_msp_dl_config.o(.text.SYSCFG_DL_SPI_LCD_init)
    __arm_cp.7_0                             0x00001c34   Number         4  ti_msp_dl_config.o(.text.SYSCFG_DL_SPI_LCD_init)
    __arm_cp.7_1                             0x00001c38   Number         4  ti_msp_dl_config.o(.text.SYSCFG_DL_SPI_LCD_init)
    __arm_cp.7_2                             0x00001c3c   Number         4  ti_msp_dl_config.o(.text.SYSCFG_DL_SPI_LCD_init)
    __arm_cp.7_3                             0x00001c40   Number         4  ti_msp_dl_config.o(.text.SYSCFG_DL_SPI_LCD_init)
    __arm_cp.7_4                             0x00001c44   Number         4  ti_msp_dl_config.o(.text.SYSCFG_DL_SPI_LCD_init)
    [Anonymous Symbol]                       0x00001c48   Section        0  ti_msp_dl_config.o(.text.SYSCFG_DL_SYSCTL_init)
    __arm_cp.3_0                             0x00001cac   Number         4  ti_msp_dl_config.o(.text.SYSCFG_DL_SYSCTL_init)
    __arm_cp.3_1                             0x00001cb0   Number         4  ti_msp_dl_config.o(.text.SYSCFG_DL_SYSCTL_init)
    __arm_cp.3_2                             0x00001cb4   Number         4  ti_msp_dl_config.o(.text.SYSCFG_DL_SYSCTL_init)
    __arm_cp.3_3                             0x00001cb8   Number         4  ti_msp_dl_config.o(.text.SYSCFG_DL_SYSCTL_init)
    [Anonymous Symbol]                       0x00001cbc   Section        0  ti_msp_dl_config.o(.text.SYSCFG_DL_SYSTICK_init)
    __arm_cp.10_0                            0x00001ce0   Number         4  ti_msp_dl_config.o(.text.SYSCFG_DL_SYSTICK_init)
    __arm_cp.10_1                            0x00001ce4   Number         4  ti_msp_dl_config.o(.text.SYSCFG_DL_SYSTICK_init)
    __arm_cp.10_2                            0x00001ce8   Number         4  ti_msp_dl_config.o(.text.SYSCFG_DL_SYSTICK_init)
    [Anonymous Symbol]                       0x00001cec   Section        0  ti_msp_dl_config.o(.text.SYSCFG_DL_TIMER_TICK_init)
    __arm_cp.5_0                             0x00001d24   Number         4  ti_msp_dl_config.o(.text.SYSCFG_DL_TIMER_TICK_init)
    __arm_cp.5_1                             0x00001d28   Number         4  ti_msp_dl_config.o(.text.SYSCFG_DL_TIMER_TICK_init)
    __arm_cp.5_2                             0x00001d2c   Number         4  ti_msp_dl_config.o(.text.SYSCFG_DL_TIMER_TICK_init)
    __arm_cp.5_3                             0x00001d30   Number         4  ti_msp_dl_config.o(.text.SYSCFG_DL_TIMER_TICK_init)
    __arm_cp.5_4                             0x00001d34   Number         4  ti_msp_dl_config.o(.text.SYSCFG_DL_TIMER_TICK_init)
    __arm_cp.5_5                             0x00001d38   Number         4  ti_msp_dl_config.o(.text.SYSCFG_DL_TIMER_TICK_init)
    [Anonymous Symbol]                       0x00001d3c   Section        0  ti_msp_dl_config.o(.text.SYSCFG_DL_UART_0_init)
    __arm_cp.6_0                             0x00001d88   Number         4  ti_msp_dl_config.o(.text.SYSCFG_DL_UART_0_init)
    __arm_cp.6_1                             0x00001d8c   Number         4  ti_msp_dl_config.o(.text.SYSCFG_DL_UART_0_init)
    __arm_cp.6_2                             0x00001d90   Number         4  ti_msp_dl_config.o(.text.SYSCFG_DL_UART_0_init)
    __arm_cp.6_3                             0x00001d94   Number         4  ti_msp_dl_config.o(.text.SYSCFG_DL_UART_0_init)
    __arm_cp.6_4                             0x00001d98   Number         4  ti_msp_dl_config.o(.text.SYSCFG_DL_UART_0_init)
    [Anonymous Symbol]                       0x00001d9c   Section        0  ti_msp_dl_config.o(.text.SYSCFG_DL_init)
    __arm_cp.0_0                             0x00001ddc   Number         4  ti_msp_dl_config.o(.text.SYSCFG_DL_init)
    __arm_cp.0_1                             0x00001de0   Number         4  ti_msp_dl_config.o(.text.SYSCFG_DL_init)
    __arm_cp.0_2                             0x00001de4   Number         4  ti_msp_dl_config.o(.text.SYSCFG_DL_init)
    [Anonymous Symbol]                       0x00001de8   Section        0  ti_msp_dl_config.o(.text.SYSCFG_DL_initPower)
    __arm_cp.1_0                             0x00001e24   Number         4  ti_msp_dl_config.o(.text.SYSCFG_DL_initPower)
    __arm_cp.1_1                             0x00001e28   Number         4  ti_msp_dl_config.o(.text.SYSCFG_DL_initPower)
    __arm_cp.1_2                             0x00001e2c   Number         4  ti_msp_dl_config.o(.text.SYSCFG_DL_initPower)
    __arm_cp.1_3                             0x00001e30   Number         4  ti_msp_dl_config.o(.text.SYSCFG_DL_initPower)
    __arm_cp.1_4                             0x00001e34   Number         4  ti_msp_dl_config.o(.text.SYSCFG_DL_initPower)
    __arm_cp.1_5                             0x00001e38   Number         4  ti_msp_dl_config.o(.text.SYSCFG_DL_initPower)
    __arm_cp.1_6                             0x00001e3c   Number         4  ti_msp_dl_config.o(.text.SYSCFG_DL_initPower)
    __arm_cp.1_7                             0x00001e40   Number         4  ti_msp_dl_config.o(.text.SYSCFG_DL_initPower)
    __arm_cp.1_8                             0x00001e44   Number         4  ti_msp_dl_config.o(.text.SYSCFG_DL_initPower)
    [Anonymous Symbol]                       0x00001e48   Section        0  bsp_gyro.o(.text.Send_Byte)
    __arm_cp.6_0                             0x00001f7c   Number         4  bsp_gyro.o(.text.Send_Byte)
    __arm_cp.6_1                             0x00001f80   Number         4  bsp_gyro.o(.text.Send_Byte)
    [Anonymous Symbol]                       0x00001f84   Section        0  delay.o(.text.SysTick_Handler)
    __arm_cp.0_0                             0x00001f90   Number         4  delay.o(.text.SysTick_Handler)
    [Anonymous Symbol]                       0x00001f94   Section        0  mid_timer.o(.text.TIMA0_IRQHandler)
    __arm_cp.1_0                             0x00001fa8   Number         4  mid_timer.o(.text.TIMA0_IRQHandler)
    [Anonymous Symbol]                       0x00001fac   Section        0  hw_encoder.o(.text.encoder_value_up)
    __arm_cp.1_0                             0x00001fc4   Number         4  hw_encoder.o(.text.encoder_value_up)
    __arm_cp.1_1                             0x00001fc8   Number         4  hw_encoder.o(.text.encoder_value_up)
    __arm_cp.1_2                             0x00001fcc   Number         4  hw_encoder.o(.text.encoder_value_up)
    __arm_cp.1_3                             0x00001fd0   Number         4  hw_encoder.o(.text.encoder_value_up)
    [Anonymous Symbol]                       0x00001fd4   Section        0  bsp_gyro.o(.text.get_angle)
    __arm_cp.9_1                             0x000020f4   Number         4  bsp_gyro.o(.text.get_angle)
    __arm_cp.9_2                             0x000020f8   Number         4  bsp_gyro.o(.text.get_angle)
    __arm_cp.9_3                             0x000020fc   Number         4  bsp_gyro.o(.text.get_angle)
    __arm_cp.9_4                             0x00002100   Number         4  bsp_gyro.o(.text.get_angle)
    __arm_cp.9_5                             0x00002104   Number         4  bsp_gyro.o(.text.get_angle)
    [Anonymous Symbol]                       0x00002108   Section        0  bsp_gyro.o(.text.jy61pInit)
    __arm_cp.0_0                             0x000021a4   Number         4  bsp_gyro.o(.text.jy61pInit)
    __arm_cp.0_1                             0x000021a8   Number         4  bsp_gyro.o(.text.jy61pInit)
    __arm_cp.0_2                             0x000021ac   Number         4  bsp_gyro.o(.text.jy61pInit)
    [Anonymous Symbol]                       0x000021b0   Section        0  empty.o(.text.main)
    __arm_cp.0_1                             0x00002200   Number         4  empty.o(.text.main)
    [Anonymous Symbol]                       0x00002204   Section        0  bsp_gyro.o(.text.readDataJy61p)
    [Anonymous Symbol]                       0x0000234c   Section        0  uart.o(.text.uart0_send_string)
    __arm_cp.1_0                             0x00002380   Number         4  uart.o(.text.uart0_send_string)
    [Anonymous Symbol]                       0x00002384   Section        0  bsp_gyro.o(.text.writeDataJy61p)
    __arm_cp.1_0                             0x00002440   Number         4  bsp_gyro.o(.text.writeDataJy61p)
    __arm_cp.1_1                             0x00002444   Number         4  bsp_gyro.o(.text.writeDataJy61p)
    i._fgeq                                  0x00002448   Section        0  fcmp.o(i._fgeq)
    i._fleq                                  0x0000245e   Section        0  fcmp.o(i._fleq)
    i.fputc                                  0x00002478   Section        0  fputc.o(i.fputc)
    x$fpl$fadd                               0x00002498   Section      140  faddsub.o(x$fpl$fadd)
    _fadd1                                   0x000024a5   Thumb Code     0  faddsub.o(x$fpl$fadd)
    x$fpl$fgeqf                              0x00002524   Section       84  fgef.o(x$fpl$fgeqf)
    x$fpl$fleqf                              0x00002578   Section       84  flef.o(x$fpl$fleqf)
    x$fpl$fsub                               0x000025cc   Section      208  faddsub.o(x$fpl$fsub)
    _fsub1                                   0x000025d9   Thumb Code     0  faddsub.o(x$fpl$fsub)
    .constdata                               0x0000269c   Section        4  sys_io_names.o(.constdata)
    x$fpl$usenofp                            0x0000269c   Section        0  usenofp.o(x$fpl$usenofp)
    .constdata                               0x000026a0   Section        4  sys_io_names.o(.constdata)
    .constdata                               0x000026a4   Section        4  sys_io_names.o(.constdata)
    gADC12_0ClockConfig                      0x000026a8   Data           8  ti_msp_dl_config.o(.rodata.gADC12_0ClockConfig)
    [Anonymous Symbol]                       0x000026a8   Section        0  ti_msp_dl_config.o(.rodata.gADC12_0ClockConfig)
    gDMA_CH0Config                           0x000026b0   Data          24  ti_msp_dl_config.o(.rodata.gDMA_CH0Config)
    [Anonymous Symbol]                       0x000026b0   Section        0  ti_msp_dl_config.o(.rodata.gDMA_CH0Config)
    gPWM_MOTORClockConfig                    0x000026c8   Data           3  ti_msp_dl_config.o(.rodata.gPWM_MOTORClockConfig)
    [Anonymous Symbol]                       0x000026c8   Section        0  ti_msp_dl_config.o(.rodata.gPWM_MOTORClockConfig)
    gPWM_MOTORConfig                         0x000026cc   Data           8  ti_msp_dl_config.o(.rodata.gPWM_MOTORConfig)
    [Anonymous Symbol]                       0x000026cc   Section        0  ti_msp_dl_config.o(.rodata.gPWM_MOTORConfig)
    gSPI_LCD_clockConfig                     0x000026d4   Data           2  ti_msp_dl_config.o(.rodata.gSPI_LCD_clockConfig)
    [Anonymous Symbol]                       0x000026d4   Section        0  ti_msp_dl_config.o(.rodata.gSPI_LCD_clockConfig)
    gSPI_LCD_config                          0x000026d6   Data          10  ti_msp_dl_config.o(.rodata.gSPI_LCD_config)
    [Anonymous Symbol]                       0x000026d6   Section        0  ti_msp_dl_config.o(.rodata.gSPI_LCD_config)
    gSYSPLLConfig                            0x000026e0   Data          40  ti_msp_dl_config.o(.rodata.gSYSPLLConfig)
    [Anonymous Symbol]                       0x000026e0   Section        0  ti_msp_dl_config.o(.rodata.gSYSPLLConfig)
    gTIMER_TICKClockConfig                   0x00002708   Data           3  ti_msp_dl_config.o(.rodata.gTIMER_TICKClockConfig)
    [Anonymous Symbol]                       0x00002708   Section        0  ti_msp_dl_config.o(.rodata.gTIMER_TICKClockConfig)
    gTIMER_TICKTimerConfig                   0x0000270c   Data          20  ti_msp_dl_config.o(.rodata.gTIMER_TICKTimerConfig)
    [Anonymous Symbol]                       0x0000270c   Section        0  ti_msp_dl_config.o(.rodata.gTIMER_TICKTimerConfig)
    gUART_0ClockConfig                       0x00002720   Data           2  ti_msp_dl_config.o(.rodata.gUART_0ClockConfig)
    [Anonymous Symbol]                       0x00002720   Section        0  ti_msp_dl_config.o(.rodata.gUART_0ClockConfig)
    gUART_0Config                            0x00002722   Data          10  ti_msp_dl_config.o(.rodata.gUART_0Config)
    [Anonymous Symbol]                       0x00002722   Section        0  ti_msp_dl_config.o(.rodata.gUART_0Config)
    .data                                    0x20200000   Section        4  stdio_streams.o(.data)
    .data                                    0x20200004   Section        4  stdio_streams.o(.data)
    .data                                    0x20200008   Section        4  stdio_streams.o(.data)
    .bss                                     0x20200010   Section       84  stdio_streams.o(.bss)
    .bss                                     0x20200064   Section       84  stdio_streams.o(.bss)
    .bss                                     0x202000b8   Section       84  stdio_streams.o(.bss)
    .bss                                     0x2020010c   Section       96  libspace.o(.bss)
    Heap_Mem                                 0x20200330   Data        4096  startup_mspm0g350x_uvision.o(HEAP)
    HEAP                                     0x20200330   Section     4096  startup_mspm0g350x_uvision.o(HEAP)
    Stack_Mem                                0x20201330   Data        4096  startup_mspm0g350x_uvision.o(STACK)
    STACK                                    0x20201330   Section     4096  startup_mspm0g350x_uvision.o(STACK)
    __initial_sp                             0x20202330   Data           0  startup_mspm0g350x_uvision.o(STACK)

    Global Symbols

    Symbol Name                              Value     Ov Type        Size  Object(Section)

    BuildAttributes$$THM_ISAv3M$S$PE$A:L22$X:L11$S22$IEEE1$IW$~IW$USESV6$~STKCKD$USESV7$~SHL$OTIME$ROPI$IEEEJ$EBA8$UX$STANDARDLIB$REQ8$PRES8$EABIv2 0x00000000   Number         0  anon$$obj.o ABSOLUTE
    __Vectors                                0x00000000   Data           4  startup_mspm0g350x_uvision.o(RESET)
    __ARM_exceptions_init                     - Undefined Weak Reference
    __alloca_initialize                       - Undefined Weak Reference
    __arm_preinit_                            - Undefined Weak Reference
    __arm_relocate_pie_                       - Undefined Weak Reference
    __cpp_initialize__aeabi_                  - Undefined Weak Reference
    __cxa_finalize                            - Undefined Weak Reference
    __rt_locale                               - Undefined Weak Reference
    __sigvec_lookup                           - Undefined Weak Reference
    __user_heap_extent                        - Undefined Weak Reference
    _atexit_init                              - Undefined Weak Reference
    _call_atexit_fns                          - Undefined Weak Reference
    _clock_init                               - Undefined Weak Reference
    _fp_trap_init                             - Undefined Weak Reference
    _fp_trap_shutdown                         - Undefined Weak Reference
    _get_lc_collate                           - Undefined Weak Reference
    _get_lc_ctype                             - Undefined Weak Reference
    _get_lc_monetary                          - Undefined Weak Reference
    _get_lc_numeric                           - Undefined Weak Reference
    _get_lc_time                              - Undefined Weak Reference
    _getenv_init                              - Undefined Weak Reference
    _handle_redirection                       - Undefined Weak Reference
    _mutex_acquire                            - Undefined Weak Reference
    _mutex_free                               - Undefined Weak Reference
    _mutex_release                            - Undefined Weak Reference
    _printf_post_padding                      - Undefined Weak Reference
    _printf_pre_padding                       - Undefined Weak Reference
    _printf_truncate_signed                   - Undefined Weak Reference
    _printf_truncate_unsigned                 - Undefined Weak Reference
    _rand_init                                - Undefined Weak Reference
    _signal_finish                            - Undefined Weak Reference
    _signal_init                              - Undefined Weak Reference
    __Vectors_End                            0x000000c0   Data           0  startup_mspm0g350x_uvision.o(RESET)
    __Vectors_Size                           0x000000c0   Number         0  startup_mspm0g350x_uvision.o ABSOLUTE
    __main                                   0x000000c1   Thumb Code     8  __main.o(!!!main)
    __scatterload                            0x000000c9   Thumb Code     0  __scatter.o(!!!scatter)
    __scatterload_rt2                        0x000000c9   Thumb Code    74  __scatter.o(!!!scatter)
    __scatterload_rt2_thumb_only             0x000000c9   Thumb Code     0  __scatter.o(!!!scatter)
    __scatterload_loop                       0x000000d3   Thumb Code     0  __scatter.o(!!!scatter)
    __scatterload_copy                       0x00000121   Thumb Code    26  __scatter_copy.o(!!handler_copy)
    __scatterload_null                       0x00000141   Thumb Code     2  __scatter.o(!!handler_null)
    __scatterload_zeroinit                   0x00000149   Thumb Code    28  __scatter_zi.o(!!handler_zi)
    _printf_percent                          0x00000165   Thumb Code     0  _printf_percent.o(.ARM.Collect$$_printf_percent$$00000000)
    _printf_d                                0x00000167   Thumb Code     0  _printf_d.o(.ARM.Collect$$_printf_percent$$00000009)
    _printf_percent_end                      0x00000171   Thumb Code     0  _printf_percent_end.o(.ARM.Collect$$_printf_percent$$00000017)
    __rt_lib_init                            0x00000175   Thumb Code     0  libinit.o(.ARM.Collect$$libinit$$00000000)
    __rt_lib_init_fp_1                       0x00000177   Thumb Code     0  libinit2.o(.ARM.Collect$$libinit$$00000002)
    __rt_lib_init_heap_2                     0x00000177   Thumb Code     0  libinit2.o(.ARM.Collect$$libinit$$00000007)
    __rt_lib_init_preinit_1                  0x00000177   Thumb Code     0  libinit2.o(.ARM.Collect$$libinit$$00000006)
    __rt_lib_init_relocate_pie_1             0x00000177   Thumb Code     0  libinit2.o(.ARM.Collect$$libinit$$00000004)
    __rt_lib_init_atexit_1                   0x0000017f   Thumb Code     0  libinit2.o(.ARM.Collect$$libinit$$0000001D)
    __rt_lib_init_clock_1                    0x0000017f   Thumb Code     0  libinit2.o(.ARM.Collect$$libinit$$00000023)
    __rt_lib_init_fp_trap_1                  0x0000017f   Thumb Code     0  libinit2.o(.ARM.Collect$$libinit$$00000021)
    __rt_lib_init_getenv_1                   0x0000017f   Thumb Code     0  libinit2.o(.ARM.Collect$$libinit$$00000025)
    __rt_lib_init_heap_1                     0x0000017f   Thumb Code     0  libinit2.o(.ARM.Collect$$libinit$$0000000C)
    __rt_lib_init_lc_collate_1               0x0000017f   Thumb Code     0  libinit2.o(.ARM.Collect$$libinit$$00000013)
    __rt_lib_init_lc_ctype_1                 0x0000017f   Thumb Code     0  libinit2.o(.ARM.Collect$$libinit$$00000015)
    __rt_lib_init_lc_monetary_1              0x0000017f   Thumb Code     0  libinit2.o(.ARM.Collect$$libinit$$00000017)
    __rt_lib_init_lc_numeric_1               0x0000017f   Thumb Code     0  libinit2.o(.ARM.Collect$$libinit$$00000019)
    __rt_lib_init_lc_time_1                  0x0000017f   Thumb Code     0  libinit2.o(.ARM.Collect$$libinit$$0000001B)
    __rt_lib_init_rand_1                     0x0000017f   Thumb Code     0  libinit2.o(.ARM.Collect$$libinit$$00000010)
    __rt_lib_init_signal_1                   0x0000017f   Thumb Code     0  libinit2.o(.ARM.Collect$$libinit$$0000001F)
    __rt_lib_init_stdio_2                    0x0000017f   Thumb Code     0  libinit2.o(.ARM.Collect$$libinit$$00000026)
    __rt_lib_init_user_alloc_1               0x0000017f   Thumb Code     0  libinit2.o(.ARM.Collect$$libinit$$0000000E)
    __rt_lib_init_alloca_1                   0x00000183   Thumb Code     0  libinit2.o(.ARM.Collect$$libinit$$00000030)
    __rt_lib_init_argv_1                     0x00000183   Thumb Code     0  libinit2.o(.ARM.Collect$$libinit$$0000002E)
    __rt_lib_init_cpp_1                      0x00000183   Thumb Code     0  libinit2.o(.ARM.Collect$$libinit$$00000034)
    __rt_lib_init_exceptions_1               0x00000183   Thumb Code     0  libinit2.o(.ARM.Collect$$libinit$$00000032)
    __rt_lib_init_return                     0x00000183   Thumb Code     0  libinit2.o(.ARM.Collect$$libinit$$00000035)
    __rt_lib_init_stdio_1                    0x00000183   Thumb Code     0  libinit2.o(.ARM.Collect$$libinit$$00000027)
    __rt_lib_shutdown                        0x00000185   Thumb Code     0  libshutdown.o(.ARM.Collect$$libshutdown$$00000000)
    __rt_lib_shutdown_cpp_1                  0x00000187   Thumb Code     0  libshutdown2.o(.ARM.Collect$$libshutdown$$00000002)
    __rt_lib_shutdown_stdio_2                0x00000187   Thumb Code     0  libshutdown2.o(.ARM.Collect$$libshutdown$$00000003)
    __rt_lib_shutdown_fp_trap_1              0x0000018b   Thumb Code     0  libshutdown2.o(.ARM.Collect$$libshutdown$$00000007)
    __rt_lib_shutdown_heap_1                 0x0000018b   Thumb Code     0  libshutdown2.o(.ARM.Collect$$libshutdown$$0000000F)
    __rt_lib_shutdown_return                 0x0000018b   Thumb Code     0  libshutdown2.o(.ARM.Collect$$libshutdown$$00000010)
    __rt_lib_shutdown_signal_1               0x0000018b   Thumb Code     0  libshutdown2.o(.ARM.Collect$$libshutdown$$0000000A)
    __rt_lib_shutdown_stdio_1                0x0000018b   Thumb Code     0  libshutdown2.o(.ARM.Collect$$libshutdown$$00000004)
    __rt_lib_shutdown_user_alloc_1           0x0000018b   Thumb Code     0  libshutdown2.o(.ARM.Collect$$libshutdown$$0000000C)
    __rt_entry                               0x0000018d   Thumb Code     0  __rtentry.o(.ARM.Collect$$rtentry$$00000000)
    __rt_entry_presh_1                       0x0000018d   Thumb Code     0  __rtentry2.o(.ARM.Collect$$rtentry$$00000002)
    __rt_entry_sh                            0x0000018d   Thumb Code     0  __rtentry4.o(.ARM.Collect$$rtentry$$00000004)
    __rt_entry_li                            0x00000193   Thumb Code     0  __rtentry2.o(.ARM.Collect$$rtentry$$0000000A)
    __rt_entry_postsh_1                      0x00000193   Thumb Code     0  __rtentry2.o(.ARM.Collect$$rtentry$$00000009)
    __rt_entry_main                          0x00000197   Thumb Code     0  __rtentry2.o(.ARM.Collect$$rtentry$$0000000D)
    __rt_entry_postli_1                      0x00000197   Thumb Code     0  __rtentry2.o(.ARM.Collect$$rtentry$$0000000C)
    __rt_exit                                0x0000019f   Thumb Code     0  rtexit.o(.ARM.Collect$$rtexit$$00000000)
    __rt_exit_ls                             0x000001a1   Thumb Code     0  rtexit2.o(.ARM.Collect$$rtexit$$00000003)
    __rt_exit_prels_1                        0x000001a1   Thumb Code     0  rtexit2.o(.ARM.Collect$$rtexit$$00000002)
    __rt_exit_exit                           0x000001a5   Thumb Code     0  rtexit2.o(.ARM.Collect$$rtexit$$00000004)
    Reset_Handler                            0x000001ad   Thumb Code     4  startup_mspm0g350x_uvision.o(.text)
    NMI_Handler                              0x000001b1   Thumb Code     2  startup_mspm0g350x_uvision.o(.text)
    HardFault_Handler                        0x000001b3   Thumb Code     2  startup_mspm0g350x_uvision.o(.text)
    SVC_Handler                              0x000001b5   Thumb Code     2  startup_mspm0g350x_uvision.o(.text)
    PendSV_Handler                           0x000001b7   Thumb Code     2  startup_mspm0g350x_uvision.o(.text)
    ADC0_IRQHandler                          0x000001bb   Thumb Code     0  startup_mspm0g350x_uvision.o(.text)
    ADC1_IRQHandler                          0x000001bb   Thumb Code     0  startup_mspm0g350x_uvision.o(.text)
    AES_IRQHandler                           0x000001bb   Thumb Code     0  startup_mspm0g350x_uvision.o(.text)
    CANFD0_IRQHandler                        0x000001bb   Thumb Code     0  startup_mspm0g350x_uvision.o(.text)
    DAC0_IRQHandler                          0x000001bb   Thumb Code     0  startup_mspm0g350x_uvision.o(.text)
    DMA_IRQHandler                           0x000001bb   Thumb Code     0  startup_mspm0g350x_uvision.o(.text)
    Default_Handler                          0x000001bb   Thumb Code     2  startup_mspm0g350x_uvision.o(.text)
    GROUP0_IRQHandler                        0x000001bb   Thumb Code     0  startup_mspm0g350x_uvision.o(.text)
    I2C0_IRQHandler                          0x000001bb   Thumb Code     0  startup_mspm0g350x_uvision.o(.text)
    I2C1_IRQHandler                          0x000001bb   Thumb Code     0  startup_mspm0g350x_uvision.o(.text)
    RTC_IRQHandler                           0x000001bb   Thumb Code     0  startup_mspm0g350x_uvision.o(.text)
    SPI0_IRQHandler                          0x000001bb   Thumb Code     0  startup_mspm0g350x_uvision.o(.text)
    SPI1_IRQHandler                          0x000001bb   Thumb Code     0  startup_mspm0g350x_uvision.o(.text)
    TIMA1_IRQHandler                         0x000001bb   Thumb Code     0  startup_mspm0g350x_uvision.o(.text)
    TIMG0_IRQHandler                         0x000001bb   Thumb Code     0  startup_mspm0g350x_uvision.o(.text)
    TIMG12_IRQHandler                        0x000001bb   Thumb Code     0  startup_mspm0g350x_uvision.o(.text)
    TIMG6_IRQHandler                         0x000001bb   Thumb Code     0  startup_mspm0g350x_uvision.o(.text)
    TIMG7_IRQHandler                         0x000001bb   Thumb Code     0  startup_mspm0g350x_uvision.o(.text)
    TIMG8_IRQHandler                         0x000001bb   Thumb Code     0  startup_mspm0g350x_uvision.o(.text)
    UART0_IRQHandler                         0x000001bb   Thumb Code     0  startup_mspm0g350x_uvision.o(.text)
    UART1_IRQHandler                         0x000001bb   Thumb Code     0  startup_mspm0g350x_uvision.o(.text)
    UART2_IRQHandler                         0x000001bb   Thumb Code     0  startup_mspm0g350x_uvision.o(.text)
    UART3_IRQHandler                         0x000001bb   Thumb Code     0  startup_mspm0g350x_uvision.o(.text)
    __user_initial_stackheap                 0x000001bd   Thumb Code    10  startup_mspm0g350x_uvision.o(.text)
    __2sprintf                               0x000001dd   Thumb Code    36  noretval__2sprintf.o(.text)
    __printf                                 0x00000205   Thumb Code   108  __printf.o(.text)
    _printf_int_dec                          0x00000271   Thumb Code    90  _printf_dec.o(.text)
    puts                                     0x000002dd   Thumb Code    38  puts.o(.text)
    _memset_w                                0x00000309   Thumb Code    26  rt_memclr.o(.text)
    _memset                                  0x00000323   Thumb Code    30  rt_memclr.o(.text)
    __aeabi_memclr                           0x00000341   Thumb Code     4  rt_memclr.o(.text)
    __rt_memclr                              0x00000341   Thumb Code     0  rt_memclr.o(.text)
    __aeabi_memclr4                          0x00000345   Thumb Code     0  rt_memclr.o(.text)
    __aeabi_memclr8                          0x00000345   Thumb Code     0  rt_memclr.o(.text)
    __rt_memclr_w                            0x00000345   Thumb Code     4  rt_memclr.o(.text)
    __use_two_region_memory                  0x00000349   Thumb Code     2  heapauxi.o(.text)
    __rt_heap_escrow                         0x0000034b   Thumb Code     2  heapauxi.o(.text)
    __rt_heap_expand                         0x0000034d   Thumb Code     2  heapauxi.o(.text)
    __aeabi_d2f                              0x00000351   Thumb Code     0  d2f.o(.text)
    _d2f                                     0x00000351   Thumb Code   120  d2f.o(.text)
    __aeabi_i2d_normalise                    0x000003cd   Thumb Code    66  dflti.o(.text)
    __aeabi_i2d                              0x0000040f   Thumb Code    16  dflti.o(.text)
    _dflt                                    0x0000040f   Thumb Code     0  dflti.o(.text)
    __aeabi_ui2d                             0x0000041f   Thumb Code     6  dflti.o(.text)
    _dfltu                                   0x0000041f   Thumb Code     0  dflti.o(.text)
    __aeabi_dmul                             0x00000425   Thumb Code     0  dmul.o(.text)
    _dmul                                    0x00000425   Thumb Code   558  dmul.o(.text)
    __aeabi_f2iz                             0x0000066d   Thumb Code     0  ffixi.o(.text)
    _ffix                                    0x0000066d   Thumb Code    76  ffixi.o(.text)
    _printf_int_common                       0x000006b9   Thumb Code   176  _printf_intcommon.o(.text)
    _printf_char_common                      0x00000773   Thumb Code    32  _printf_char_common.o(.text)
    _sputc                                   0x00000799   Thumb Code    10  _sputc.o(.text)
    __rt_udiv10                              0x000007a3   Thumb Code    40  rtudiv10.o(.text)
    __aeabi_errno_addr                       0x000007cd   Thumb Code     8  rt_errno_addr_intlibspace.o(.text)
    __errno$intlibspace                      0x000007cd   Thumb Code     0  rt_errno_addr_intlibspace.o(.text)
    __rt_errno_addr$intlibspace              0x000007cd   Thumb Code     0  rt_errno_addr_intlibspace.o(.text)
    __flsbuf                                 0x000007d5   Thumb Code   490  flsbuf.o(.text)
    __flsbuf_byte                            0x000007d5   Thumb Code     0  flsbuf.o(.text)
    __flsbuf_wide                            0x000007d5   Thumb Code     0  flsbuf.o(.text)
    _initio                                  0x000009c9   Thumb Code   216  initio.o(.text)
    _terminateio                             0x00000aa1   Thumb Code    56  initio.o(.text)
    __fpl_fcmp_InfNaN                        0x00000b05   Thumb Code    96  fcmpin.o(.text)
    _sys_open                                0x00000b69   Thumb Code    20  sys_io.o(.text)
    _sys_close                               0x00000b7d   Thumb Code    12  sys_io.o(.text)
    _sys_write                               0x00000b89   Thumb Code    16  sys_io.o(.text)
    _sys_read                                0x00000b99   Thumb Code    14  sys_io.o(.text)
    _sys_istty                               0x00000ba7   Thumb Code    12  sys_io.o(.text)
    _sys_seek                                0x00000bb3   Thumb Code    14  sys_io.o(.text)
    _sys_ensure                              0x00000bc1   Thumb Code     2  sys_io.o(.text)
    _sys_flen                                0x00000bc3   Thumb Code    12  sys_io.o(.text)
    __user_libspace                          0x00000bd1   Thumb Code     8  libspace.o(.text)
    __user_perproc_libspace                  0x00000bd1   Thumb Code     0  libspace.o(.text)
    __user_perthread_libspace                0x00000bd1   Thumb Code     0  libspace.o(.text)
    __user_setup_stackheap                   0x00000bd9   Thumb Code    62  sys_stackheap_outer.o(.text)
    malloc                                   0x00000c17   Thumb Code    98  h1_alloc.o(.text)
    free                                     0x00000c79   Thumb Code    76  h1_free.o(.text)
    setvbuf                                  0x00000cc5   Thumb Code    72  setvbuf.o(.text)
    _seterr                                  0x00000d11   Thumb Code    20  stdio.o(.text)
    _writebuf                                0x00000d25   Thumb Code    98  stdio.o(.text)
    _fflush                                  0x00000d87   Thumb Code    76  stdio.o(.text)
    _deferredlazyseek                        0x00000dd3   Thumb Code    60  stdio.o(.text)
    freopen                                  0x00000e1d   Thumb Code   154  fopen.o(.text)
    fopen                                    0x00000eb7   Thumb Code    76  fopen.o(.text)
    _fclose_internal                         0x00000f0d   Thumb Code    72  fclose.o(.text)
    fclose                                   0x00000f0d   Thumb Code     0  fclose.o(.text)
    exit                                     0x00000f55   Thumb Code    16  exit.o(.text)
    __rt_SIGRTRED                            0x00000f65   Thumb Code    12  defsig_rtred_outer.o(.text)
    __fpl_cmpreturn                          0x00000f71   Thumb Code    46  cmpret.o(.text)
    __fpl_fcheck_NaN2                        0x00000fa1   Thumb Code    10  fnan2.o(.text)
    __I$use$semihosting                      0x00000fb1   Thumb Code     0  use_no_semi.o(.text)
    __use_no_semihosting_swi                 0x00000fb1   Thumb Code     2  use_no_semi.o(.text)
    __semihosting_library_function           0x00000fb3   Thumb Code     0  indicate_semi.o(.text)
    __rt_heap_descriptor                     0x00000fb5   Thumb Code     8  rt_heap_descriptor_intlibspace.o(.text)
    __use_no_heap                            0x00000fbd   Thumb Code     2  hguard.o(.text)
    __heap$guard                             0x00000fbf   Thumb Code     2  hguard.o(.text)
    _terminate_user_alloc                    0x00000fc1   Thumb Code     2  init_alloc.o(.text)
    _init_user_alloc                         0x00000fc3   Thumb Code     2  init_alloc.o(.text)
    __Heap_Full                              0x00000fc5   Thumb Code    32  init_alloc.o(.text)
    __Heap_Broken                            0x00000fe5   Thumb Code    10  init_alloc.o(.text)
    _init_alloc                              0x00000fef   Thumb Code    90  init_alloc.o(.text)
    __Heap_Initialize                        0x00001049   Thumb Code     8  h1_init.o(.text)
    __Heap_DescSize                          0x00001051   Thumb Code     4  h1_init.o(.text)
    _fseek                                   0x00001055   Thumb Code   240  fseek.o(.text)
    fseek                                    0x00001055   Thumb Code     0  fseek.o(.text)
    __sig_exit                               0x00001149   Thumb Code    12  defsig_exit.o(.text)
    __rt_SIGRTRED_inner                      0x00001155   Thumb Code    14  defsig_rtred_inner.o(.text)
    strlen                                   0x00001189   Thumb Code    62  strlen.o(.text)
    __fpl_return_NaN                         0x000011cd   Thumb Code    94  retnan.o(.text)
    _sys_exit                                0x0000122d   Thumb Code     8  sys_exit.o(.text)
    __Heap_ProvideMemory                     0x00001239   Thumb Code    52  h1_extend.o(.text)
    _maybe_terminate_alloc                   0x00001239   Thumb Code     0  maybetermalloc1.o(.text)
    _ftell_internal                          0x0000126d   Thumb Code    66  ftell.o(.text)
    ftell                                    0x0000126d   Thumb Code     0  ftell.o(.text)
    __default_signal_display                 0x000012af   Thumb Code    52  defsig_general.o(.text)
    __rt_SIGRTMEM                            0x000012e3   Thumb Code    12  defsig_rtmem_outer.o(.text)
    _ttywrch                                 0x000012ef   Thumb Code    12  sys_wrch.o(.text)
    __rt_SIGRTMEM_inner                      0x000012fd   Thumb Code    22  defsig_rtmem_inner.o(.text)
    DL_ADC12_setClockConfig                  0x0000134d   Thumb Code    64  dl_adc12.o(.text.DL_ADC12_setClockConfig)
    DL_Common_delayCycles                    0x0000138d   Thumb Code    10  dl_common.o(.text.DL_Common_delayCycles)
    DL_DMA_initChannel                       0x00001399   Thumb Code    68  dl_dma.o(.text.DL_DMA_initChannel)
    DL_SPI_init                              0x000013dd   Thumb Code    68  dl_spi.o(.text.DL_SPI_init)
    DL_SPI_setClockConfig                    0x00001421   Thumb Code    18  dl_spi.o(.text.DL_SPI_setClockConfig)
    DL_SYSCTL_configSYSPLL                   0x00001435   Thumb Code   196  dl_sysctl_mspm0g1x0x_g3x0x.o(.text.DL_SYSCTL_configSYSPLL)
    DL_SYSCTL_setHFCLKSourceHFXTParams       0x000014f9   Thumb Code    80  dl_sysctl_mspm0g1x0x_g3x0x.o(.text.DL_SYSCTL_setHFCLKSourceHFXTParams)
    DL_SYSCTL_switchMCLKfromSYSOSCtoHSCLK    0x00001549   Thumb Code    40  dl_sysctl_mspm0g1x0x_g3x0x.o(.text.DL_SYSCTL_switchMCLKfromSYSOSCtoHSCLK)
    DL_Timer_initFourCCPWMMode               0x00001571   Thumb Code   264  dl_timer.o(.text.DL_Timer_initFourCCPWMMode)
    DL_Timer_initTimerMode                   0x00001679   Thumb Code   240  dl_timer.o(.text.DL_Timer_initTimerMode)
    DL_Timer_setCaptCompUpdateMethod         0x00001769   Thumb Code    28  dl_timer.o(.text.DL_Timer_setCaptCompUpdateMethod)
    DL_Timer_setCaptureCompareOutCtl         0x00001785   Thumb Code    24  dl_timer.o(.text.DL_Timer_setCaptureCompareOutCtl)
    DL_Timer_setCaptureCompareValue          0x0000179d   Thumb Code    16  dl_timer.o(.text.DL_Timer_setCaptureCompareValue)
    DL_Timer_setClockConfig                  0x000017ad   Thumb Code    28  dl_timer.o(.text.DL_Timer_setClockConfig)
    DL_UART_init                             0x000017c9   Thumb Code    72  dl_uart.o(.text.DL_UART_init)
    DL_UART_setClockConfig                   0x00001811   Thumb Code    18  dl_uart.o(.text.DL_UART_setClockConfig)
    GROUP1_IRQHandler                        0x00001825   Thumb Code    60  hw_encoder.o(.text.GROUP1_IRQHandler)
    I2C_WaitAck                              0x00001871   Thumb Code   128  bsp_gyro.o(.text.I2C_WaitAck)
    Read_Byte                                0x000018f1   Thumb Code   300  bsp_gyro.o(.text.Read_Byte)
    SYSCFG_DL_ADC12_0_init                   0x00001a2d   Thumb Code    80  ti_msp_dl_config.o(.text.SYSCFG_DL_ADC12_0_init)
    SYSCFG_DL_DMA_CH0_init                   0x00001a91   Thumb Code    20  ti_msp_dl_config.o(.text.SYSCFG_DL_DMA_CH0_init)
    SYSCFG_DL_DMA_init                       0x00001ab1   Thumb Code     8  ti_msp_dl_config.o(.text.SYSCFG_DL_DMA_init)
    SYSCFG_DL_GPIO_init                      0x00001ab9   Thumb Code   152  ti_msp_dl_config.o(.text.SYSCFG_DL_GPIO_init)
    SYSCFG_DL_PWM_MOTOR_init                 0x00001b81   Thumb Code   108  ti_msp_dl_config.o(.text.SYSCFG_DL_PWM_MOTOR_init)
    SYSCFG_DL_SPI_LCD_init                   0x00001c01   Thumb Code    52  ti_msp_dl_config.o(.text.SYSCFG_DL_SPI_LCD_init)
    SYSCFG_DL_SYSCTL_init                    0x00001c49   Thumb Code   100  ti_msp_dl_config.o(.text.SYSCFG_DL_SYSCTL_init)
    SYSCFG_DL_SYSTICK_init                   0x00001cbd   Thumb Code    36  ti_msp_dl_config.o(.text.SYSCFG_DL_SYSTICK_init)
    SYSCFG_DL_TIMER_TICK_init                0x00001ced   Thumb Code    56  ti_msp_dl_config.o(.text.SYSCFG_DL_TIMER_TICK_init)
    SYSCFG_DL_UART_0_init                    0x00001d3d   Thumb Code    76  ti_msp_dl_config.o(.text.SYSCFG_DL_UART_0_init)
    SYSCFG_DL_init                           0x00001d9d   Thumb Code    64  ti_msp_dl_config.o(.text.SYSCFG_DL_init)
    SYSCFG_DL_initPower                      0x00001de9   Thumb Code    60  ti_msp_dl_config.o(.text.SYSCFG_DL_initPower)
    Send_Byte                                0x00001e49   Thumb Code   308  bsp_gyro.o(.text.Send_Byte)
    SysTick_Handler                          0x00001f85   Thumb Code    12  delay.o(.text.SysTick_Handler)
    TIMA0_IRQHandler                         0x00001f95   Thumb Code    20  mid_timer.o(.text.TIMA0_IRQHandler)
    encoder_value_up                         0x00001fad   Thumb Code    24  hw_encoder.o(.text.encoder_value_up)
    get_angle                                0x00001fd5   Thumb Code   276  bsp_gyro.o(.text.get_angle)
    jy61pInit                                0x00002109   Thumb Code   156  bsp_gyro.o(.text.jy61pInit)
    main                                     0x000021b1   Thumb Code    68  empty.o(.text.main)
    readDataJy61p                            0x00002205   Thumb Code   328  bsp_gyro.o(.text.readDataJy61p)
    uart0_send_string                        0x0000234d   Thumb Code    52  uart.o(.text.uart0_send_string)
    writeDataJy61p                           0x00002385   Thumb Code   188  bsp_gyro.o(.text.writeDataJy61p)
    __aeabi_fcmpge                           0x00002449   Thumb Code     0  fcmp.o(i._fgeq)
    _fgeq                                    0x00002449   Thumb Code    22  fcmp.o(i._fgeq)
    __aeabi_fcmple                           0x0000245f   Thumb Code     0  fcmp.o(i._fleq)
    _fleq                                    0x0000245f   Thumb Code    26  fcmp.o(i._fleq)
    fputc                                    0x00002479   Thumb Code    32  fputc.o(i.fputc)
    __aeabi_fadd                             0x00002499   Thumb Code     0  faddsub.o(x$fpl$fadd)
    _fadd                                    0x00002499   Thumb Code   134  faddsub.o(x$fpl$fadd)
    _fcmpge                                  0x00002525   Thumb Code    78  fgef.o(x$fpl$fgeqf)
    __aeabi_cfcmple                          0x00002579   Thumb Code     0  flef.o(x$fpl$fleqf)
    _fcmple                                  0x00002579   Thumb Code    78  flef.o(x$fpl$fleqf)
    __aeabi_fsub                             0x000025cd   Thumb Code     0  faddsub.o(x$fpl$fsub)
    _fsub                                    0x000025cd   Thumb Code   204  faddsub.o(x$fpl$fsub)
    __I$use$fp                               0x0000269c   Number         0  usenofp.o(x$fpl$usenofp)
    __stdin_name                             0x0000269c   Data           4  sys_io_names.o(.constdata)
    __stdout_name                            0x000026a0   Data           4  sys_io_names.o(.constdata)
    __stderr_name                            0x000026a4   Data           4  sys_io_names.o(.constdata)
    Region$$Table$$Base                      0x00002730   Number         0  anon$$obj.o(Region$$Table)
    Region$$Table$$Limit                     0x00002750   Number         0  anon$$obj.o(Region$$Table)
    __aeabi_stdin                            0x20200000   Data           4  stdio_streams.o(.data)
    __aeabi_stdout                           0x20200004   Data           4  stdio_streams.o(.data)
    __aeabi_stderr                           0x20200008   Data           4  stdio_streams.o(.data)
    __stdin                                  0x20200010   Data          84  stdio_streams.o(.bss)
    __stdout                                 0x20200064   Data          84  stdio_streams.o(.bss)
    __stderr                                 0x202000b8   Data          84  stdio_streams.o(.bss)
    __libspace_start                         0x2020010c   Data          96  libspace.o(.bss)
    Gyro_Structure                           0x2020016c   Data          12  bsp_gyro.o(.bss.Gyro_Structure)
    __temporary_stack_top$libspace           0x2020016c   Data           0  libspace.o(.bss)
    Tick                                     0x20200178   Data           4  delay.o(.bss.Tick)
    encoder_1_value                          0x2020017c   Data           4  hw_encoder.o(.bss.encoder_1_value)
    encoder_1_value_temp                     0x20200180   Data           4  hw_encoder.o(.bss.encoder_1_value_temp)
    encoder_2_value                          0x20200184   Data           4  hw_encoder.o(.bss.encoder_2_value)
    encoder_2_value_temp                     0x20200188   Data           4  hw_encoder.o(.bss.encoder_2_value_temp)
    gPWM_MOTORBackup                         0x2020018c   Data         188  ti_msp_dl_config.o(.bss.gPWM_MOTORBackup)
    gSPI_LCDBackup                           0x20200248   Data          40  ti_msp_dl_config.o(.bss.gSPI_LCDBackup)
    gTIMER_TICKBackup                        0x20200270   Data         188  ti_msp_dl_config.o(.bss.gTIMER_TICKBackup)



==============================================================================

Memory Map of the image

  Image Entry point : 0x000000c1

  Load Region LR_IROM1 (Base: 0x00000000, Size: 0x00002760, Max: 0x00020000, ABSOLUTE)

    Execution Region ER_IROM1 (Exec base: 0x00000000, Load base: 0x00000000, Size: 0x00002750, Max: 0x00020000, ABSOLUTE)

    Exec Addr    Load Addr    Size         Type   Attr      Idx    E Section Name        Object

    0x00000000   0x00000000   0x000000c0   Data   RO           13    RESET               startup_mspm0g350x_uvision.o
    0x000000c0   0x000000c0   0x00000008   Code   RO          627  * !!!main             c_p.l(__main.o)
    0x000000c8   0x000000c8   0x00000054   Code   RO         1072    !!!scatter          c_p.l(__scatter.o)
    0x0000011c   0x0000011c   0x00000004   PAD
    0x00000120   0x00000120   0x0000001a   Code   RO         1076    !!handler_copy      c_p.l(__scatter_copy.o)
    0x0000013a   0x0000013a   0x00000006   PAD
    0x00000140   0x00000140   0x00000002   Code   RO         1073    !!handler_null      c_p.l(__scatter.o)
    0x00000142   0x00000142   0x00000006   PAD
    0x00000148   0x00000148   0x0000001c   Code   RO         1078    !!handler_zi        c_p.l(__scatter_zi.o)
    0x00000164   0x00000164   0x00000002   Code   RO          608    .ARM.Collect$$_printf_percent$$00000000  c_p.l(_printf_percent.o)
    0x00000166   0x00000166   0x0000000a   Code   RO          607    .ARM.Collect$$_printf_percent$$00000009  c_p.l(_printf_d.o)
    0x00000170   0x00000170   0x00000004   Code   RO          695    .ARM.Collect$$_printf_percent$$00000017  c_p.l(_printf_percent_end.o)
    0x00000174   0x00000174   0x00000002   Code   RO          874    .ARM.Collect$$libinit$$00000000  c_p.l(libinit.o)
    0x00000176   0x00000176   0x00000000   Code   RO          876    .ARM.Collect$$libinit$$00000002  c_p.l(libinit2.o)
    0x00000176   0x00000176   0x00000000   Code   RO          878    .ARM.Collect$$libinit$$00000004  c_p.l(libinit2.o)
    0x00000176   0x00000176   0x00000000   Code   RO          880    .ARM.Collect$$libinit$$00000006  c_p.l(libinit2.o)
    0x00000176   0x00000176   0x00000008   Code   RO          881    .ARM.Collect$$libinit$$00000007  c_p.l(libinit2.o)
    0x0000017e   0x0000017e   0x00000000   Code   RO          883    .ARM.Collect$$libinit$$0000000C  c_p.l(libinit2.o)
    0x0000017e   0x0000017e   0x00000000   Code   RO          885    .ARM.Collect$$libinit$$0000000E  c_p.l(libinit2.o)
    0x0000017e   0x0000017e   0x00000000   Code   RO          887    .ARM.Collect$$libinit$$00000010  c_p.l(libinit2.o)
    0x0000017e   0x0000017e   0x00000000   Code   RO          890    .ARM.Collect$$libinit$$00000013  c_p.l(libinit2.o)
    0x0000017e   0x0000017e   0x00000000   Code   RO          892    .ARM.Collect$$libinit$$00000015  c_p.l(libinit2.o)
    0x0000017e   0x0000017e   0x00000000   Code   RO          894    .ARM.Collect$$libinit$$00000017  c_p.l(libinit2.o)
    0x0000017e   0x0000017e   0x00000000   Code   RO          896    .ARM.Collect$$libinit$$00000019  c_p.l(libinit2.o)
    0x0000017e   0x0000017e   0x00000000   Code   RO          898    .ARM.Collect$$libinit$$0000001B  c_p.l(libinit2.o)
    0x0000017e   0x0000017e   0x00000000   Code   RO          900    .ARM.Collect$$libinit$$0000001D  c_p.l(libinit2.o)
    0x0000017e   0x0000017e   0x00000000   Code   RO          902    .ARM.Collect$$libinit$$0000001F  c_p.l(libinit2.o)
    0x0000017e   0x0000017e   0x00000000   Code   RO          904    .ARM.Collect$$libinit$$00000021  c_p.l(libinit2.o)
    0x0000017e   0x0000017e   0x00000000   Code   RO          906    .ARM.Collect$$libinit$$00000023  c_p.l(libinit2.o)
    0x0000017e   0x0000017e   0x00000000   Code   RO          908    .ARM.Collect$$libinit$$00000025  c_p.l(libinit2.o)
    0x0000017e   0x0000017e   0x00000004   Code   RO          909    .ARM.Collect$$libinit$$00000026  c_p.l(libinit2.o)
    0x00000182   0x00000182   0x00000000   Code   RO          910    .ARM.Collect$$libinit$$00000027  c_p.l(libinit2.o)
    0x00000182   0x00000182   0x00000000   Code   RO          914    .ARM.Collect$$libinit$$0000002E  c_p.l(libinit2.o)
    0x00000182   0x00000182   0x00000000   Code   RO          916    .ARM.Collect$$libinit$$00000030  c_p.l(libinit2.o)
    0x00000182   0x00000182   0x00000000   Code   RO          918    .ARM.Collect$$libinit$$00000032  c_p.l(libinit2.o)
    0x00000182   0x00000182   0x00000000   Code   RO          920    .ARM.Collect$$libinit$$00000034  c_p.l(libinit2.o)
    0x00000182   0x00000182   0x00000002   Code   RO          921    .ARM.Collect$$libinit$$00000035  c_p.l(libinit2.o)
    0x00000184   0x00000184   0x00000002   Code   RO         1053    .ARM.Collect$$libshutdown$$00000000  c_p.l(libshutdown.o)
    0x00000186   0x00000186   0x00000000   Code   RO          923    .ARM.Collect$$libshutdown$$00000002  c_p.l(libshutdown2.o)
    0x00000186   0x00000186   0x00000004   Code   RO          924    .ARM.Collect$$libshutdown$$00000003  c_p.l(libshutdown2.o)
    0x0000018a   0x0000018a   0x00000000   Code   RO          925    .ARM.Collect$$libshutdown$$00000004  c_p.l(libshutdown2.o)
    0x0000018a   0x0000018a   0x00000000   Code   RO          928    .ARM.Collect$$libshutdown$$00000007  c_p.l(libshutdown2.o)
    0x0000018a   0x0000018a   0x00000000   Code   RO          931    .ARM.Collect$$libshutdown$$0000000A  c_p.l(libshutdown2.o)
    0x0000018a   0x0000018a   0x00000000   Code   RO          933    .ARM.Collect$$libshutdown$$0000000C  c_p.l(libshutdown2.o)
    0x0000018a   0x0000018a   0x00000000   Code   RO          936    .ARM.Collect$$libshutdown$$0000000F  c_p.l(libshutdown2.o)
    0x0000018a   0x0000018a   0x00000002   Code   RO          937    .ARM.Collect$$libshutdown$$00000010  c_p.l(libshutdown2.o)
    0x0000018c   0x0000018c   0x00000000   Code   RO          682    .ARM.Collect$$rtentry$$00000000  c_p.l(__rtentry.o)
    0x0000018c   0x0000018c   0x00000000   Code   RO          726    .ARM.Collect$$rtentry$$00000002  c_p.l(__rtentry2.o)
    0x0000018c   0x0000018c   0x00000006   Code   RO          738    .ARM.Collect$$rtentry$$00000004  c_p.l(__rtentry4.o)
    0x00000192   0x00000192   0x00000000   Code   RO          728    .ARM.Collect$$rtentry$$00000009  c_p.l(__rtentry2.o)
    0x00000192   0x00000192   0x00000004   Code   RO          729    .ARM.Collect$$rtentry$$0000000A  c_p.l(__rtentry2.o)
    0x00000196   0x00000196   0x00000000   Code   RO          731    .ARM.Collect$$rtentry$$0000000C  c_p.l(__rtentry2.o)
    0x00000196   0x00000196   0x00000008   Code   RO          732    .ARM.Collect$$rtentry$$0000000D  c_p.l(__rtentry2.o)
    0x0000019e   0x0000019e   0x00000002   Code   RO          948    .ARM.Collect$$rtexit$$00000000  c_p.l(rtexit.o)
    0x000001a0   0x000001a0   0x00000000   Code   RO         1010    .ARM.Collect$$rtexit$$00000002  c_p.l(rtexit2.o)
    0x000001a0   0x000001a0   0x00000004   Code   RO         1011    .ARM.Collect$$rtexit$$00000003  c_p.l(rtexit2.o)
    0x000001a4   0x000001a4   0x00000006   Code   RO         1012    .ARM.Collect$$rtexit$$00000004  c_p.l(rtexit2.o)
    0x000001aa   0x000001aa   0x00000002   PAD
    0x000001ac   0x000001ac   0x00000030   Code   RO           14    .text               startup_mspm0g350x_uvision.o
    0x000001dc   0x000001dc   0x00000028   Code   RO          581    .text               c_p.l(noretval__2sprintf.o)
    0x00000204   0x00000204   0x0000006c   Code   RO          583    .text               c_p.l(__printf.o)
    0x00000270   0x00000270   0x0000006c   Code   RO          585    .text               c_p.l(_printf_dec.o)
    0x000002dc   0x000002dc   0x0000002c   Code   RO          609    .text               c_p.l(puts.o)
    0x00000308   0x00000308   0x00000040   Code   RO          615    .text               c_p.l(rt_memclr.o)
    0x00000348   0x00000348   0x00000006   Code   RO          625    .text               c_p.l(heapauxi.o)
    0x0000034e   0x0000034e   0x00000002   PAD
    0x00000350   0x00000350   0x0000007c   Code   RO          629    .text               fz_ps.l(d2f.o)
    0x000003cc   0x000003cc   0x00000058   Code   RO          650    .text               fz_ps.l(dflti.o)
    0x00000424   0x00000424   0x00000248   Code   RO          652    .text               fz_ps.l(dmul.o)
    0x0000066c   0x0000066c   0x0000004c   Code   RO          672    .text               fz_ps.l(ffixi.o)
    0x000006b8   0x000006b8   0x000000b0   Code   RO          689    .text               c_p.l(_printf_intcommon.o)
    0x00000768   0x00000768   0x00000030   Code   RO          691    .text               c_p.l(_printf_char_common.o)
    0x00000798   0x00000798   0x0000000a   Code   RO          693    .text               c_p.l(_sputc.o)
    0x000007a2   0x000007a2   0x00000028   Code   RO          708    .text               c_p.l(rtudiv10.o)
    0x000007ca   0x000007ca   0x00000002   PAD
    0x000007cc   0x000007cc   0x00000008   Code   RO          745    .text               c_p.l(rt_errno_addr_intlibspace.o)
    0x000007d4   0x000007d4   0x000001f4   Code   RO          749    .text               c_p.l(flsbuf.o)
    0x000009c8   0x000009c8   0x0000013c   Code   RO          751    .text               c_p.l(initio.o)
    0x00000b04   0x00000b04   0x00000064   Code   RO          759    .text               fz_ps.l(fcmpin.o)
    0x00000b68   0x00000b68   0x00000066   Code   RO          761    .text               c_p.l(sys_io.o)
    0x00000bce   0x00000bce   0x00000002   PAD
    0x00000bd0   0x00000bd0   0x00000008   Code   RO          768    .text               c_p.l(libspace.o)
    0x00000bd8   0x00000bd8   0x0000003e   Code   RO          773    .text               c_p.l(sys_stackheap_outer.o)
    0x00000c16   0x00000c16   0x00000062   Code   RO          780    .text               c_p.l(h1_alloc.o)
    0x00000c78   0x00000c78   0x0000004c   Code   RO          782    .text               c_p.l(h1_free.o)
    0x00000cc4   0x00000cc4   0x0000004c   Code   RO          838    .text               c_p.l(setvbuf.o)
    0x00000d10   0x00000d10   0x0000010c   Code   RO          840    .text               c_p.l(stdio.o)
    0x00000e1c   0x00000e1c   0x000000f0   Code   RO          845    .text               c_p.l(fopen.o)
    0x00000f0c   0x00000f0c   0x00000048   Code   RO          847    .text               c_p.l(fclose.o)
    0x00000f54   0x00000f54   0x00000010   Code   RO          857    .text               c_p.l(exit.o)
    0x00000f64   0x00000f64   0x0000000c   Code   RO          863    .text               c_p.l(defsig_rtred_outer.o)
    0x00000f70   0x00000f70   0x0000002e   Code   RO          938    .text               fz_ps.l(cmpret.o)
    0x00000f9e   0x00000f9e   0x00000002   PAD
    0x00000fa0   0x00000fa0   0x00000010   Code   RO          942    .text               fz_ps.l(fnan2.o)
    0x00000fb0   0x00000fb0   0x00000002   Code   RO          944    .text               c_p.l(use_no_semi.o)
    0x00000fb2   0x00000fb2   0x00000000   Code   RO          946    .text               c_p.l(indicate_semi.o)
    0x00000fb2   0x00000fb2   0x00000002   PAD
    0x00000fb4   0x00000fb4   0x00000008   Code   RO          955    .text               c_p.l(rt_heap_descriptor_intlibspace.o)
    0x00000fbc   0x00000fbc   0x00000004   Code   RO          957    .text               c_p.l(hguard.o)
    0x00000fc0   0x00000fc0   0x00000088   Code   RO          959    .text               c_p.l(init_alloc.o)
    0x00001048   0x00001048   0x0000000c   Code   RO          963    .text               c_p.l(h1_init.o)
    0x00001054   0x00001054   0x000000f4   Code   RO          979    .text               c_p.l(fseek.o)
    0x00001148   0x00001148   0x0000000c   Code   RO          985    .text               c_p.l(defsig_exit.o)
    0x00001154   0x00001154   0x00000034   Code   RO          989    .text               c_p.l(defsig_rtred_inner.o)
    0x00001188   0x00001188   0x00000044   Code   RO          991    .text               c_p.l(strlen.o)
    0x000011cc   0x000011cc   0x0000005e   Code   RO          999    .text               fz_ps.l(retnan.o)
    0x0000122a   0x0000122a   0x00000002   PAD
    0x0000122c   0x0000122c   0x0000000c   Code   RO         1003    .text               c_p.l(sys_exit.o)
    0x00001238   0x00001238   0x00000000   Code   RO         1018    .text               c_p.l(maybetermalloc1.o)
    0x00001238   0x00001238   0x00000034   Code   RO         1020    .text               c_p.l(h1_extend.o)
    0x0000126c   0x0000126c   0x00000042   Code   RO         1024    .text               c_p.l(ftell.o)
    0x000012ae   0x000012ae   0x00000034   Code   RO         1028    .text               c_p.l(defsig_general.o)
    0x000012e2   0x000012e2   0x0000000c   Code   RO         1030    .text               c_p.l(defsig_rtmem_outer.o)
    0x000012ee   0x000012ee   0x0000000c   Code   RO         1041    .text               c_p.l(sys_wrch.o)
    0x000012fa   0x000012fa   0x00000002   PAD
    0x000012fc   0x000012fc   0x00000050   Code   RO         1047    .text               c_p.l(defsig_rtmem_inner.o)
    0x0000134c   0x0000134c   0x00000040   Code   RO          292    .text.DL_ADC12_setClockConfig  driverlib.a(dl_adc12.o)
    0x0000138c   0x0000138c   0x0000000a   Code   RO          304    .text.DL_Common_delayCycles  driverlib.a(dl_common.o)
    0x00001396   0x00001396   0x00000002   PAD
    0x00001398   0x00001398   0x00000044   Code   RO          313    .text.DL_DMA_initChannel  driverlib.a(dl_dma.o)
    0x000013dc   0x000013dc   0x00000044   Code   RO          355    .text.DL_SPI_init   driverlib.a(dl_spi.o)
    0x00001420   0x00001420   0x00000012   Code   RO          357    .text.DL_SPI_setClockConfig  driverlib.a(dl_spi.o)
    0x00001432   0x00001432   0x00000002   PAD
    0x00001434   0x00001434   0x000000c4   Code   RO          546    .text.DL_SYSCTL_configSYSPLL  driverlib.a(dl_sysctl_mspm0g1x0x_g3x0x.o)
    0x000014f8   0x000014f8   0x00000050   Code   RO          560    .text.DL_SYSCTL_setHFCLKSourceHFXTParams  driverlib.a(dl_sysctl_mspm0g1x0x_g3x0x.o)
    0x00001548   0x00001548   0x00000028   Code   RO          554    .text.DL_SYSCTL_switchMCLKfromSYSOSCtoHSCLK  driverlib.a(dl_sysctl_mspm0g1x0x_g3x0x.o)
    0x00001570   0x00001570   0x00000108   Code   RO          485    .text.DL_Timer_initFourCCPWMMode  driverlib.a(dl_timer.o)
    0x00001678   0x00001678   0x000000f0   Code   RO          413    .text.DL_Timer_initTimerMode  driverlib.a(dl_timer.o)
    0x00001768   0x00001768   0x0000001c   Code   RO          455    .text.DL_Timer_setCaptCompUpdateMethod  driverlib.a(dl_timer.o)
    0x00001784   0x00001784   0x00000018   Code   RO          459    .text.DL_Timer_setCaptureCompareOutCtl  driverlib.a(dl_timer.o)
    0x0000179c   0x0000179c   0x00000010   Code   RO          415    .text.DL_Timer_setCaptureCompareValue  driverlib.a(dl_timer.o)
    0x000017ac   0x000017ac   0x0000001c   Code   RO          409    .text.DL_Timer_setClockConfig  driverlib.a(dl_timer.o)
    0x000017c8   0x000017c8   0x00000048   Code   RO          506    .text.DL_UART_init  driverlib.a(dl_uart.o)
    0x00001810   0x00001810   0x00000012   Code   RO          508    .text.DL_UART_setClockConfig  driverlib.a(dl_uart.o)
    0x00001822   0x00001822   0x00000002   PAD
    0x00001824   0x00001824   0x0000004c   Code   RO          157    .text.GROUP1_IRQHandler  hw_encoder.o
    0x00001870   0x00001870   0x00000080   Code   RO          218    .text.I2C_WaitAck   bsp_gyro.o
    0x000018f0   0x000018f0   0x0000013c   Code   RO          222    .text.Read_Byte     bsp_gyro.o
    0x00001a2c   0x00001a2c   0x00000064   Code   RO           37    .text.SYSCFG_DL_ADC12_0_init  ti_msp_dl_config.o
    0x00001a90   0x00001a90   0x00000020   Code   RO           47    .text.SYSCFG_DL_DMA_CH0_init  ti_msp_dl_config.o
    0x00001ab0   0x00001ab0   0x00000008   Code   RO           39    .text.SYSCFG_DL_DMA_init  ti_msp_dl_config.o
    0x00001ab8   0x00001ab8   0x000000c8   Code   RO           25    .text.SYSCFG_DL_GPIO_init  ti_msp_dl_config.o
    0x00001b80   0x00001b80   0x00000080   Code   RO           29    .text.SYSCFG_DL_PWM_MOTOR_init  ti_msp_dl_config.o
    0x00001c00   0x00001c00   0x00000048   Code   RO           35    .text.SYSCFG_DL_SPI_LCD_init  ti_msp_dl_config.o
    0x00001c48   0x00001c48   0x00000074   Code   RO           27    .text.SYSCFG_DL_SYSCTL_init  ti_msp_dl_config.o
    0x00001cbc   0x00001cbc   0x00000030   Code   RO           41    .text.SYSCFG_DL_SYSTICK_init  ti_msp_dl_config.o
    0x00001cec   0x00001cec   0x00000050   Code   RO           31    .text.SYSCFG_DL_TIMER_TICK_init  ti_msp_dl_config.o
    0x00001d3c   0x00001d3c   0x00000060   Code   RO           33    .text.SYSCFG_DL_UART_0_init  ti_msp_dl_config.o
    0x00001d9c   0x00001d9c   0x0000004c   Code   RO           21    .text.SYSCFG_DL_init  ti_msp_dl_config.o
    0x00001de8   0x00001de8   0x00000060   Code   RO           23    .text.SYSCFG_DL_initPower  ti_msp_dl_config.o
    0x00001e48   0x00001e48   0x0000013c   Code   RO          220    .text.Send_Byte     bsp_gyro.o
    0x00001f84   0x00001f84   0x00000010   Code   RO          247    .text.SysTick_Handler  delay.o
    0x00001f94   0x00001f94   0x00000018   Code   RO          199    .text.TIMA0_IRQHandler  mid_timer.o
    0x00001fac   0x00001fac   0x00000028   Code   RO          151    .text.encoder_value_up  hw_encoder.o
    0x00001fd4   0x00001fd4   0x00000134   Code   RO          226    .text.get_angle     bsp_gyro.o
    0x00002108   0x00002108   0x000000a8   Code   RO          208    .text.jy61pInit     bsp_gyro.o
    0x000021b0   0x000021b0   0x00000054   Code   RO            2    .text.main          empty.o
    0x00002204   0x00002204   0x00000148   Code   RO          224    .text.readDataJy61p  bsp_gyro.o
    0x0000234c   0x0000234c   0x00000038   Code   RO          282    .text.uart0_send_string  uart.o
    0x00002384   0x00002384   0x000000c4   Code   RO          210    .text.writeDataJy61p  bsp_gyro.o
    0x00002448   0x00002448   0x00000016   Code   RO          661    i._fgeq             fz_ps.l(fcmp.o)
    0x0000245e   0x0000245e   0x0000001a   Code   RO          663    i._fleq             fz_ps.l(fcmp.o)
    0x00002478   0x00002478   0x00000020   Code   RO          697    i.fputc             c_p.l(fputc.o)
    0x00002498   0x00002498   0x0000008c   Code   RO          654    x$fpl$fadd          fz_ps.l(faddsub.o)
    0x00002524   0x00002524   0x00000054   Code   RO          720    x$fpl$fgeqf         fz_ps.l(fgef.o)
    0x00002578   0x00002578   0x00000054   Code   RO          722    x$fpl$fleqf         fz_ps.l(flef.o)
    0x000025cc   0x000025cc   0x000000d0   Code   RO          656    x$fpl$fsub          fz_ps.l(faddsub.o)
    0x0000269c   0x0000269c   0x00000000   Code   RO          724    x$fpl$usenofp       fz_ps.l(usenofp.o)
    0x0000269c   0x0000269c   0x00000004   Data   RO          763    .constdata          c_p.l(sys_io_names.o)
    0x000026a0   0x000026a0   0x00000004   Data   RO          764    .constdata          c_p.l(sys_io_names.o)
    0x000026a4   0x000026a4   0x00000004   Data   RO          765    .constdata          c_p.l(sys_io_names.o)
    0x000026a8   0x000026a8   0x00000008   Data   RO           61    .rodata.gADC12_0ClockConfig  ti_msp_dl_config.o
    0x000026b0   0x000026b0   0x00000018   Data   RO           62    .rodata.gDMA_CH0Config  ti_msp_dl_config.o
    0x000026c8   0x000026c8   0x00000003   Data   RO           53    .rodata.gPWM_MOTORClockConfig  ti_msp_dl_config.o
    0x000026cb   0x000026cb   0x00000001   PAD
    0x000026cc   0x000026cc   0x00000008   Data   RO           54    .rodata.gPWM_MOTORConfig  ti_msp_dl_config.o
    0x000026d4   0x000026d4   0x00000002   Data   RO           59    .rodata.gSPI_LCD_clockConfig  ti_msp_dl_config.o
    0x000026d6   0x000026d6   0x0000000a   Data   RO           60    .rodata.gSPI_LCD_config  ti_msp_dl_config.o
    0x000026e0   0x000026e0   0x00000028   Data   RO           52    .rodata.gSYSPLLConfig  ti_msp_dl_config.o
    0x00002708   0x00002708   0x00000003   Data   RO           55    .rodata.gTIMER_TICKClockConfig  ti_msp_dl_config.o
    0x0000270b   0x0000270b   0x00000001   PAD
    0x0000270c   0x0000270c   0x00000014   Data   RO           56    .rodata.gTIMER_TICKTimerConfig  ti_msp_dl_config.o
    0x00002720   0x00002720   0x00000002   Data   RO           57    .rodata.gUART_0ClockConfig  ti_msp_dl_config.o
    0x00002722   0x00002722   0x0000000a   Data   RO           58    .rodata.gUART_0Config  ti_msp_dl_config.o
    0x0000272c   0x0000272c   0x00000004   PAD
    0x00002730   0x00002730   0x00000020   Data   RO         1071    Region$$Table       anon$$obj.o


    Execution Region RW_IRAM2 (Exec base: 0x20200000, Load base: 0x00002750, Size: 0x00002330, Max: 0x00008000, ABSOLUTE)

    Exec Addr    Load Addr    Size         Type   Attr      Idx    E Section Name        Object

    0x20200000   0x00002750   0x00000004   Data   RW          703    .data               c_p.l(stdio_streams.o)
    0x20200004   0x00002754   0x00000004   Data   RW          704    .data               c_p.l(stdio_streams.o)
    0x20200008   0x00002758   0x00000004   Data   RW          705    .data               c_p.l(stdio_streams.o)
    0x2020000c   0x0000275c   0x00000004   PAD
    0x20200010        -       0x00000054   Zero   RW          700    .bss                c_p.l(stdio_streams.o)
    0x20200064        -       0x00000054   Zero   RW          701    .bss                c_p.l(stdio_streams.o)
    0x202000b8        -       0x00000054   Zero   RW          702    .bss                c_p.l(stdio_streams.o)
    0x2020010c        -       0x00000060   Zero   RW          769    .bss                c_p.l(libspace.o)
    0x2020016c        -       0x0000000c   Zero   RW          228    .bss.Gyro_Structure  bsp_gyro.o
    0x20200178        -       0x00000004   Zero   RW          255    .bss.Tick           delay.o
    0x2020017c        -       0x00000004   Zero   RW          160    .bss.encoder_1_value  hw_encoder.o
    0x20200180        -       0x00000004   Zero   RW          159    .bss.encoder_1_value_temp  hw_encoder.o
    0x20200184        -       0x00000004   Zero   RW          162    .bss.encoder_2_value  hw_encoder.o
    0x20200188        -       0x00000004   Zero   RW          161    .bss.encoder_2_value_temp  hw_encoder.o
    0x2020018c        -       0x000000bc   Zero   RW           49    .bss.gPWM_MOTORBackup  ti_msp_dl_config.o
    0x20200248        -       0x00000028   Zero   RW           51    .bss.gSPI_LCDBackup  ti_msp_dl_config.o
    0x20200270        -       0x000000bc   Zero   RW           50    .bss.gTIMER_TICKBackup  ti_msp_dl_config.o
    0x2020032c   0x0000275c   0x00000004   PAD
    0x20200330        -       0x00001000   Zero   RW           12    HEAP                startup_mspm0g350x_uvision.o
    0x20201330        -       0x00001000   Zero   RW           11    STACK               startup_mspm0g350x_uvision.o



  Load Region LR_BCR (Base: 0x41c00000, Size: 0x00000000, Max: 0x00000100, ABSOLUTE)

    Execution Region BCR_CONFIG (Exec base: 0x41c00000, Load base: 0x41c00000, Size: 0x00000000, Max: 0x00000080, ABSOLUTE)

    **** No section assigned to this execution region ****



  Load Region LR_BSL (Base: 0x41c00100, Size: 0x00000000, Max: 0x00000100, ABSOLUTE)

    Execution Region BSL_CONFIG (Exec base: 0x41c00100, Load base: 0x41c00100, Size: 0x00000000, Max: 0x00000080, ABSOLUTE)

    **** No section assigned to this execution region ****


==============================================================================

Image component sizes


      Code (inc. data)   RO Data    RW Data    ZI Data      Debug   Object Name

      1760         76          0          0         12      16194   bsp_gyro.o
        16          4          0          0          4       1199   delay.o
        84         16          0          0          0        667   empty.o
       116         32          0          0         16       5811   hw_encoder.o
        24          4          0          0          0       5236   mid_timer.o
        48         22        192          0       8192        652   startup_mspm0g350x_uvision.o
      1052        240        130          0        416      42653   ti_msp_dl_config.o
        56          4          0          0          0       3356   uart.o

    ----------------------------------------------------------------------
      3156        398        360          0       8644      75768   Object Totals
         0          0         32          0          0          0   (incl. Generated)
         0          0          6          0          4          0   (incl. Padding)

    ----------------------------------------------------------------------

      Code (inc. data)   RO Data    RW Data    ZI Data      Debug   Library Member Name

         8          0          0          0          0         68   __main.o
       108          0          0          0          0         76   __printf.o
         0          0          0          0          0          0   __rtentry.o
        12          0          0          0          0          0   __rtentry2.o
         6          0          0          0          0          0   __rtentry4.o
        86         10          0          0          0          0   __scatter.o
        26          0          0          0          0          0   __scatter_copy.o
        28          0          0          0          0          0   __scatter_zi.o
        48          6          0          0          0         88   _printf_char_common.o
        10          0          0          0          0          0   _printf_d.o
       108         18          0          0          0         76   _printf_dec.o
       176          0          0          0          0         84   _printf_intcommon.o
         2          0          0          0          0          0   _printf_percent.o
         4          0          0          0          0          0   _printf_percent_end.o
        10          0          0          0          0         60   _sputc.o
        12          0          0          0          0         68   defsig_exit.o
        52          0          0          0          0         72   defsig_general.o
        80         58          0          0          0         68   defsig_rtmem_inner.o
        12          0          0          0          0         68   defsig_rtmem_outer.o
        52         38          0          0          0         68   defsig_rtred_inner.o
        12          0          0          0          0         68   defsig_rtred_outer.o
        16          0          0          0          0         68   exit.o
        72          0          0          0          0         76   fclose.o
       500         10          0          0          0         76   flsbuf.o
       240         10          0          0          0        108   fopen.o
        32          0          0          0          0         68   fputc.o
       244          4          0          0          0         76   fseek.o
        66          0          0          0          0         68   ftell.o
        98          0          0          0          0         72   h1_alloc.o
        52          0          0          0          0         68   h1_extend.o
        76          0          0          0          0         72   h1_free.o
        12          0          0          0          0         76   h1_init.o
         6          0          0          0          0        136   heapauxi.o
         4          0          0          0          0        120   hguard.o
         0          0          0          0          0          0   indicate_semi.o
       136          0          0          0          0        160   init_alloc.o
       316         44          0          0          0         96   initio.o
         2          0          0          0          0          0   libinit.o
        14          0          0          0          0          0   libinit2.o
         2          0          0          0          0          0   libshutdown.o
         6          0          0          0          0          0   libshutdown2.o
         8          4          0          0         96         68   libspace.o
         0          0          0          0          0          0   maybetermalloc1.o
        40          4          0          0          0         84   noretval__2sprintf.o
        44          6          0          0          0         68   puts.o
         8          4          0          0          0         68   rt_errno_addr_intlibspace.o
         8          4          0          0          0         68   rt_heap_descriptor_intlibspace.o
        64          0          0          0          0        108   rt_memclr.o
         2          0          0          0          0          0   rtexit.o
        10          0          0          0          0          0   rtexit2.o
        40          0          0          0          0         60   rtudiv10.o
        76          4          0          0          0         72   setvbuf.o
       268         14          0          0          0        152   stdio.o
         0          0          0         12        252          0   stdio_streams.o
        68          6          0          0          0         72   strlen.o
        12          4          0          0          0         60   sys_exit.o
       102          0          0          0          0        232   sys_io.o
         0          0         12          0          0          0   sys_io_names.o
        62          0          0          0          0         80   sys_stackheap_outer.o
        12          0          0          0          0         68   sys_wrch.o
         2          0          0          0          0         68   use_no_semi.o
        64          8          0          0          0       4702   dl_adc12.o
        10          0          0          0          0        803   dl_common.o
        68          4          0          0          0       4505   dl_dma.o
        86          8          0          0          0      13463   dl_spi.o
       316         28          0          0          0      18491   dl_sysctl_mspm0g1x0x_g3x0x.o
       600        192          0          0          0      39888   dl_timer.o
        90          8          0          0          0      14128   dl_uart.o
        46          0          0          0          0         60   cmpret.o
       124          4          0          0          0         72   d2f.o
        88          0          0          0          0         92   dflti.o
       584         26          0          0          0         84   dmul.o
       348          8          0          0          0        160   faddsub.o
        48          0          0          0          0        136   fcmp.o
       100          4          0          0          0         68   fcmpin.o
        76          0          0          0          0         68   ffixi.o
        84          4          0          0          0         76   fgef.o
        84          4          0          0          0         76   flef.o
        16          6          0          0          0         68   fnan2.o
        94          0          0          0          0         68   retnan.o
         0          0          0          0          0          0   usenofp.o

    ----------------------------------------------------------------------
      6536        556         12         12        352     100540   Library Totals
        38          4          0          0          4          0   (incl. Padding)

    ----------------------------------------------------------------------

      Code (inc. data)   RO Data    RW Data    ZI Data      Debug   Library Name

      3572        248         12         12        348       3532   c_p.l
      1234        248          0          0          0      95980   driverlib.a
      1692         56          0          0          0       1028   fz_ps.l

    ----------------------------------------------------------------------
      6536        556         12         12        352     100540   Library Totals

    ----------------------------------------------------------------------

==============================================================================


      Code (inc. data)   RO Data    RW Data    ZI Data      Debug   

      9692        954        372         12       8996     173776   Grand Totals
      9692        954        372         12       8996     173776   ELF Image Totals
      9692        954        372         12          0          0   ROM Totals

==============================================================================

    Total RO  Size (Code + RO Data)                10064 (   9.83kB)
    Total RW  Size (RW Data + ZI Data)              9008 (   8.80kB)
    Total ROM Size (Code + RO Data + RW Data)      10076 (   9.84kB)

==============================================================================

