Component: Arm Compiler for Embedded 6.21 Tool: armlink [5ec1fa00]

==============================================================================

Section Cross References

    empty.o(.text.main) refers to ti_msp_dl_config.o(.text.SYSCFG_DL_init) for SYSCFG_DL_init
    empty.o(.text.main) refers to bsp_gyro.o(.text.jy61pInit) for jy61pInit
    empty.o(.text.main) refers to hw_lcd.o(.text.lcd_init) for lcd_init
    empty.o(.text.main) refers to hw_lcd.o(.text.LCD_Fill) for LCD_Fill
    empty.o(.text.main) refers to mid_timer.o(.text.timer_init) for timer_init
    empty.o(.text.main) refers to no_mcu_ganv_grayscale_sensor.o(.text.No_MCU_Ganv_Sensor_Init) for No_MCU_Ganv_Sensor_Init
    empty.o(.text.main) refers to delay.o(.text.Tick_delay) for Tick_delay
    empty.o(.text.main) refers to sensor_deal.o(.bss.sensor) for sensor
    empty.o(.text.main) refers to sensor_deal.o(.data.white) for white
    empty.o(.text.main) refers to sensor_deal.o(.data.black) for black
    empty.o(.text.main) refers to adc.o(.bss.ADC_VALUE) for ADC_VALUE
    empty.o(.ARM.exidx.text.main) refers to empty.o(.text.main) for [Anonymous Symbol]
    startup_mspm0g350x_uvision.o(STACK) refers (Special) to heapauxi.o(.text) for __use_two_region_memory
    startup_mspm0g350x_uvision.o(HEAP) refers (Special) to heapauxi.o(.text) for __use_two_region_memory
    startup_mspm0g350x_uvision.o(RESET) refers (Special) to heapauxi.o(.text) for __use_two_region_memory
    startup_mspm0g350x_uvision.o(RESET) refers to startup_mspm0g350x_uvision.o(STACK) for __initial_sp
    startup_mspm0g350x_uvision.o(RESET) refers to startup_mspm0g350x_uvision.o(.text) for Reset_Handler
    startup_mspm0g350x_uvision.o(RESET) refers to delay.o(.text.SysTick_Handler) for SysTick_Handler
    startup_mspm0g350x_uvision.o(RESET) refers to hw_encoder.o(.text.GROUP1_IRQHandler) for GROUP1_IRQHandler
    startup_mspm0g350x_uvision.o(RESET) refers to mid_timer.o(.text.TIMG0_IRQHandler) for TIMG0_IRQHandler
    startup_mspm0g350x_uvision.o(RESET) refers to mid_timer.o(.text.TIMA0_IRQHandler) for TIMA0_IRQHandler
    startup_mspm0g350x_uvision.o(.text) refers (Special) to heapauxi.o(.text) for __use_two_region_memory
    startup_mspm0g350x_uvision.o(.text) refers to __main.o(!!!main) for __main
    startup_mspm0g350x_uvision.o(.text) refers to startup_mspm0g350x_uvision.o(HEAP) for Heap_Mem
    startup_mspm0g350x_uvision.o(.text) refers to startup_mspm0g350x_uvision.o(STACK) for Stack_Mem
    ti_msp_dl_config.o(.text.SYSCFG_DL_init) refers to ti_msp_dl_config.o(.text.SYSCFG_DL_initPower) for SYSCFG_DL_initPower
    ti_msp_dl_config.o(.text.SYSCFG_DL_init) refers to ti_msp_dl_config.o(.text.SYSCFG_DL_GPIO_init) for SYSCFG_DL_GPIO_init
    ti_msp_dl_config.o(.text.SYSCFG_DL_init) refers to ti_msp_dl_config.o(.text.SYSCFG_DL_SYSCTL_init) for SYSCFG_DL_SYSCTL_init
    ti_msp_dl_config.o(.text.SYSCFG_DL_init) refers to ti_msp_dl_config.o(.text.SYSCFG_DL_PWM_MOTOR_init) for SYSCFG_DL_PWM_MOTOR_init
    ti_msp_dl_config.o(.text.SYSCFG_DL_init) refers to ti_msp_dl_config.o(.text.SYSCFG_DL_TIMER_TICK_init) for SYSCFG_DL_TIMER_TICK_init
    ti_msp_dl_config.o(.text.SYSCFG_DL_init) refers to ti_msp_dl_config.o(.text.SYSCFG_DL_TIMER_0_init) for SYSCFG_DL_TIMER_0_init
    ti_msp_dl_config.o(.text.SYSCFG_DL_init) refers to ti_msp_dl_config.o(.text.SYSCFG_DL_UART_0_init) for SYSCFG_DL_UART_0_init
    ti_msp_dl_config.o(.text.SYSCFG_DL_init) refers to ti_msp_dl_config.o(.text.SYSCFG_DL_SPI_LCD_init) for SYSCFG_DL_SPI_LCD_init
    ti_msp_dl_config.o(.text.SYSCFG_DL_init) refers to ti_msp_dl_config.o(.text.SYSCFG_DL_ADC12_0_init) for SYSCFG_DL_ADC12_0_init
    ti_msp_dl_config.o(.text.SYSCFG_DL_init) refers to ti_msp_dl_config.o(.text.SYSCFG_DL_DMA_init) for SYSCFG_DL_DMA_init
    ti_msp_dl_config.o(.text.SYSCFG_DL_init) refers to ti_msp_dl_config.o(.text.SYSCFG_DL_SYSTICK_init) for SYSCFG_DL_SYSTICK_init
    ti_msp_dl_config.o(.text.SYSCFG_DL_init) refers to ti_msp_dl_config.o(.bss.gTIMER_0Backup) for gTIMER_0Backup
    ti_msp_dl_config.o(.text.SYSCFG_DL_init) refers to ti_msp_dl_config.o(.bss.gPWM_MOTORBackup) for gPWM_MOTORBackup
    ti_msp_dl_config.o(.text.SYSCFG_DL_init) refers to ti_msp_dl_config.o(.bss.gSPI_LCDBackup) for gSPI_LCDBackup
    ti_msp_dl_config.o(.ARM.exidx.text.SYSCFG_DL_init) refers to ti_msp_dl_config.o(.text.SYSCFG_DL_init) for [Anonymous Symbol]
    ti_msp_dl_config.o(.text.SYSCFG_DL_initPower) refers to dl_common.o(.text.DL_Common_delayCycles) for DL_Common_delayCycles
    ti_msp_dl_config.o(.ARM.exidx.text.SYSCFG_DL_initPower) refers to ti_msp_dl_config.o(.text.SYSCFG_DL_initPower) for [Anonymous Symbol]
    ti_msp_dl_config.o(.ARM.exidx.text.SYSCFG_DL_GPIO_init) refers to ti_msp_dl_config.o(.text.SYSCFG_DL_GPIO_init) for [Anonymous Symbol]
    ti_msp_dl_config.o(.text.SYSCFG_DL_SYSCTL_init) refers to dl_sysctl_mspm0g1x0x_g3x0x.o(.text.DL_SYSCTL_setHFCLKSourceHFXTParams) for DL_SYSCTL_setHFCLKSourceHFXTParams
[...]
    .ARM.Collect$$libinit$$00000000          0x00000164   Section        2  libinit.o(.ARM.Collect$$libinit$$00000000)
    .ARM.Collect$$libinit$$00000002          0x00000166   Section        0  libinit2.o(.ARM.Collect$$libinit$$00000002)
    .ARM.Collect$$libinit$$00000004          0x00000166   Section        0  libinit2.o(.ARM.Collect$$libinit$$00000004)
    .ARM.Collect$$libinit$$00000006          0x00000166   Section        0  libinit2.o(.ARM.Collect$$libinit$$00000006)
    .ARM.Collect$$libinit$$0000000C          0x00000166   Section        0  libinit2.o(.ARM.Collect$$libinit$$0000000C)
    .ARM.Collect$$libinit$$0000000E          0x00000166   Section        0  libinit2.o(.ARM.Collect$$libinit$$0000000E)
    .ARM.Collect$$libinit$$00000010          0x00000166   Section        0  libinit2.o(.ARM.Collect$$libinit$$00000010)
    .ARM.Collect$$libinit$$00000013          0x00000166   Section        0  libinit2.o(.ARM.Collect$$libinit$$00000013)
    .ARM.Collect$$libinit$$00000015          0x00000166   Section        0  libinit2.o(.ARM.Collect$$libinit$$00000015)
    .ARM.Collect$$libinit$$00000017          0x00000166   Section        0  libinit2.o(.ARM.Collect$$libinit$$00000017)
    .ARM.Collect$$libinit$$00000019          0x00000166   Section        0  libinit2.o(.ARM.Collect$$libinit$$00000019)
    .ARM.Collect$$libinit$$0000001B          0x00000166   Section        0  libinit2.o(.ARM.Collect$$libinit$$0000001B)
    .ARM.Collect$$libinit$$0000001D          0x00000166   Section        0  libinit2.o(.ARM.Collect$$libinit$$0000001D)
    .ARM.Collect$$libinit$$0000001F          0x00000166   Section        0  libinit2.o(.ARM.Collect$$libinit$$0000001F)
    .ARM.Collect$$libinit$$00000021          0x00000166   Section        0  libinit2.o(.ARM.Collect$$libinit$$00000021)
    .ARM.Collect$$libinit$$00000023          0x00000166   Section        0  libinit2.o(.ARM.Collect$$libinit$$00000023)
    .ARM.Collect$$libinit$$00000025          0x00000166   Section        0  libinit2.o(.ARM.Collect$$libinit$$00000025)
    .ARM.Collect$$libinit$$00000027          0x00000166   Section        0  libinit2.o(.ARM.Collect$$libinit$$00000027)
    .ARM.Collect$$libinit$$0000002E          0x00000166   Section        0  libinit2.o(.ARM.Collect$$libinit$$0000002E)
    .ARM.Collect$$libinit$$00000030          0x00000166   Section        0  libinit2.o(.ARM.Collect$$libinit$$00000030)
    .ARM.Collect$$libinit$$00000032          0x00000166   Section        0  libinit2.o(.ARM.Collect$$libinit$$00000032)
    .ARM.Collect$$libinit$$00000034          0x00000166   Section        0  libinit2.o(.ARM.Collect$$libinit$$00000034)
    .ARM.Collect$$libinit$$00000035          0x00000166   Section        2  libinit2.o(.ARM.Collect$$libinit$$00000035)
    .ARM.Collect$$libshutdown$$00000000      0x00000168   Section        2  libshutdown.o(.ARM.Collect$$libshutdown$$00000000)
    .ARM.Collect$$libshutdown$$00000002      0x0000016a   Section        0  libshutdown2.o(.ARM.Collect$$libshutdown$$00000002)
    .ARM.Collect$$libshutdown$$00000004      0x0000016a   Section        0  libshutdown2.o(.ARM.Collect$$libshutdown$$00000004)
    .ARM.Collect$$libshutdown$$00000007      0x0000016a   Section        0  libshutdown2.o(.ARM.Collect$$libshutdown$$00000007)
    .ARM.Collect$$libshutdown$$0000000A      0x0000016a   Section        0  libshutdown2.o(.ARM.Collect$$libshutdown$$0000000A)
    .ARM.Collect$$libshutdown$$0000000C      0x0000016a   Section        0  libshutdown2.o(.ARM.Collect$$libshutdown$$0000000C)
    .ARM.Collect$$libshutdown$$0000000F      0x0000016a   Section        0  libshutdown2.o(.ARM.Collect$$libshutdown$$0000000F)
    .ARM.Collect$$libshutdown$$00000010      0x0000016a   Section        2  libshutdown2.o(.ARM.Collect$$libshutdown$$00000010)
    .ARM.Collect$$rtentry$$00000000          0x0000016c   Section        0  __rtentry.o(.ARM.Collect$$rtentry$$00000000)
    .ARM.Collect$$rtentry$$00000002          0x0000016c   Section        0  __rtentry2.o(.ARM.Collect$$rtentry$$00000002)
    .ARM.Collect$$rtentry$$00000004          0x0000016c   Section        6  __rtentry4.o(.ARM.Collect$$rtentry$$00000004)
    .ARM.Collect$$rtentry$$00000009          0x00000172   Section        0  __rtentry2.o(.ARM.Collect$$rtentry$$00000009)
    .ARM.Collect$$rtentry$$0000000A          0x00000172   Section        4  __rtentry2.o(.ARM.Collect$$rtentry$$0000000A)
    .ARM.Collect$$rtentry$$0000000C          0x00000176   Section        0  __rtentry2.o(.ARM.Collect$$rtentry$$0000000C)
    .ARM.Collect$$rtentry$$0000000D          0x00000176   Section        8  __rtentry2.o(.ARM.Collect$$rtentry$$0000000D)
    .ARM.Collect$$rtexit$$00000000           0x0000017e   Section        2  rtexit.o(.ARM.Collect$$rtexit$$00000000)
    .ARM.Collect$$rtexit$$00000002           0x00000180   Section        0  rtexit2.o(.ARM.Collect$$rtexit$$00000002)
    .ARM.Collect$$rtexit$$00000003           0x00000180   Section        4  rtexit2.o(.ARM.Collect$$rtexit$$00000003)
    .ARM.Collect$$rtexit$$00000004           0x00000184   Section        6  rtexit2.o(.ARM.Collect$$rtexit$$00000004)
    .emb_text                                0x0000018c   Section       56  rt_memcpy.o(.emb_text)
    .text                                    0x000001c4   Section       48  startup_mspm0g350x_uvision.o(.text)
    .text                                    0x000001f4   Section        0  rt_memcpy.o(.text)
    .text                                    0x00000276   Section        0  rt_memclr.o(.text)
    .text                                    0x000002b6   Section        0  heapauxi.o(.text)
    _dadd1                                   0x000002bd   Thumb Code   290  daddsub.o(.text)
    .text                                    0x000002bc   Section        0  daddsub.o(.text)
    _dsub1                                   0x000003df   Thumb Code   470  daddsub.o(.text)
    .text                                    0x00000614   Section        0  ddiv.o(.text)
    .text                                    0x00000a5c   Section        0  dfixi.o(.text)
    .text                                    0x00000ac8   Section        0  dflti.o(.text)
    .text                                    0x00000b20   Section        0  dmul.o(.text)
    .text                                    0x00000d68   Section        0  ffixi.o(.text)
    .text                                    0x00000db4   Section        0  fflti.o(.text)
    .text                                    0x00000e14   Section        0  dcmpin.o(.text)
    .text                                    0x00000eb4   Section        8  libspace.o(.text)
    .text                                    0x00000ebc   Section       62  sys_stackheap_outer.o(.text)
    .text                                    0x00000efa   Section        0  exit.o(.text)
    .text                                    0x00000f0a   Section        0  cmpret.o(.text)
    .text                                    0x00000f38   Section        0  dnan2.o(.text)
    .text                                    0x00000f4c   Section        2  use_no_semi.o(.text)
    .text                                    0x00000f4e   Section        0  indicate_semi.o(.text)
    .text                                    0x00000f4e   Section        0  retnan.o(.text)
    .text                                    0x00000fac   Section        0  sys_exit.o(.text)
    [Anonymous Symbol]                       0x00000fb8   Section        0  dl_adc12.o(.text.DL_ADC12_setClockConfig)
    __arm_cp.0_0                             0x00000ff0   Number         4  dl_adc12.o(.text.DL_ADC12_setClockConfig)
    __arm_cp.0_1                             0x00000ff4   Number         4  dl_adc12.o(.text.DL_ADC12_setClockConfig)
    [Anonymous Symbol]                       0x00000ff8   Section        0  dl_common.o(.text.DL_Common_delayCycles)
    [Anonymous Symbol]                       0x00001004   Section        0  dl_dma.o(.text.DL_DMA_initChannel)
    __arm_cp.0_0                             0x00001044   Number         4  dl_dma.o(.text.DL_DMA_initChannel)
    [Anonymous Symbol]                       0x00001048   Section        0  dl_spi.o(.text.DL_SPI_init)
    __arm_cp.0_0                             0x00001084   Number         4  dl_spi.o(.text.DL_SPI_init)
    __arm_cp.0_1                             0x00001088   Number         4  dl_spi.o(.text.DL_SPI_init)
    [Anonymous Symbol]                       0x0000108c   Section        0  dl_spi.o(.text.DL_SPI_setClockConfig)
    [Anonymous Symbol]                       0x000010a0   Section        0  dl_sysctl_mspm0g1x0x_g3x0x.o(.text.DL_SYSCTL_configSYSPLL)
    __arm_cp.0_0                             0x00001154   Number         4  dl_sysctl_mspm0g1x0x_g3x0x.o(.text.DL_SYSCTL_configSYSPLL)
    __arm_cp.0_2                             0x00001158   Number         4  dl_sysctl_mspm0g1x0x_g3x0x.o(.text.DL_SYSCTL_configSYSPLL)
    __arm_cp.0_3                             0x0000115c   Number         4  dl_sysctl_mspm0g1x0x_g3x0x.o(.text.DL_SYSCTL_configSYSPLL)
    __arm_cp.0_4                             0x00001160   Number         4  dl_sysctl_mspm0g1x0x_g3x0x.o(.text.DL_SYSCTL_configSYSPLL)
    [Anonymous Symbol]                       0x00001164   Section        0  dl_sysctl_mspm0g1x0x_g3x0x.o(.text.DL_SYSCTL_setHFCLKSourceHFXTParams)
    __arm_cp.7_0                             0x000011b0   Number         4  dl_sysctl_mspm0g1x0x_g3x0x.o(.text.DL_SYSCTL_setHFCLKSourceHFXTParams)
    [Anonymous Symbol]                       0x000011b4   Section        0  dl_sysctl_mspm0g1x0x_g3x0x.o(.text.DL_SYSCTL_switchMCLKfromSYSOSCtoHSCLK)
    __arm_cp.4_0                             0x000011d4   Number         4  dl_sysctl_mspm0g1x0x_g3x0x.o(.text.DL_SYSCTL_switchMCLKfromSYSOSCtoHSCLK)
    __arm_cp.4_1                             0x000011d8   Number         4  dl_sysctl_mspm0g1x0x_g3x0x.o(.text.DL_SYSCTL_switchMCLKfromSYSOSCtoHSCLK)
    [Anonymous Symbol]                       0x000011dc   Section        0  dl_timer.o(.text.DL_Timer_initFourCCPWMMode)
    __arm_cp.38_1                            0x000012d0   Number         4  dl_timer.o(.text.DL_Timer_initFourCCPWMMode)
    __arm_cp.38_2                            0x000012d4   Number         4  dl_timer.o(.text.DL_Timer_initFourCCPWMMode)
    __arm_cp.38_4                            0x000012d8   Number         4  dl_timer.o(.text.DL_Timer_initFourCCPWMMode)
    __arm_cp.38_5                            0x000012dc   Number         4  dl_timer.o(.text.DL_Timer_initFourCCPWMMode)
    __arm_cp.38_6                            0x000012e0   Number         4  dl_timer.o(.text.DL_Timer_initFourCCPWMMode)
    [Anonymous Symbol]                       0x000012e4   Section        0  dl_timer.o(.text.DL_Timer_initTimerMode)
    __arm_cp.2_0                             0x000013c4   Number         4  dl_timer.o(.text.DL_Timer_initTimerMode)
    __arm_cp.2_1                             0x000013c8   Number         4  dl_timer.o(.text.DL_Timer_initTimerMode)
    __arm_cp.2_2                             0x000013cc   Number         4  dl_timer.o(.text.DL_Timer_initTimerMode)
    __arm_cp.2_3                             0x000013d0   Number         4  dl_timer.o(.text.DL_Timer_initTimerMode)
    [Anonymous Symbol]                       0x000013d4   Section        0  dl_timer.o(.text.DL_Timer_setCaptCompUpdateMethod)
    __arm_cp.23_0                            0x000013ec   Number         4  dl_timer.o(.text.DL_Timer_setCaptCompUpdateMethod)
    [Anonymous Symbol]                       0x000013f0   Section        0  dl_timer.o(.text.DL_Timer_setCaptureCompareOutCtl)
    __arm_cp.25_0                            0x00001404   Number         4  dl_timer.o(.text.DL_Timer_setCaptureCompareOutCtl)
    [Anonymous Symbol]                       0x00001408   Section        0  dl_timer.o(.text.DL_Timer_setCaptureCompareValue)
    __arm_cp.3_0                             0x00001414   Number         4  dl_timer.o(.text.DL_Timer_setCaptureCompareValue)
    [Anonymous Symbol]                       0x00001418   Section        0  dl_timer.o(.text.DL_Timer_setClockConfig)
    __arm_cp.0_0                             0x00001430   Number         4  dl_timer.o(.text.DL_Timer_setClockConfig)
    [Anonymous Symbol]                       0x00001434   Section        0  dl_uart.o(.text.DL_UART_init)
    __arm_cp.0_0                             0x00001474   Number         4  dl_uart.o(.text.DL_UART_init)
    __arm_cp.0_1                             0x00001478   Number         4  dl_uart.o(.text.DL_UART_init)
    [Anonymous Symbol]                       0x0000147c   Section        0  dl_uart.o(.text.DL_UART_setClockConfig)
    [Anonymous Symbol]                       0x00001490   Section        0  hw_encoder.o(.text.GROUP1_IRQHandler)
    __arm_cp.4_0                             0x000014cc   Number         4  hw_encoder.o(.text.GROUP1_IRQHandler)
    __arm_cp.4_1                             0x000014d0   Number         4  hw_encoder.o(.text.GROUP1_IRQHandler)
    __arm_cp.4_2                             0x000014d4   Number         4  hw_encoder.o(.text.GROUP1_IRQHandler)
    __arm_cp.4_3                             0x000014d8   Number         4  hw_encoder.o(.text.GROUP1_IRQHandler)
    [Anonymous Symbol]                       0x000014dc   Section        0  no_mcu_ganv_grayscale_sensor.o(.text.Get_Digtal_For_User)
    [Anonymous Symbol]                       0x000014e2   Section        0  no_mcu_ganv_grayscale_sensor.o(.text.Get_Normalize_For_User)
    [Anonymous Symbol]                       0x00001504   Section        0  bsp_gyro.o(.text.I2C_WaitAck)
    __arm_cp.5_0                             0x00001584   Number         4  bsp_gyro.o(.text.I2C_WaitAck)
    __arm_cp.5_1                             0x00001588   Number         4  bsp_gyro.o(.text.I2C_WaitAck)
    __arm_cp.5_3                             0x0000158c   Number         4  bsp_gyro.o(.text.I2C_WaitAck)
    [Anonymous Symbol]                       0x00001590   Section        0  hw_lcd.o(.text.LCD_Address_Set)
    [Anonymous Symbol]                       0x00001720   Section        0  hw_lcd.o(.text.LCD_Fill)
    __arm_cp.7_0                             0x0000184c   Number         4  hw_lcd.o(.text.LCD_Fill)
    __arm_cp.7_1                             0x00001850   Number         4  hw_lcd.o(.text.LCD_Fill)
    [Anonymous Symbol]                       0x00001854   Section        0  motor_control.o(.text.Motor_Control)
    __arm_cp.0_0                             0x000018d4   Number         4  motor_control.o(.text.Motor_Control)
    __arm_cp.0_2                             0x000018d8   Number         4  motor_control.o(.text.Motor_Control)
    __arm_cp.0_3                             0x000018dc   Number         4  motor_control.o(.text.Motor_Control)
    __arm_cp.0_4                             0x000018e0   Number         4  motor_control.o(.text.Motor_Control)
    __arm_cp.0_6                             0x000018e4   Number         4  motor_control.o(.text.Motor_Control)
    __arm_cp.0_7                             0x000018e8   Number         4  motor_control.o(.text.Motor_Control)
    [Anonymous Symbol]                       0x000018ec   Section        0  no_mcu_ganv_grayscale_sensor.o(.text.No_MCU_Ganv_Sensor_Init)
    __arm_cp.4_0                             0x00001a70   Number         4  no_mcu_ganv_grayscale_sensor.o(.text.No_MCU_Ganv_Sensor_Init)
    [Anonymous Symbol]                       0x00001a74   Section        0  no_mcu_ganv_grayscale_sensor.o(.text.No_Mcu_Ganv_Sensor_Task_Without_tick)
    __arm_cp.5_0                             0x00001b10   Number         4  no_mcu_ganv_grayscale_sensor.o(.text.No_Mcu_Ganv_Sensor_Task_Without_tick)
    __arm_cp.5_1                             0x00001b14   Number         4  no_mcu_ganv_grayscale_sensor.o(.text.No_Mcu_Ganv_Sensor_Task_Without_tick)
    [Anonymous Symbol]                       0x00001b18   Section        0  pid.o(.text.Pid_Yaw)
    __arm_cp.0_0                             0x00001bac   Number         4  pid.o(.text.Pid_Yaw)
    __arm_cp.0_1                             0x00001bb0   Number         4  pid.o(.text.Pid_Yaw)
    __arm_cp.0_2                             0x00001bb4   Number         4  pid.o(.text.Pid_Yaw)
    __arm_cp.0_3                             0x00001bb8   Number         4  pid.o(.text.Pid_Yaw)
    __arm_cp.0_4                             0x00001bbc   Number         4  pid.o(.text.Pid_Yaw)
    __arm_cp.0_5                             0x00001bc0   Number         4  pid.o(.text.Pid_Yaw)
    __arm_cp.0_6                             0x00001bc4   Number         4  pid.o(.text.Pid_Yaw)
    __arm_cp.0_7                             0x00001bc8   Number         4  pid.o(.text.Pid_Yaw)
    __arm_cp.0_8                             0x00001bcc   Number         4  pid.o(.text.Pid_Yaw)
    __arm_cp.0_9                             0x00001bd0   Number         4  pid.o(.text.Pid_Yaw)
    [Anonymous Symbol]                       0x00001bd4   Section        0  ti_msp_dl_config.o(.text.SYSCFG_DL_ADC12_0_init)
    __arm_cp.9_0                             0x00001c24   Number         4  ti_msp_dl_config.o(.text.SYSCFG_DL_ADC12_0_init)
    __arm_cp.9_1                             0x00001c28   Number         4  ti_msp_dl_config.o(.text.SYSCFG_DL_ADC12_0_init)
    __arm_cp.9_2                             0x00001c2c   Number         4  ti_msp_dl_config.o(.text.SYSCFG_DL_ADC12_0_init)
    __arm_cp.9_3                             0x00001c30   Number         4  ti_msp_dl_config.o(.text.SYSCFG_DL_ADC12_0_init)
    __arm_cp.9_4                             0x00001c34   Number         4  ti_msp_dl_config.o(.text.SYSCFG_DL_ADC12_0_init)
    [Anonymous Symbol]                       0x00001c38   Section        0  ti_msp_dl_config.o(.text.SYSCFG_DL_DMA_CH0_init)
    __arm_cp.14_0                            0x00001c4c   Number         4  ti_msp_dl_config.o(.text.SYSCFG_DL_DMA_CH0_init)
    __arm_cp.14_1                            0x00001c50   Number         4  ti_msp_dl_config.o(.text.SYSCFG_DL_DMA_CH0_init)
    __arm_cp.14_2                            0x00001c54   Number         4  ti_msp_dl_config.o(.text.SYSCFG_DL_DMA_CH0_init)
    [Anonymous Symbol]                       0x00001c58   Section        0  ti_msp_dl_config.o(.text.SYSCFG_DL_DMA_init)
    [Anonymous Symbol]                       0x00001c60   Section        0  ti_msp_dl_config.o(.text.SYSCFG_DL_GPIO_init)
    __arm_cp.2_0                             0x00001cf8   Number         4  ti_msp_dl_config.o(.text.SYSCFG_DL_GPIO_init)
    __arm_cp.2_1                             0x00001cfc   Number         4  ti_msp_dl_config.o(.text.SYSCFG_DL_GPIO_init)
    __arm_cp.2_2                             0x00001d00   Number         4  ti_msp_dl_config.o(.text.SYSCFG_DL_GPIO_init)
    __arm_cp.2_3                             0x00001d04   Number         4  ti_msp_dl_config.o(.text.SYSCFG_DL_GPIO_init)
    __arm_cp.2_4                             0x00001d08   Number         4  ti_msp_dl_config.o(.text.SYSCFG_DL_GPIO_init)
    __arm_cp.2_5                             0x00001d0c   Number         4  ti_msp_dl_config.o(.text.SYSCFG_DL_GPIO_init)
    __arm_cp.2_6                             0x00001d10   Number         4  ti_msp_dl_config.o(.text.SYSCFG_DL_GPIO_init)
    __arm_cp.2_7                             0x00001d14   Number         4  ti_msp_dl_config.o(.text.SYSCFG_DL_GPIO_init)
    __arm_cp.2_8                             0x00001d18   Number         4  ti_msp_dl_config.o(.text.SYSCFG_DL_GPIO_init)
    __arm_cp.2_9                             0x00001d1c   Number         4  ti_msp_dl_config.o(.text.SYSCFG_DL_GPIO_init)
    __arm_cp.2_10                            0x00001d20   Number         4  ti_msp_dl_config.o(.text.SYSCFG_DL_GPIO_init)
    __arm_cp.2_11                            0x00001d24   Number         4  ti_msp_dl_config.o(.text.SYSCFG_DL_GPIO_init)
    [Anonymous Symbol]                       0x00001d28   Section        0  ti_msp_dl_config.o(.text.SYSCFG_DL_PWM_MOTOR_init)
    __arm_cp.4_0                             0x00001d94   Number         4  ti_msp_dl_config.o(.text.SYSCFG_DL_PWM_MOTOR_init)
    __arm_cp.4_1                             0x00001d98   Number         4  ti_msp_dl_config.o(.text.SYSCFG_DL_PWM_MOTOR_init)
    __arm_cp.4_2                             0x00001d9c   Number         4  ti_msp_dl_config.o(.text.SYSCFG_DL_PWM_MOTOR_init)
    __arm_cp.4_3                             0x00001da0   Number         4  ti_msp_dl_config.o(.text.SYSCFG_DL_PWM_MOTOR_init)
    __arm_cp.4_4                             0x00001da4   Number         4  ti_msp_dl_config.o(.text.SYSCFG_DL_PWM_MOTOR_init)
    [Anonymous Symbol]                       0x00001da8   Section        0  ti_msp_dl_config.o(.text.SYSCFG_DL_SPI_LCD_init)
    __arm_cp.8_0                             0x00001ddc   Number         4  ti_msp_dl_config.o(.text.SYSCFG_DL_SPI_LCD_init)
    __arm_cp.8_1                             0x00001de0   Number         4  ti_msp_dl_config.o(.text.SYSCFG_DL_SPI_LCD_init)
    __arm_cp.8_2                             0x00001de4   Number         4  ti_msp_dl_config.o(.text.SYSCFG_DL_SPI_LCD_init)
    __arm_cp.8_3                             0x00001de8   Number         4  ti_msp_dl_config.o(.text.SYSCFG_DL_SPI_LCD_init)
    __arm_cp.8_4                             0x00001dec   Number         4  ti_msp_dl_config.o(.text.SYSCFG_DL_SPI_LCD_init)
    [Anonymous Symbol]                       0x00001df0   Section        0  ti_msp_dl_config.o(.text.SYSCFG_DL_SYSCTL_init)
    __arm_cp.3_0                             0x00001e54   Number         4  ti_msp_dl_config.o(.text.SYSCFG_DL_SYSCTL_init)
    __arm_cp.3_1                             0x00001e58   Number         4  ti_msp_dl_config.o(.text.SYSCFG_DL_SYSCTL_init)
    __arm_cp.3_2                             0x00001e5c   Number         4  ti_msp_dl_config.o(.text.SYSCFG_DL_SYSCTL_init)
    __arm_cp.3_3                             0x00001e60   Number         4  ti_msp_dl_config.o(.text.SYSCFG_DL_SYSCTL_init)
    [Anonymous Symbol]                       0x00001e64   Section        0  ti_msp_dl_config.o(.text.SYSCFG_DL_SYSTICK_init)
    __arm_cp.11_0                            0x00001e88   Number         4  ti_msp_dl_config.o(.text.SYSCFG_DL_SYSTICK_init)
    __arm_cp.11_1                            0x00001e8c   Number         4  ti_msp_dl_config.o(.text.SYSCFG_DL_SYSTICK_init)
    __arm_cp.11_2                            0x00001e90   Number         4  ti_msp_dl_config.o(.text.SYSCFG_DL_SYSTICK_init)
    [Anonymous Symbol]                       0x00001e94   Section        0  ti_msp_dl_config.o(.text.SYSCFG_DL_TIMER_0_init)
    __arm_cp.6_0                             0x00001eb8   Number         4  ti_msp_dl_config.o(.text.SYSCFG_DL_TIMER_0_init)
    __arm_cp.6_1                             0x00001ebc   Number         4  ti_msp_dl_config.o(.text.SYSCFG_DL_TIMER_0_init)
    __arm_cp.6_2                             0x00001ec0   Number         4  ti_msp_dl_config.o(.text.SYSCFG_DL_TIMER_0_init)
    __arm_cp.6_3                             0x00001ec4   Number         4  ti_msp_dl_config.o(.text.SYSCFG_DL_TIMER_0_init)
    __arm_cp.6_4                             0x00001ec8   Number         4  ti_msp_dl_config.o(.text.SYSCFG_DL_TIMER_0_init)
    [Anonymous Symbol]                       0x00001ecc   Section        0  ti_msp_dl_config.o(.text.SYSCFG_DL_TIMER_TICK_init)
    __arm_cp.5_0                             0x00001f00   Number         4  ti_msp_dl_config.o(.text.SYSCFG_DL_TIMER_TICK_init)
    __arm_cp.5_1                             0x00001f04   Number         4  ti_msp_dl_config.o(.text.SYSCFG_DL_TIMER_TICK_init)
    __arm_cp.5_2                             0x00001f08   Number         4  ti_msp_dl_config.o(.text.SYSCFG_DL_TIMER_TICK_init)
    __arm_cp.5_3                             0x00001f0c   Number         4  ti_msp_dl_config.o(.text.SYSCFG_DL_TIMER_TICK_init)
    __arm_cp.5_4                             0x00001f10   Number         4  ti_msp_dl_config.o(.text.SYSCFG_DL_TIMER_TICK_init)
    __arm_cp.5_5                             0x00001f14   Number         4  ti_msp_dl_config.o(.text.SYSCFG_DL_TIMER_TICK_init)
    [Anonymous Symbol]                       0x00001f18   Section        0  ti_msp_dl_config.o(.text.SYSCFG_DL_UART_0_init)
    __arm_cp.7_0                             0x00001f64   Number         4  ti_msp_dl_config.o(.text.SYSCFG_DL_UART_0_init)
    __arm_cp.7_1                             0x00001f68   Number         4  ti_msp_dl_config.o(.text.SYSCFG_DL_UART_0_init)
    __arm_cp.7_2                             0x00001f6c   Number         4  ti_msp_dl_config.o(.text.SYSCFG_DL_UART_0_init)
    __arm_cp.7_3                             0x00001f70   Number         4  ti_msp_dl_config.o(.text.SYSCFG_DL_UART_0_init)
    __arm_cp.7_4                             0x00001f74   Number         4  ti_msp_dl_config.o(.text.SYSCFG_DL_UART_0_init)
    [Anonymous Symbol]                       0x00001f78   Section        0  ti_msp_dl_config.o(.text.SYSCFG_DL_init)
    __arm_cp.0_0                             0x00001fbc   Number         4  ti_msp_dl_config.o(.text.SYSCFG_DL_init)
    __arm_cp.0_1                             0x00001fc0   Number         4  ti_msp_dl_config.o(.text.SYSCFG_DL_init)
    __arm_cp.0_2                             0x00001fc4   Number         4  ti_msp_dl_config.o(.text.SYSCFG_DL_init)
    [Anonymous Symbol]                       0x00001fc8   Section        0  ti_msp_dl_config.o(.text.SYSCFG_DL_initPower)
    __arm_cp.1_0                             0x00002010   Number         4  ti_msp_dl_config.o(.text.SYSCFG_DL_initPower)
    __arm_cp.1_1                             0x00002014   Number         4  ti_msp_dl_config.o(.text.SYSCFG_DL_initPower)
    __arm_cp.1_2                             0x00002018   Number         4  ti_msp_dl_config.o(.text.SYSCFG_DL_initPower)
    __arm_cp.1_3                             0x0000201c   Number         4  ti_msp_dl_config.o(.text.SYSCFG_DL_initPower)
    __arm_cp.1_4                             0x00002020   Number         4  ti_msp_dl_config.o(.text.SYSCFG_DL_initPower)
    __arm_cp.1_5                             0x00002024   Number         4  ti_msp_dl_config.o(.text.SYSCFG_DL_initPower)
    __arm_cp.1_6                             0x00002028   Number         4  ti_msp_dl_config.o(.text.SYSCFG_DL_initPower)
    __arm_cp.1_7                             0x0000202c   Number         4  ti_msp_dl_config.o(.text.SYSCFG_DL_initPower)
    __arm_cp.1_8                             0x00002030   Number         4  ti_msp_dl_config.o(.text.SYSCFG_DL_initPower)
    __arm_cp.1_9                             0x00002034   Number         4  ti_msp_dl_config.o(.text.SYSCFG_DL_initPower)
    [Anonymous Symbol]                       0x00002038   Section        0  bsp_gyro.o(.text.Send_Byte)
    __arm_cp.6_0                             0x0000216c   Number         4  bsp_gyro.o(.text.Send_Byte)
    __arm_cp.6_1                             0x00002170   Number         4  bsp_gyro.o(.text.Send_Byte)
    [Anonymous Symbol]                       0x00002174   Section        0  delay.o(.text.SysTick_Handler)
    [Anonymous Symbol]                       0x00002180   Section        0  mid_timer.o(.text.TIMA0_IRQHandler)
    __arm_cp.2_0                             0x00002198   Number         4  mid_timer.o(.text.TIMA0_IRQHandler)
    [Anonymous Symbol]                       0x0000219c   Section        0  mid_timer.o(.text.TIMG0_IRQHandler)
    __arm_cp.1_0                             0x000021b0   Number         4  mid_timer.o(.text.TIMG0_IRQHandler)
    [Anonymous Symbol]                       0x000021b4   Section        0  delay.o(.text.Tick_delay)
    __arm_cp.3_0                             0x000021d4   Number         4  delay.o(.text.Tick_delay)
    [Anonymous Symbol]                       0x000021d8   Section        0  adc.o(.text.adc_getValue)
    __arm_cp.0_0                             0x00002260   Number         4  adc.o(.text.adc_getValue)
    [Anonymous Symbol]                       0x00002264   Section        0  no_mcu_ganv_grayscale_sensor.o(.text.convertAnalogToDigital)
    [Anonymous Symbol]                       0x0000235c   Section        0  sensor_deal.o(.text.deal_with_sensor)
    __arm_cp.1_0                             0x000023e8   Number         4  sensor_deal.o(.text.deal_with_sensor)
    __arm_cp.1_1                             0x000023ec   Number         4  sensor_deal.o(.text.deal_with_sensor)
    __arm_cp.1_2                             0x000023f0   Number         4  sensor_deal.o(.text.deal_with_sensor)
    __arm_cp.1_3                             0x000023f4   Number         4  sensor_deal.o(.text.deal_with_sensor)
    __arm_cp.1_4                             0x000023f8   Number         4  sensor_deal.o(.text.deal_with_sensor)
    [Anonymous Symbol]                       0x000023fc   Section        0  delay.o(.text.delay_us)
    [Anonymous Symbol]                       0x00002430   Section        0  hw_encoder.o(.text.encoder_value_up)
    __arm_cp.1_0                             0x00002448   Number         4  hw_encoder.o(.text.encoder_value_up)
    __arm_cp.1_1                             0x0000244c   Number         4  hw_encoder.o(.text.encoder_value_up)
    __arm_cp.1_2                             0x00002450   Number         4  hw_encoder.o(.text.encoder_value_up)
    __arm_cp.1_3                             0x00002454   Number         4  hw_encoder.o(.text.encoder_value_up)
    [Anonymous Symbol]                       0x00002458   Section        0  bsp_gyro.o(.text.jy61pInit)
    __arm_cp.0_0                             0x000024f4   Number         4  bsp_gyro.o(.text.jy61pInit)
    __arm_cp.0_1                             0x000024f8   Number         4  bsp_gyro.o(.text.jy61pInit)
    __arm_cp.0_2                             0x000024fc   Number         4  bsp_gyro.o(.text.jy61pInit)
    [Anonymous Symbol]                       0x00002500   Section        0  hw_lcd.o(.text.lcd_init)
    __arm_cp.6_5                             0x00002530   Number         4  hw_lcd.o(.text.lcd_init)
    __arm_cp.6_6                             0x00002534   Number         4  hw_lcd.o(.text.lcd_init)
    __arm_cp.6_7                             0x00002538   Number         4  hw_lcd.o(.text.lcd_init)
    __arm_cp.6_8                             0x0000253c   Number         4  hw_lcd.o(.text.lcd_init)
    __arm_cp.6_4                             0x00002d18   Number         4  hw_lcd.o(.text.lcd_init)
    [Anonymous Symbol]                       0x00002d1c   Section        0  empty.o(.text.main)
    __arm_cp.0_1                             0x00002d80   Number         4  empty.o(.text.main)
    __arm_cp.0_2                             0x00002d84   Number         4  empty.o(.text.main)
    __arm_cp.0_3                             0x00002d88   Number         4  empty.o(.text.main)
    __arm_cp.0_4                             0x00002d8c   Number         4  empty.o(.text.main)
    __arm_cp.0_5                             0x00002d90   Number         4  empty.o(.text.main)
    __arm_cp.0_6                             0x00002d94   Number         4  empty.o(.text.main)
    __arm_cp.0_7                             0x00002d98   Number         4  empty.o(.text.main)
    [Anonymous Symbol]                       0x00002d9c   Section        0  no_mcu_ganv_grayscale_sensor.o(.text.normalizeAnalogValues)
    [Anonymous Symbol]                       0x00002fcc   Section        0  hw_motor.o(.text.set_motor_speed_status)
    __arm_cp.0_0                             0x00003094   Number         4  hw_motor.o(.text.set_motor_speed_status)
    __arm_cp.0_1                             0x00003098   Number         4  hw_motor.o(.text.set_motor_speed_status)
    __arm_cp.0_2                             0x0000309c   Number         4  hw_motor.o(.text.set_motor_speed_status)
    __arm_cp.0_3                             0x000030a0   Number         4  hw_motor.o(.text.set_motor_speed_status)
    [Anonymous Symbol]                       0x000030a4   Section        0  mid_timer.o(.text.timer_init)
    __arm_cp.0_0                             0x000030b8   Number         4  mid_timer.o(.text.timer_init)
    __arm_cp.0_1                             0x000030bc   Number         4  mid_timer.o(.text.timer_init)
    [Anonymous Symbol]                       0x000030c0   Section        0  bsp_gyro.o(.text.writeDataJy61p)
    __arm_cp.1_0                             0x0000317c   Number         4  bsp_gyro.o(.text.writeDataJy61p)
    __arm_cp.1_1                             0x00003180   Number         4  bsp_gyro.o(.text.writeDataJy61p)
    .text_divfast                            0x00003184   Section      502  aeabi_sdivfast.o(.text_divfast)
    i._dgr                                   0x0000337a   Section        0  dcmp.o(i._dgr)
    x$fpl$dgeqf                              0x00003390   Section      100  dgef.o(x$fpl$dgeqf)
    x$fpl$fadd                               0x000033f4   Section      140  faddsub.o(x$fpl$fadd)
    _fadd1                                   0x00003401   Thumb Code     0  faddsub.o(x$fpl$fadd)
    x$fpl$fsub                               0x00003480   Section      208  faddsub.o(x$fpl$fsub)
    _fsub1                                   0x0000348d   Thumb Code     0  faddsub.o(x$fpl$fsub)
    ddiv_reciptbl                            0x00003550   Data         128  ddiv.o(.constdata)
    .constdata                               0x00003550   Section      128  ddiv.o(.constdata)
    x$fpl$usenofp                            0x00003550   Section        0  usenofp.o(x$fpl$usenofp)
    gADC12_0ClockConfig                      0x000035d0   Data           8  ti_msp_dl_config.o(.rodata.gADC12_0ClockConfig)
    [Anonymous Symbol]                       0x000035d0   Section        0  ti_msp_dl_config.o(.rodata.gADC12_0ClockConfig)
    gDMA_CH0Config                           0x000035d8   Data          24  ti_msp_dl_config.o(.rodata.gDMA_CH0Config)
    [Anonymous Symbol]                       0x000035d8   Section        0  ti_msp_dl_config.o(.rodata.gDMA_CH0Config)
    gPWM_MOTORClockConfig                    0x000035f0   Data           3  ti_msp_dl_config.o(.rodata.gPWM_MOTORClockConfig)
    [Anonymous Symbol]                       0x000035f0   Section        0  ti_msp_dl_config.o(.rodata.gPWM_MOTORClockConfig)
    gPWM_MOTORConfig                         0x000035f4   Data           8  ti_msp_dl_config.o(.rodata.gPWM_MOTORConfig)
    [Anonymous Symbol]                       0x000035f4   Section        0  ti_msp_dl_config.o(.rodata.gPWM_MOTORConfig)
    gSPI_LCD_clockConfig                     0x000035fc   Data           2  ti_msp_dl_config.o(.rodata.gSPI_LCD_clockConfig)
    [Anonymous Symbol]                       0x000035fc   Section        0  ti_msp_dl_config.o(.rodata.gSPI_LCD_clockConfig)
    gSPI_LCD_config                          0x000035fe   Data          10  ti_msp_dl_config.o(.rodata.gSPI_LCD_config)
    [Anonymous Symbol]                       0x000035fe   Section        0  ti_msp_dl_config.o(.rodata.gSPI_LCD_config)
    gSYSPLLConfig                            0x00003608   Data          40  ti_msp_dl_config.o(.rodata.gSYSPLLConfig)
    [Anonymous Symbol]                       0x00003608   Section        0  ti_msp_dl_config.o(.rodata.gSYSPLLConfig)
    gTIMER_0ClockConfig                      0x00003630   Data           3  ti_msp_dl_config.o(.rodata.gTIMER_0ClockConfig)
    [Anonymous Symbol]                       0x00003630   Section        0  ti_msp_dl_config.o(.rodata.gTIMER_0ClockConfig)
    gTIMER_0TimerConfig                      0x00003634   Data          20  ti_msp_dl_config.o(.rodata.gTIMER_0TimerConfig)
    [Anonymous Symbol]                       0x00003634   Section        0  ti_msp_dl_config.o(.rodata.gTIMER_0TimerConfig)
    gTIMER_TICKClockConfig                   0x00003648   Data           3  ti_msp_dl_config.o(.rodata.gTIMER_TICKClockConfig)
    [Anonymous Symbol]                       0x00003648   Section        0  ti_msp_dl_config.o(.rodata.gTIMER_TICKClockConfig)
    gTIMER_TICKTimerConfig                   0x0000364c   Data          20  ti_msp_dl_config.o(.rodata.gTIMER_TICKTimerConfig)
    [Anonymous Symbol]                       0x0000364c   Section        0  ti_msp_dl_config.o(.rodata.gTIMER_TICKTimerConfig)
    gUART_0ClockConfig                       0x00003660   Data           2  ti_msp_dl_config.o(.rodata.gUART_0ClockConfig)
    [Anonymous Symbol]                       0x00003660   Section        0  ti_msp_dl_config.o(.rodata.gUART_0ClockConfig)
    gUART_0Config                            0x00003662   Data          10  ti_msp_dl_config.o(.rodata.gUART_0Config)
    [Anonymous Symbol]                       0x00003662   Section        0  ti_msp_dl_config.o(.rodata.gUART_0Config)
    .bss                                     0x20200030   Section       96  libspace.o(.bss)
    CalculateNormalizedValue.last_value      0x202000e0   Data           4  sensor_deal.o(.bss.CalculateNormalizedValue.last_value)
    [Anonymous Symbol]                       0x202000e0   Section        0  sensor_deal.o(.bss.CalculateNormalizedValue.last_value)
    Heap_Mem                                 0x20200398   Data        4096  startup_mspm0g350x_uvision.o(HEAP)
    HEAP                                     0x20200398   Section     4096  startup_mspm0g350x_uvision.o(HEAP)
    Stack_Mem                                0x20201398   Data        4096  startup_mspm0g350x_uvision.o(STACK)
    STACK                                    0x20201398   Section     4096  startup_mspm0g350x_uvision.o(STACK)
    __initial_sp                             0x20202398   Data           0  startup_mspm0g350x_uvision.o(STACK)

    Global Symbols

    Symbol Name                              Value     Ov Type        Size  Object(Section)

    BuildAttributes$$THM_ISAv3M$S$PE$A:L22$X:L11$S22$IEEE1$IW$~IW$USESV6$~STKCKD$USESV7$~SHL$OTIME$ROPI$IEEEJ$EBA8$UX$STANDARDLIB$REQ8$PRES8$EABIv2 0x00000000   Number         0  anon$$obj.o ABSOLUTE
    __Vectors                                0x00000000   Data           4  startup_mspm0g350x_uvision.o(RESET)
    __ARM_exceptions_init                     - Undefined Weak Reference
    __alloca_initialize                       - Undefined Weak Reference
    __arm_preinit_                            - Undefined Weak Reference
    __arm_relocate_pie_                       - Undefined Weak Reference
    __cpp_initialize__aeabi_                  - Undefined Weak Reference
    __cxa_finalize                            - Undefined Weak Reference
    __rt_locale                               - Undefined Weak Reference
    __sigvec_lookup                           - Undefined Weak Reference
    __user_heap_extent                        - Undefined Weak Reference
    _atexit_init                              - Undefined Weak Reference
    _call_atexit_fns                          - Undefined Weak Reference
    _clock_init                               - Undefined Weak Reference
    _fp_trap_init                             - Undefined Weak Reference
    _fp_trap_shutdown                         - Undefined Weak Reference
    _get_lc_collate                           - Undefined Weak Reference
    _get_lc_ctype                             - Undefined Weak Reference
    _get_lc_monetary                          - Undefined Weak Reference
    _get_lc_numeric                           - Undefined Weak Reference
    _get_lc_time                              - Undefined Weak Reference
    _getenv_init                              - Undefined Weak Reference
    _handle_redirection                       - Undefined Weak Reference
    _mutex_acquire                            - Undefined Weak Reference
    _mutex_free                               - Undefined Weak Reference
    _mutex_release                            - Undefined Weak Reference
    _rand_init                                - Undefined Weak Reference
    _signal_finish                            - Undefined Weak Reference
    _signal_init                              - Undefined Weak Reference
    __Vectors_End                            0x000000c0   Data           0  startup_mspm0g350x_uvision.o(RESET)
    __Vectors_Size                           0x000000c0   Number         0  startup_mspm0g350x_uvision.o ABSOLUTE
    __main                                   0x000000c1   Thumb Code     8  __main.o(!!!main)
    __scatterload                            0x000000c9   Thumb Code     0  __scatter.o(!!!scatter)
    __scatterload_rt2                        0x000000c9   Thumb Code    74  __scatter.o(!!!scatter)
    __scatterload_rt2_thumb_only             0x000000c9   Thumb Code     0  __scatter.o(!!!scatter)
    __scatterload_loop                       0x000000d3   Thumb Code     0  __scatter.o(!!!scatter)
    __scatterload_copy                       0x00000121   Thumb Code    26  __scatter_copy.o(!!handler_copy)
    __scatterload_null                       0x00000141   Thumb Code     2  __scatter.o(!!handler_null)
    __scatterload_zeroinit                   0x00000149   Thumb Code    28  __scatter_zi.o(!!handler_zi)
    __rt_lib_init                            0x00000165   Thumb Code     0  libinit.o(.ARM.Collect$$libinit$$00000000)
    __rt_lib_init_alloca_1                   0x00000167   Thumb Code     0  libinit2.o(.ARM.Collect$$libinit$$00000030)
    __rt_lib_init_argv_1                     0x00000167   Thumb Code     0  libinit2.o(.ARM.Collect$$libinit$$0000002E)
    __rt_lib_init_atexit_1                   0x00000167   Thumb Code     0  libinit2.o(.ARM.Collect$$libinit$$0000001D)
    __rt_lib_init_clock_1                    0x00000167   Thumb Code     0  libinit2.o(.ARM.Collect$$libinit$$00000023)
    __rt_lib_init_cpp_1                      0x00000167   Thumb Code     0  libinit2.o(.ARM.Collect$$libinit$$00000034)
    __rt_lib_init_exceptions_1               0x00000167   Thumb Code     0  libinit2.o(.ARM.Collect$$libinit$$00000032)
    __rt_lib_init_fp_1                       0x00000167   Thumb Code     0  libinit2.o(.ARM.Collect$$libinit$$00000002)
    __rt_lib_init_fp_trap_1                  0x00000167   Thumb Code     0  libinit2.o(.ARM.Collect$$libinit$$00000021)
    __rt_lib_init_getenv_1                   0x00000167   Thumb Code     0  libinit2.o(.ARM.Collect$$libinit$$00000025)
    __rt_lib_init_heap_1                     0x00000167   Thumb Code     0  libinit2.o(.ARM.Collect$$libinit$$0000000C)
    __rt_lib_init_lc_collate_1               0x00000167   Thumb Code     0  libinit2.o(.ARM.Collect$$libinit$$00000013)
    __rt_lib_init_lc_ctype_1                 0x00000167   Thumb Code     0  libinit2.o(.ARM.Collect$$libinit$$00000015)
    __rt_lib_init_lc_monetary_1              0x00000167   Thumb Code     0  libinit2.o(.ARM.Collect$$libinit$$00000017)
    __rt_lib_init_lc_numeric_1               0x00000167   Thumb Code     0  libinit2.o(.ARM.Collect$$libinit$$00000019)
    __rt_lib_init_lc_time_1                  0x00000167   Thumb Code     0  libinit2.o(.ARM.Collect$$libinit$$0000001B)
    __rt_lib_init_preinit_1                  0x00000167   Thumb Code     0  libinit2.o(.ARM.Collect$$libinit$$00000006)
    __rt_lib_init_rand_1                     0x00000167   Thumb Code     0  libinit2.o(.ARM.Collect$$libinit$$00000010)
    __rt_lib_init_relocate_pie_1             0x00000167   Thumb Code     0  libinit2.o(.ARM.Collect$$libinit$$00000004)
    __rt_lib_init_return                     0x00000167   Thumb Code     0  libinit2.o(.ARM.Collect$$libinit$$00000035)
    __rt_lib_init_signal_1                   0x00000167   Thumb Code     0  libinit2.o(.ARM.Collect$$libinit$$0000001F)
    __rt_lib_init_stdio_1                    0x00000167   Thumb Code     0  libinit2.o(.ARM.Collect$$libinit$$00000027)
    __rt_lib_init_user_alloc_1               0x00000167   Thumb Code     0  libinit2.o(.ARM.Collect$$libinit$$0000000E)
    __rt_lib_shutdown                        0x00000169   Thumb Code     0  libshutdown.o(.ARM.Collect$$libshutdown$$00000000)
    __rt_lib_shutdown_cpp_1                  0x0000016b   Thumb Code     0  libshutdown2.o(.ARM.Collect$$libshutdown$$00000002)
    __rt_lib_shutdown_fp_trap_1              0x0000016b   Thumb Code     0  libshutdown2.o(.ARM.Collect$$libshutdown$$00000007)
    __rt_lib_shutdown_heap_1                 0x0000016b   Thumb Code     0  libshutdown2.o(.ARM.Collect$$libshutdown$$0000000F)
    __rt_lib_shutdown_return                 0x0000016b   Thumb Code     0  libshutdown2.o(.ARM.Collect$$libshutdown$$00000010)
    __rt_lib_shutdown_signal_1               0x0000016b   Thumb Code     0  libshutdown2.o(.ARM.Collect$$libshutdown$$0000000A)
    __rt_lib_shutdown_stdio_1                0x0000016b   Thumb Code     0  libshutdown2.o(.ARM.Collect$$libshutdown$$00000004)
    __rt_lib_shutdown_user_alloc_1           0x0000016b   Thumb Code     0  libshutdown2.o(.ARM.Collect$$libshutdown$$0000000C)
    __rt_entry                               0x0000016d   Thumb Code     0  __rtentry.o(.ARM.Collect$$rtentry$$00000000)
    __rt_entry_presh_1                       0x0000016d   Thumb Code     0  __rtentry2.o(.ARM.Collect$$rtentry$$00000002)
    __rt_entry_sh                            0x0000016d   Thumb Code     0  __rtentry4.o(.ARM.Collect$$rtentry$$00000004)
    __rt_entry_li                            0x00000173   Thumb Code     0  __rtentry2.o(.ARM.Collect$$rtentry$$0000000A)
    __rt_entry_postsh_1                      0x00000173   Thumb Code     0  __rtentry2.o(.ARM.Collect$$rtentry$$00000009)
    __rt_entry_main                          0x00000177   Thumb Code     0  __rtentry2.o(.ARM.Collect$$rtentry$$0000000D)
    __rt_entry_postli_1                      0x00000177   Thumb Code     0  __rtentry2.o(.ARM.Collect$$rtentry$$0000000C)
    __rt_exit                                0x0000017f   Thumb Code     0  rtexit.o(.ARM.Collect$$rtexit$$00000000)
    __rt_exit_ls                             0x00000181   Thumb Code     0  rtexit2.o(.ARM.Collect$$rtexit$$00000003)
    __rt_exit_prels_1                        0x00000181   Thumb Code     0  rtexit2.o(.ARM.Collect$$rtexit$$00000002)
    __rt_exit_exit                           0x00000185   Thumb Code     0  rtexit2.o(.ARM.Collect$$rtexit$$00000004)
    __aeabi_memcpy4                          0x0000018d   Thumb Code    56  rt_memcpy.o(.emb_text)
    __aeabi_memcpy8                          0x0000018d   Thumb Code     0  rt_memcpy.o(.emb_text)
    Reset_Handler                            0x000001c5   Thumb Code     4  startup_mspm0g350x_uvision.o(.text)
    NMI_Handler                              0x000001c9   Thumb Code     2  startup_mspm0g350x_uvision.o(.text)
    HardFault_Handler                        0x000001cb   Thumb Code     2  startup_mspm0g350x_uvision.o(.text)
    SVC_Handler                              0x000001cd   Thumb Code     2  startup_mspm0g350x_uvision.o(.text)
    PendSV_Handler                           0x000001cf   Thumb Code     2  startup_mspm0g350x_uvision.o(.text)
    ADC0_IRQHandler                          0x000001d3   Thumb Code     0  startup_mspm0g350x_uvision.o(.text)
    ADC1_IRQHandler                          0x000001d3   Thumb Code     0  startup_mspm0g350x_uvision.o(.text)
    AES_IRQHandler                           0x000001d3   Thumb Code     0  startup_mspm0g350x_uvision.o(.text)
    CANFD0_IRQHandler                        0x000001d3   Thumb Code     0  startup_mspm0g350x_uvision.o(.text)
    DAC0_IRQHandler                          0x000001d3   Thumb Code     0  startup_mspm0g350x_uvision.o(.text)
    DMA_IRQHandler                           0x000001d3   Thumb Code     0  startup_mspm0g350x_uvision.o(.text)
    Default_Handler                          0x000001d3   Thumb Code     2  startup_mspm0g350x_uvision.o(.text)
    GROUP0_IRQHandler                        0x000001d3   Thumb Code     0  startup_mspm0g350x_uvision.o(.text)
    I2C0_IRQHandler                          0x000001d3   Thumb Code     0  startup_mspm0g350x_uvision.o(.text)
    I2C1_IRQHandler                          0x000001d3   Thumb Code     0  startup_mspm0g350x_uvision.o(.text)
    RTC_IRQHandler                           0x000001d3   Thumb Code     0  startup_mspm0g350x_uvision.o(.text)
    SPI0_IRQHandler                          0x000001d3   Thumb Code     0  startup_mspm0g350x_uvision.o(.text)
    SPI1_IRQHandler                          0x000001d3   Thumb Code     0  startup_mspm0g350x_uvision.o(.text)
    TIMA1_IRQHandler                         0x000001d3   Thumb Code     0  startup_mspm0g350x_uvision.o(.text)
    TIMG12_IRQHandler                        0x000001d3   Thumb Code     0  startup_mspm0g350x_uvision.o(.text)
    TIMG6_IRQHandler                         0x000001d3   Thumb Code     0  startup_mspm0g350x_uvision.o(.text)
    TIMG7_IRQHandler                         0x000001d3   Thumb Code     0  startup_mspm0g350x_uvision.o(.text)
    TIMG8_IRQHandler                         0x000001d3   Thumb Code     0  startup_mspm0g350x_uvision.o(.text)
    UART0_IRQHandler                         0x000001d3   Thumb Code     0  startup_mspm0g350x_uvision.o(.text)
    UART1_IRQHandler                         0x000001d3   Thumb Code     0  startup_mspm0g350x_uvision.o(.text)
    UART2_IRQHandler                         0x000001d3   Thumb Code     0  startup_mspm0g350x_uvision.o(.text)
    UART3_IRQHandler                         0x000001d3   Thumb Code     0  startup_mspm0g350x_uvision.o(.text)
    __user_initial_stackheap                 0x000001d5   Thumb Code    10  startup_mspm0g350x_uvision.o(.text)
    __aeabi_memcpy                           0x000001f5   Thumb Code   130  rt_memcpy.o(.text)
    __rt_memcpy                              0x000001f5   Thumb Code     0  rt_memcpy.o(.text)
    _memset_w                                0x00000277   Thumb Code    26  rt_memclr.o(.text)
    _memset                                  0x00000291   Thumb Code    30  rt_memclr.o(.text)
    __aeabi_memclr                           0x000002af   Thumb Code     4  rt_memclr.o(.text)
    __rt_memclr                              0x000002af   Thumb Code     0  rt_memclr.o(.text)
    __aeabi_memclr4                          0x000002b3   Thumb Code     0  rt_memclr.o(.text)
    __aeabi_memclr8                          0x000002b3   Thumb Code     0  rt_memclr.o(.text)
    __rt_memclr_w                            0x000002b3   Thumb Code     4  rt_memclr.o(.text)
    __use_two_region_memory                  0x000002b7   Thumb Code     2  heapauxi.o(.text)
    __rt_heap_escrow                         0x000002b9   Thumb Code     2  heapauxi.o(.text)
    __rt_heap_expand                         0x000002bb   Thumb Code     2  heapauxi.o(.text)
    __aeabi_dadd                             0x000005b5   Thumb Code     0  daddsub.o(.text)
    _dadd                                    0x000005b5   Thumb Code    26  daddsub.o(.text)
    __aeabi_dsub                             0x000005cf   Thumb Code     0  daddsub.o(.text)
    _dsub                                    0x000005cf   Thumb Code    22  daddsub.o(.text)
    __aeabi_drsub                            0x000005e5   Thumb Code     0  daddsub.o(.text)
    _drsb                                    0x000005e5   Thumb Code    28  daddsub.o(.text)
    __aeabi_ddiv                             0x00000615   Thumb Code     0  ddiv.o(.text)
    _ddiv                                    0x00000615   Thumb Code  1072  ddiv.o(.text)
    _drdiv                                   0x00000a45   Thumb Code    20  ddiv.o(.text)
    __aeabi_d2iz                             0x00000a5d   Thumb Code     0  dfixi.o(.text)
    _dfix                                    0x00000a5d   Thumb Code    98  dfixi.o(.text)
    __aeabi_i2d_normalise                    0x00000ac9   Thumb Code    66  dflti.o(.text)
    __aeabi_i2d                              0x00000b0b   Thumb Code    16  dflti.o(.text)
    _dflt                                    0x00000b0b   Thumb Code     0  dflti.o(.text)
    __aeabi_ui2d                             0x00000b1b   Thumb Code     6  dflti.o(.text)
    _dfltu                                   0x00000b1b   Thumb Code     0  dflti.o(.text)
    __aeabi_dmul                             0x00000b21   Thumb Code     0  dmul.o(.text)
    _dmul                                    0x00000b21   Thumb Code   558  dmul.o(.text)
    __aeabi_f2iz                             0x00000d69   Thumb Code     0  ffixi.o(.text)
    _ffix                                    0x00000d69   Thumb Code    76  ffixi.o(.text)
    __aeabi_i2f_normalise                    0x00000db5   Thumb Code    72  fflti.o(.text)
    __aeabi_i2f                              0x00000dfd   Thumb Code    16  fflti.o(.text)
    _fflt                                    0x00000dfd   Thumb Code     0  fflti.o(.text)
    __aeabi_ui2f                             0x00000e0d   Thumb Code     6  fflti.o(.text)
    _ffltu                                   0x00000e0d   Thumb Code     0  fflti.o(.text)
    __fpl_dcmp_InfNaN                        0x00000e15   Thumb Code   154  dcmpin.o(.text)
    __user_libspace                          0x00000eb5   Thumb Code     8  libspace.o(.text)
    __user_perproc_libspace                  0x00000eb5   Thumb Code     0  libspace.o(.text)
    __user_perthread_libspace                0x00000eb5   Thumb Code     0  libspace.o(.text)
    __user_setup_stackheap                   0x00000ebd   Thumb Code    62  sys_stackheap_outer.o(.text)
    exit                                     0x00000efb   Thumb Code    16  exit.o(.text)
    __fpl_cmpreturn                          0x00000f0b   Thumb Code    46  cmpret.o(.text)
    __fpl_dcheck_NaN2                        0x00000f39   Thumb Code    14  dnan2.o(.text)
    __I$use$semihosting                      0x00000f4d   Thumb Code     0  use_no_semi.o(.text)
    __use_no_semihosting_swi                 0x00000f4d   Thumb Code     2  use_no_semi.o(.text)
    __fpl_return_NaN                         0x00000f4f   Thumb Code    94  retnan.o(.text)
    __semihosting_library_function           0x00000f4f   Thumb Code     0  indicate_semi.o(.text)
    _sys_exit                                0x00000fad   Thumb Code     8  sys_exit.o(.text)
    DL_ADC12_setClockConfig                  0x00000fb9   Thumb Code    64  dl_adc12.o(.text.DL_ADC12_setClockConfig)
    DL_Common_delayCycles                    0x00000ff9   Thumb Code    10  dl_common.o(.text.DL_Common_delayCycles)
    DL_DMA_initChannel                       0x00001005   Thumb Code    68  dl_dma.o(.text.DL_DMA_initChannel)
    DL_SPI_init                              0x00001049   Thumb Code    68  dl_spi.o(.text.DL_SPI_init)
    DL_SPI_setClockConfig                    0x0000108d   Thumb Code    18  dl_spi.o(.text.DL_SPI_setClockConfig)
    DL_SYSCTL_configSYSPLL                   0x000010a1   Thumb Code   196  dl_sysctl_mspm0g1x0x_g3x0x.o(.text.DL_SYSCTL_configSYSPLL)
    DL_SYSCTL_setHFCLKSourceHFXTParams       0x00001165   Thumb Code    80  dl_sysctl_mspm0g1x0x_g3x0x.o(.text.DL_SYSCTL_setHFCLKSourceHFXTParams)
    DL_SYSCTL_switchMCLKfromSYSOSCtoHSCLK    0x000011b5   Thumb Code    40  dl_sysctl_mspm0g1x0x_g3x0x.o(.text.DL_SYSCTL_switchMCLKfromSYSOSCtoHSCLK)
    DL_Timer_initFourCCPWMMode               0x000011dd   Thumb Code   264  dl_timer.o(.text.DL_Timer_initFourCCPWMMode)
    DL_Timer_initTimerMode                   0x000012e5   Thumb Code   240  dl_timer.o(.text.DL_Timer_initTimerMode)
    DL_Timer_setCaptCompUpdateMethod         0x000013d5   Thumb Code    28  dl_timer.o(.text.DL_Timer_setCaptCompUpdateMethod)
    DL_Timer_setCaptureCompareOutCtl         0x000013f1   Thumb Code    24  dl_timer.o(.text.DL_Timer_setCaptureCompareOutCtl)
    DL_Timer_setCaptureCompareValue          0x00001409   Thumb Code    16  dl_timer.o(.text.DL_Timer_setCaptureCompareValue)
    DL_Timer_setClockConfig                  0x00001419   Thumb Code    28  dl_timer.o(.text.DL_Timer_setClockConfig)
    DL_UART_init                             0x00001435   Thumb Code    72  dl_uart.o(.text.DL_UART_init)
    DL_UART_setClockConfig                   0x0000147d   Thumb Code    18  dl_uart.o(.text.DL_UART_setClockConfig)
    GROUP1_IRQHandler                        0x00001491   Thumb Code    60  hw_encoder.o(.text.GROUP1_IRQHandler)
    Get_Digtal_For_User                      0x000014dd   Thumb Code     6  no_mcu_ganv_grayscale_sensor.o(.text.Get_Digtal_For_User)
    Get_Normalize_For_User                   0x000014e3   Thumb Code    32  no_mcu_ganv_grayscale_sensor.o(.text.Get_Normalize_For_User)
    I2C_WaitAck                              0x00001505   Thumb Code   128  bsp_gyro.o(.text.I2C_WaitAck)
    LCD_Address_Set                          0x00001591   Thumb Code   400  hw_lcd.o(.text.LCD_Address_Set)
    LCD_Fill                                 0x00001721   Thumb Code   300  hw_lcd.o(.text.LCD_Fill)
    Motor_Control                            0x00001855   Thumb Code   128  motor_control.o(.text.Motor_Control)
    No_MCU_Ganv_Sensor_Init                  0x000018ed   Thumb Code   388  no_mcu_ganv_grayscale_sensor.o(.text.No_MCU_Ganv_Sensor_Init)
    No_Mcu_Ganv_Sensor_Task_Without_tick     0x00001a75   Thumb Code   156  no_mcu_ganv_grayscale_sensor.o(.text.No_Mcu_Ganv_Sensor_Task_Without_tick)
    Pid_Yaw                                  0x00001b19   Thumb Code   148  pid.o(.text.Pid_Yaw)
    SYSCFG_DL_ADC12_0_init                   0x00001bd5   Thumb Code    80  ti_msp_dl_config.o(.text.SYSCFG_DL_ADC12_0_init)
    SYSCFG_DL_DMA_CH0_init                   0x00001c39   Thumb Code    20  ti_msp_dl_config.o(.text.SYSCFG_DL_DMA_CH0_init)
    SYSCFG_DL_DMA_init                       0x00001c59   Thumb Code     8  ti_msp_dl_config.o(.text.SYSCFG_DL_DMA_init)
    SYSCFG_DL_GPIO_init                      0x00001c61   Thumb Code   152  ti_msp_dl_config.o(.text.SYSCFG_DL_GPIO_init)
    SYSCFG_DL_PWM_MOTOR_init                 0x00001d29   Thumb Code   108  ti_msp_dl_config.o(.text.SYSCFG_DL_PWM_MOTOR_init)
    SYSCFG_DL_SPI_LCD_init                   0x00001da9   Thumb Code    52  ti_msp_dl_config.o(.text.SYSCFG_DL_SPI_LCD_init)
    SYSCFG_DL_SYSCTL_init                    0x00001df1   Thumb Code   100  ti_msp_dl_config.o(.text.SYSCFG_DL_SYSCTL_init)
    SYSCFG_DL_SYSTICK_init                   0x00001e65   Thumb Code    36  ti_msp_dl_config.o(.text.SYSCFG_DL_SYSTICK_init)
    SYSCFG_DL_TIMER_0_init                   0x00001e95   Thumb Code    36  ti_msp_dl_config.o(.text.SYSCFG_DL_TIMER_0_init)
    SYSCFG_DL_TIMER_TICK_init                0x00001ecd   Thumb Code    52  ti_msp_dl_config.o(.text.SYSCFG_DL_TIMER_TICK_init)
    SYSCFG_DL_UART_0_init                    0x00001f19   Thumb Code    76  ti_msp_dl_config.o(.text.SYSCFG_DL_UART_0_init)
    SYSCFG_DL_init                           0x00001f79   Thumb Code    68  ti_msp_dl_config.o(.text.SYSCFG_DL_init)
    SYSCFG_DL_initPower                      0x00001fc9   Thumb Code    72  ti_msp_dl_config.o(.text.SYSCFG_DL_initPower)
    Send_Byte                                0x00002039   Thumb Code   308  bsp_gyro.o(.text.Send_Byte)
    SysTick_Handler                          0x00002175   Thumb Code    12  delay.o(.text.SysTick_Handler)
    TIMA0_IRQHandler                         0x00002181   Thumb Code    24  mid_timer.o(.text.TIMA0_IRQHandler)
    TIMG0_IRQHandler                         0x0000219d   Thumb Code    20  mid_timer.o(.text.TIMG0_IRQHandler)
    Tick_delay                               0x000021b5   Thumb Code    32  delay.o(.text.Tick_delay)
    adc_getValue                             0x000021d9   Thumb Code   136  adc.o(.text.adc_getValue)
    convertAnalogToDigital                   0x00002265   Thumb Code   246  no_mcu_ganv_grayscale_sensor.o(.text.convertAnalogToDigital)
    deal_with_sensor                         0x0000235d   Thumb Code   140  sensor_deal.o(.text.deal_with_sensor)
    delay_us                                 0x000023fd   Thumb Code    52  delay.o(.text.delay_us)
    encoder_value_up                         0x00002431   Thumb Code    24  hw_encoder.o(.text.encoder_value_up)
    jy61pInit                                0x00002459   Thumb Code   156  bsp_gyro.o(.text.jy61pInit)
    lcd_init                                 0x00002501   Thumb Code  2072  hw_lcd.o(.text.lcd_init)
    main                                     0x00002d1d   Thumb Code   100  empty.o(.text.main)
    normalizeAnalogValues                    0x00002d9d   Thumb Code   558  no_mcu_ganv_grayscale_sensor.o(.text.normalizeAnalogValues)
    set_motor_speed_status                   0x00002fcd   Thumb Code   200  hw_motor.o(.text.set_motor_speed_status)
    timer_init                               0x000030a5   Thumb Code    20  mid_timer.o(.text.timer_init)
    writeDataJy61p                           0x000030c1   Thumb Code   188  bsp_gyro.o(.text.writeDataJy61p)
    __aeabi_uidiv                            0x00003185   Thumb Code    68  aeabi_sdivfast.o(.text_divfast)
    __aeabi_idiv                             0x000031c9   Thumb Code   434  aeabi_sdivfast.o(.text_divfast)
    __aeabi_dcmpgt                           0x0000337b   Thumb Code     0  dcmp.o(i._dgr)
    _dgr                                     0x0000337b   Thumb Code    22  dcmp.o(i._dgr)
    _dcmpge                                  0x00003391   Thumb Code    94  dgef.o(x$fpl$dgeqf)
    __aeabi_fadd                             0x000033f5   Thumb Code     0  faddsub.o(x$fpl$fadd)
    _fadd                                    0x000033f5   Thumb Code   134  faddsub.o(x$fpl$fadd)
    __aeabi_fsub                             0x00003481   Thumb Code     0  faddsub.o(x$fpl$fsub)
    _fsub                                    0x00003481   Thumb Code   204  faddsub.o(x$fpl$fsub)
    __I$use$fp                               0x00003550   Number         0  usenofp.o(x$fpl$usenofp)
    Region$$Table$$Base                      0x00003670   Number         0  anon$$obj.o(Region$$Table)
    Region$$Table$$Limit                     0x00003690   Number         0  anon$$obj.o(Region$$Table)
    K_V                                      0x20200000   Data           4  motor_control.o(.data.K_V)
    Kd_Yaw                                   0x20200004   Data           4  pid.o(.data.Kd_Yaw)
    Kp_Yaw                                   0x20200008   Data           4  pid.o(.data.Kp_Yaw)
    black                                    0x2020000c   Data          16  sensor_deal.o(.data.black)
    max                                      0x2020001c   Data           4  pid.o(.data.max)
    white                                    0x20200020   Data          16  sensor_deal.o(.data.white)
    __libspace_start                         0x20200030   Data          96  libspace.o(.bss)
    ADC_VALUE                                0x20200090   Data          80  adc.o(.bss.ADC_VALUE)
    __temporary_stack_top$libspace           0x20200090   Data           0  libspace.o(.bss)
    Digtal                                   0x202000e4   Data           1  sensor_deal.o(.bss.Digtal)
    Err_Yaw                                  0x202000e8   Data           4  pid.o(.bss.Err_Yaw)
    Gyro_Structure                           0x202000ec   Data          12  bsp_gyro.o(.bss.Gyro_Structure)
    Integral_Yaw                             0x202000f8   Data           4  pid.o(.bss.Integral_Yaw)
    Ki_Yaw                                   0x202000fc   Data           4  pid.o(.bss.Ki_Yaw)
    LastErr_Yaw                              0x20200100   Data           4  pid.o(.bss.LastErr_Yaw)
    Normal                                   0x20200104   Data          16  sensor_deal.o(.bss.Normal)
    Output_Yaw                               0x20200114   Data           4  pid.o(.bss.Output_Yaw)
    SpeedL                                   0x20200118   Data           4  motor_control.o(.bss.SpeedL)
    SpeedR                                   0x2020011c   Data           4  motor_control.o(.bss.SpeedR)
    Speed_Set                                0x20200120   Data           4  motor_control.o(.bss.Speed_Set)
    Tarangle                                 0x20200124   Data           4  motor_control.o(.bss.Tarangle)
    Tick                                     0x20200128   Data           4  delay.o(.bss.Tick)
    Yaw_Now_Correct                          0x2020012c   Data           4  pid.o(.bss.Yaw_Now_Correct)
    encoder_1_value                          0x20200130   Data           4  hw_encoder.o(.bss.encoder_1_value)
    encoder_1_value_temp                     0x20200134   Data           4  hw_encoder.o(.bss.encoder_1_value_temp)
    encoder_2_value                          0x20200138   Data           4  hw_encoder.o(.bss.encoder_2_value)
    encoder_2_value_temp                     0x2020013c   Data           4  hw_encoder.o(.bss.encoder_2_value_temp)
    gPWM_MOTORBackup                         0x20200140   Data         188  ti_msp_dl_config.o(.bss.gPWM_MOTORBackup)
    gSPI_LCDBackup                           0x202001fc   Data          40  ti_msp_dl_config.o(.bss.gSPI_LCDBackup)
    gTIMER_0Backup                           0x20200224   Data         188  ti_msp_dl_config.o(.bss.gTIMER_0Backup)
    result_angle                             0x202002e0   Data           4  pid.o(.bss.result_angle)
    sensor                                   0x202002e8   Data         176  sensor_deal.o(.bss.sensor)



==============================================================================

Memory Map of the image

  Image Entry point : 0x000000c1

  Load Region LR_IROM1 (Base: 0x00000000, Size: 0x000036c0, Max: 0x00020000, ABSOLUTE)

    Execution Region ER_IROM1 (Exec base: 0x00000000, Load base: 0x00000000, Size: 0x00003690, Max: 0x00020000, ABSOLUTE)

    Exec Addr    Load Addr    Size         Type   Attr      Idx    E Section Name        Object

    0x00000000   0x00000000   0x000000c0   Data   RO           13    RESET               startup_mspm0g350x_uvision.o
    0x000000c0   0x000000c0   0x00000008   Code   RO          657  * !!!main             c_p.l(__main.o)
    0x000000c8   0x000000c8   0x00000054   Code   RO         1093    !!!scatter          c_p.l(__scatter.o)
    0x0000011c   0x0000011c   0x00000004   PAD
    0x00000120   0x00000120   0x0000001a   Code   RO         1097    !!handler_copy      c_p.l(__scatter_copy.o)
    0x0000013a   0x0000013a   0x00000006   PAD
    0x00000140   0x00000140   0x00000002   Code   RO         1094    !!handler_null      c_p.l(__scatter.o)
    0x00000142   0x00000142   0x00000006   PAD
    0x00000148   0x00000148   0x0000001c   Code   RO         1099    !!handler_zi        c_p.l(__scatter_zi.o)
    0x00000164   0x00000164   0x00000002   Code   RO          895    .ARM.Collect$$libinit$$00000000  c_p.l(libinit.o)
    0x00000166   0x00000166   0x00000000   Code   RO          897    .ARM.Collect$$libinit$$00000002  c_p.l(libinit2.o)
    0x00000166   0x00000166   0x00000000   Code   RO          899    .ARM.Collect$$libinit$$00000004  c_p.l(libinit2.o)
    0x00000166   0x00000166   0x00000000   Code   RO          901    .ARM.Collect$$libinit$$00000006  c_p.l(libinit2.o)
    0x00000166   0x00000166   0x00000000   Code   RO          904    .ARM.Collect$$libinit$$0000000C  c_p.l(libinit2.o)
    0x00000166   0x00000166   0x00000000   Code   RO          906    .ARM.Collect$$libinit$$0000000E  c_p.l(libinit2.o)
    0x00000166   0x00000166   0x00000000   Code   RO          908    .ARM.Collect$$libinit$$00000010  c_p.l(libinit2.o)
    0x00000166   0x00000166   0x00000000   Code   RO          911    .ARM.Collect$$libinit$$00000013  c_p.l(libinit2.o)
    0x00000166   0x00000166   0x00000000   Code   RO          913    .ARM.Collect$$libinit$$00000015  c_p.l(libinit2.o)
    0x00000166   0x00000166   0x00000000   Code   RO          915    .ARM.Collect$$libinit$$00000017  c_p.l(libinit2.o)
    0x00000166   0x00000166   0x00000000   Code   RO          917    .ARM.Collect$$libinit$$00000019  c_p.l(libinit2.o)
    0x00000166   0x00000166   0x00000000   Code   RO          919    .ARM.Collect$$libinit$$0000001B  c_p.l(libinit2.o)
    0x00000166   0x00000166   0x00000000   Code   RO          921    .ARM.Collect$$libinit$$0000001D  c_p.l(libinit2.o)
    0x00000166   0x00000166   0x00000000   Code   RO          923    .ARM.Collect$$libinit$$0000001F  c_p.l(libinit2.o)
    0x00000166   0x00000166   0x00000000   Code   RO          925    .ARM.Collect$$libinit$$00000021  c_p.l(libinit2.o)
    0x00000166   0x00000166   0x00000000   Code   RO          927    .ARM.Collect$$libinit$$00000023  c_p.l(libinit2.o)
    0x00000166   0x00000166   0x00000000   Code   RO          929    .ARM.Collect$$libinit$$00000025  c_p.l(libinit2.o)
    0x00000166   0x00000166   0x00000000   Code   RO          931    .ARM.Collect$$libinit$$00000027  c_p.l(libinit2.o)
    0x00000166   0x00000166   0x00000000   Code   RO          935    .ARM.Collect$$libinit$$0000002E  c_p.l(libinit2.o)
    0x00000166   0x00000166   0x00000000   Code   RO          937    .ARM.Collect$$libinit$$00000030  c_p.l(libinit2.o)
    0x00000166   0x00000166   0x00000000   Code   RO          939    .ARM.Collect$$libinit$$00000032  c_p.l(libinit2.o)
    0x00000166   0x00000166   0x00000000   Code   RO          941    .ARM.Collect$$libinit$$00000034  c_p.l(libinit2.o)
    0x00000166   0x00000166   0x00000002   Code   RO          942    .ARM.Collect$$libinit$$00000035  c_p.l(libinit2.o)
    0x00000168   0x00000168   0x00000002   Code   RO         1074    .ARM.Collect$$libshutdown$$00000000  c_p.l(libshutdown.o)
    0x0000016a   0x0000016a   0x00000000   Code   RO          944    .ARM.Collect$$libshutdown$$00000002  c_p.l(libshutdown2.o)
    0x0000016a   0x0000016a   0x00000000   Code   RO          946    .ARM.Collect$$libshutdown$$00000004  c_p.l(libshutdown2.o)
    0x0000016a   0x0000016a   0x00000000   Code   RO          949    .ARM.Collect$$libshutdown$$00000007  c_p.l(libshutdown2.o)
    0x0000016a   0x0000016a   0x00000000   Code   RO          952    .ARM.Collect$$libshutdown$$0000000A  c_p.l(libshutdown2.o)
    0x0000016a   0x0000016a   0x00000000   Code   RO          954    .ARM.Collect$$libshutdown$$0000000C  c_p.l(libshutdown2.o)
    0x0000016a   0x0000016a   0x00000000   Code   RO          957    .ARM.Collect$$libshutdown$$0000000F  c_p.l(libshutdown2.o)
    0x0000016a   0x0000016a   0x00000002   Code   RO          958    .ARM.Collect$$libshutdown$$00000010  c_p.l(libshutdown2.o)
    0x0000016c   0x0000016c   0x00000000   Code   RO          714    .ARM.Collect$$rtentry$$00000000  c_p.l(__rtentry.o)
    0x0000016c   0x0000016c   0x00000000   Code   RO          749    .ARM.Collect$$rtentry$$00000002  c_p.l(__rtentry2.o)
    0x0000016c   0x0000016c   0x00000006   Code   RO          761    .ARM.Collect$$rtentry$$00000004  c_p.l(__rtentry4.o)
    0x00000172   0x00000172   0x00000000   Code   RO          751    .ARM.Collect$$rtentry$$00000009  c_p.l(__rtentry2.o)
    0x00000172   0x00000172   0x00000004   Code   RO          752    .ARM.Collect$$rtentry$$0000000A  c_p.l(__rtentry2.o)
    0x00000176   0x00000176   0x00000000   Code   RO          754    .ARM.Collect$$rtentry$$0000000C  c_p.l(__rtentry2.o)
    0x00000176   0x00000176   0x00000008   Code   RO          755    .ARM.Collect$$rtentry$$0000000D  c_p.l(__rtentry2.o)
    0x0000017e   0x0000017e   0x00000002   Code   RO          969    .ARM.Collect$$rtexit$$00000000  c_p.l(rtexit.o)
    0x00000180   0x00000180   0x00000000   Code   RO         1031    .ARM.Collect$$rtexit$$00000002  c_p.l(rtexit2.o)
    0x00000180   0x00000180   0x00000004   Code   RO         1032    .ARM.Collect$$rtexit$$00000003  c_p.l(rtexit2.o)
    0x00000184   0x00000184   0x00000006   Code   RO         1033    .ARM.Collect$$rtexit$$00000004  c_p.l(rtexit2.o)
    0x0000018a   0x0000018a   0x00000002   PAD
    0x0000018c   0x0000018c   0x00000038   Code   RO          641    .emb_text           c_p.l(rt_memcpy.o)
    0x000001c4   0x000001c4   0x00000030   Code   RO           14    .text               startup_mspm0g350x_uvision.o
    0x000001f4   0x000001f4   0x00000082   Code   RO          642    .text               c_p.l(rt_memcpy.o)
    0x00000276   0x00000276   0x00000040   Code   RO          645    .text               c_p.l(rt_memclr.o)
    0x000002b6   0x000002b6   0x00000006   Code   RO          655    .text               c_p.l(heapauxi.o)
    0x000002bc   0x000002bc   0x00000358   Code   RO          661    .text               fz_ps.l(daddsub.o)
    0x00000614   0x00000614   0x00000448   Code   RO          675    .text               fz_ps.l(ddiv.o)
    0x00000a5c   0x00000a5c   0x0000006c   Code   RO          678    .text               fz_ps.l(dfixi.o)
    0x00000ac8   0x00000ac8   0x00000058   Code   RO          680    .text               fz_ps.l(dflti.o)
    0x00000b20   0x00000b20   0x00000248   Code   RO          682    .text               fz_ps.l(dmul.o)
    0x00000d68   0x00000d68   0x0000004c   Code   RO          702    .text               fz_ps.l(ffixi.o)
    0x00000db4   0x00000db4   0x0000005e   Code   RO          706    .text               fz_ps.l(fflti.o)
    0x00000e12   0x00000e12   0x00000002   PAD
    0x00000e14   0x00000e14   0x000000a0   Code   RO          778    .text               fz_ps.l(dcmpin.o)
    0x00000eb4   0x00000eb4   0x00000008   Code   RO          789    .text               c_p.l(libspace.o)
    0x00000ebc   0x00000ebc   0x0000003e   Code   RO          794    .text               c_p.l(sys_stackheap_outer.o)
    0x00000efa   0x00000efa   0x00000010   Code   RO          878    .text               c_p.l(exit.o)
    0x00000f0a   0x00000f0a   0x0000002e   Code   RO          959    .text               fz_ps.l(cmpret.o)
    0x00000f38   0x00000f38   0x00000014   Code   RO          961    .text               fz_ps.l(dnan2.o)
    0x00000f4c   0x00000f4c   0x00000002   Code   RO          965    .text               c_p.l(use_no_semi.o)
    0x00000f4e   0x00000f4e   0x00000000   Code   RO          967    .text               c_p.l(indicate_semi.o)
    0x00000f4e   0x00000f4e   0x0000005e   Code   RO         1020    .text               fz_ps.l(retnan.o)
    0x00000fac   0x00000fac   0x0000000c   Code   RO         1024    .text               c_p.l(sys_exit.o)
    0x00000fb8   0x00000fb8   0x00000040   Code   RO          352    .text.DL_ADC12_setClockConfig  driverlib.a(dl_adc12.o)
    0x00000ff8   0x00000ff8   0x0000000a   Code   RO          364    .text.DL_Common_delayCycles  driverlib.a(dl_common.o)
    0x00001002   0x00001002   0x00000002   PAD
    0x00001004   0x00001004   0x00000044   Code   RO          373    .text.DL_DMA_initChannel  driverlib.a(dl_dma.o)
    0x00001048   0x00001048   0x00000044   Code   RO          415    .text.DL_SPI_init   driverlib.a(dl_spi.o)
    0x0000108c   0x0000108c   0x00000012   Code   RO          417    .text.DL_SPI_setClockConfig  driverlib.a(dl_spi.o)
    0x0000109e   0x0000109e   0x00000002   PAD
    0x000010a0   0x000010a0   0x000000c4   Code   RO          606    .text.DL_SYSCTL_configSYSPLL  driverlib.a(dl_sysctl_mspm0g1x0x_g3x0x.o)
    0x00001164   0x00001164   0x00000050   Code   RO          620    .text.DL_SYSCTL_setHFCLKSourceHFXTParams  driverlib.a(dl_sysctl_mspm0g1x0x_g3x0x.o)
    0x000011b4   0x000011b4   0x00000028   Code   RO          614    .text.DL_SYSCTL_switchMCLKfromSYSOSCtoHSCLK  driverlib.a(dl_sysctl_mspm0g1x0x_g3x0x.o)
    0x000011dc   0x000011dc   0x00000108   Code   RO          545    .text.DL_Timer_initFourCCPWMMode  driverlib.a(dl_timer.o)
    0x000012e4   0x000012e4   0x000000f0   Code   RO          473    .text.DL_Timer_initTimerMode  driverlib.a(dl_timer.o)
    0x000013d4   0x000013d4   0x0000001c   Code   RO          515    .text.DL_Timer_setCaptCompUpdateMethod  driverlib.a(dl_timer.o)
    0x000013f0   0x000013f0   0x00000018   Code   RO          519    .text.DL_Timer_setCaptureCompareOutCtl  driverlib.a(dl_timer.o)
    0x00001408   0x00001408   0x00000010   Code   RO          475    .text.DL_Timer_setCaptureCompareValue  driverlib.a(dl_timer.o)
    0x00001418   0x00001418   0x0000001c   Code   RO          469    .text.DL_Timer_setClockConfig  driverlib.a(dl_timer.o)
    0x00001434   0x00001434   0x00000048   Code   RO          566    .text.DL_UART_init  driverlib.a(dl_uart.o)
    0x0000147c   0x0000147c   0x00000012   Code   RO          568    .text.DL_UART_setClockConfig  driverlib.a(dl_uart.o)
    0x0000148e   0x0000148e   0x00000002   PAD
    0x00001490   0x00001490   0x0000004c   Code   RO          161    .text.GROUP1_IRQHandler  hw_encoder.o
    0x000014dc   0x000014dc   0x00000006   Code   RO          187    .text.Get_Digtal_For_User  no_mcu_ganv_grayscale_sensor.o
    0x000014e2   0x000014e2   0x00000020   Code   RO          189    .text.Get_Normalize_For_User  no_mcu_ganv_grayscale_sensor.o
    0x00001502   0x00001502   0x00000002   PAD
    0x00001504   0x00001504   0x0000008c   Code   RO          278    .text.I2C_WaitAck   bsp_gyro.o
    0x00001590   0x00001590   0x00000190   Code   RO           95    .text.LCD_Address_Set  hw_lcd.o
    0x00001720   0x00001720   0x00000134   Code   RO           99    .text.LCD_Fill      hw_lcd.o
    0x00001854   0x00001854   0x00000098   Code   RO          233    .text.Motor_Control  motor_control.o
    0x000018ec   0x000018ec   0x00000188   Code   RO          183    .text.No_MCU_Ganv_Sensor_Init  no_mcu_ganv_grayscale_sensor.o
    0x00001a74   0x00001a74   0x000000a4   Code   RO          185    .text.No_Mcu_Ganv_Sensor_Task_Without_tick  no_mcu_ganv_grayscale_sensor.o
    0x00001b18   0x00001b18   0x000000bc   Code   RO          214    .text.Pid_Yaw       pid.o
    0x00001bd4   0x00001bd4   0x00000064   Code   RO           39    .text.SYSCFG_DL_ADC12_0_init  ti_msp_dl_config.o
    0x00001c38   0x00001c38   0x00000020   Code   RO           49    .text.SYSCFG_DL_DMA_CH0_init  ti_msp_dl_config.o
    0x00001c58   0x00001c58   0x00000008   Code   RO           41    .text.SYSCFG_DL_DMA_init  ti_msp_dl_config.o
    0x00001c60   0x00001c60   0x000000c8   Code   RO           25    .text.SYSCFG_DL_GPIO_init  ti_msp_dl_config.o
    0x00001d28   0x00001d28   0x00000080   Code   RO           29    .text.SYSCFG_DL_PWM_MOTOR_init  ti_msp_dl_config.o
    0x00001da8   0x00001da8   0x00000048   Code   RO           37    .text.SYSCFG_DL_SPI_LCD_init  ti_msp_dl_config.o
    0x00001df0   0x00001df0   0x00000074   Code   RO           27    .text.SYSCFG_DL_SYSCTL_init  ti_msp_dl_config.o
    0x00001e64   0x00001e64   0x00000030   Code   RO           43    .text.SYSCFG_DL_SYSTICK_init  ti_msp_dl_config.o
    0x00001e94   0x00001e94   0x00000038   Code   RO           33    .text.SYSCFG_DL_TIMER_0_init  ti_msp_dl_config.o
    0x00001ecc   0x00001ecc   0x0000004c   Code   RO           31    .text.SYSCFG_DL_TIMER_TICK_init  ti_msp_dl_config.o
    0x00001f18   0x00001f18   0x00000060   Code   RO           35    .text.SYSCFG_DL_UART_0_init  ti_msp_dl_config.o
    0x00001f78   0x00001f78   0x00000050   Code   RO           21    .text.SYSCFG_DL_init  ti_msp_dl_config.o
    0x00001fc8   0x00001fc8   0x00000070   Code   RO           23    .text.SYSCFG_DL_initPower  ti_msp_dl_config.o
    0x00002038   0x00002038   0x0000013c   Code   RO          280    .text.Send_Byte     bsp_gyro.o
    0x00002174   0x00002174   0x0000000c   Code   RO          307    .text.SysTick_Handler  delay.o
    0x00002180   0x00002180   0x0000001c   Code   RO          205    .text.TIMA0_IRQHandler  mid_timer.o
    0x0000219c   0x0000219c   0x00000018   Code   RO          203    .text.TIMG0_IRQHandler  mid_timer.o
    0x000021b4   0x000021b4   0x00000024   Code   RO          313    .text.Tick_delay    delay.o
    0x000021d8   0x000021d8   0x0000008c   Code   RO          297    .text.adc_getValue  adc.o
    0x00002264   0x00002264   0x000000f6   Code   RO          177    .text.convertAnalogToDigital  no_mcu_ganv_grayscale_sensor.o
    0x0000235a   0x0000235a   0x00000002   PAD
    0x0000235c   0x0000235c   0x000000a0   Code   RO          250    .text.deal_with_sensor  sensor_deal.o
    0x000023fc   0x000023fc   0x00000034   Code   RO          311    .text.delay_us      delay.o
    0x00002430   0x00002430   0x00000028   Code   RO          155    .text.encoder_value_up  hw_encoder.o
    0x00002458   0x00002458   0x000000a8   Code   RO          268    .text.jy61pInit     bsp_gyro.o
    0x00002500   0x00002500   0x0000081c   Code   RO           97    .text.lcd_init      hw_lcd.o
    0x00002d1c   0x00002d1c   0x00000080   Code   RO            2    .text.main          empty.o
    0x00002d9c   0x00002d9c   0x0000022e   Code   RO          179    .text.normalizeAnalogValues  no_mcu_ganv_grayscale_sensor.o
    0x00002fca   0x00002fca   0x00000002   PAD
    0x00002fcc   0x00002fcc   0x000000d8   Code   RO           75    .text.set_motor_speed_status  hw_motor.o
    0x000030a4   0x000030a4   0x0000001c   Code   RO          201    .text.timer_init    mid_timer.o
    0x000030c0   0x000030c0   0x000000c4   Code   RO          270    .text.writeDataJy61p  bsp_gyro.o
    0x00003184   0x00003184   0x000001f6   Code   RO          648    .text_divfast       c_p.l(aeabi_sdivfast.o)
    0x0000337a   0x0000337a   0x00000016   Code   RO          665    i._dgr              fz_ps.l(dcmp.o)
    0x00003390   0x00003390   0x00000064   Code   RO          735    x$fpl$dgeqf         fz_ps.l(dgef.o)
    0x000033f4   0x000033f4   0x0000008c   Code   RO          684    x$fpl$fadd          fz_ps.l(faddsub.o)
    0x00003480   0x00003480   0x000000d0   Code   RO          686    x$fpl$fsub          fz_ps.l(faddsub.o)
    0x00003550   0x00003550   0x00000000   Code   RO          747    x$fpl$usenofp       fz_ps.l(usenofp.o)
    0x00003550   0x00003550   0x00000080   Data   RO          676    .constdata          fz_ps.l(ddiv.o)
    0x000035d0   0x000035d0   0x00000008   Data   RO           65    .rodata.gADC12_0ClockConfig  ti_msp_dl_config.o
    0x000035d8   0x000035d8   0x00000018   Data   RO           66    .rodata.gDMA_CH0Config  ti_msp_dl_config.o
    0x000035f0   0x000035f0   0x00000003   Data   RO           55    .rodata.gPWM_MOTORClockConfig  ti_msp_dl_config.o
    0x000035f3   0x000035f3   0x00000001   PAD
    0x000035f4   0x000035f4   0x00000008   Data   RO           56    .rodata.gPWM_MOTORConfig  ti_msp_dl_config.o
    0x000035fc   0x000035fc   0x00000002   Data   RO           63    .rodata.gSPI_LCD_clockConfig  ti_msp_dl_config.o
    0x000035fe   0x000035fe   0x0000000a   Data   RO           64    .rodata.gSPI_LCD_config  ti_msp_dl_config.o
    0x00003608   0x00003608   0x00000028   Data   RO           54    .rodata.gSYSPLLConfig  ti_msp_dl_config.o
    0x00003630   0x00003630   0x00000003   Data   RO           59    .rodata.gTIMER_0ClockConfig  ti_msp_dl_config.o
    0x00003633   0x00003633   0x00000001   PAD
    0x00003634   0x00003634   0x00000014   Data   RO           60    .rodata.gTIMER_0TimerConfig  ti_msp_dl_config.o
    0x00003648   0x00003648   0x00000003   Data   RO           57    .rodata.gTIMER_TICKClockConfig  ti_msp_dl_config.o
    0x0000364b   0x0000364b   0x00000001   PAD
    0x0000364c   0x0000364c   0x00000014   Data   RO           58    .rodata.gTIMER_TICKTimerConfig  ti_msp_dl_config.o
    0x00003660   0x00003660   0x00000002   Data   RO           61    .rodata.gUART_0ClockConfig  ti_msp_dl_config.o
    0x00003662   0x00003662   0x0000000a   Data   RO           62    .rodata.gUART_0Config  ti_msp_dl_config.o
    0x0000366c   0x0000366c   0x00000004   PAD
    0x00003670   0x00003670   0x00000020   Data   RO         1092    Region$$Table       anon$$obj.o


    Execution Region RW_IRAM2 (Exec base: 0x20200000, Load base: 0x00003690, Size: 0x00002398, Max: 0x00008000, ABSOLUTE)

    Exec Addr    Load Addr    Size         Type   Attr      Idx    E Section Name        Object

    0x20200000   0x00003690   0x00000004   Data   RW          235    .data.K_V           motor_control.o
    0x20200004   0x00003694   0x00000004   Data   RW          218    .data.Kd_Yaw        pid.o
    0x20200008   0x00003698   0x00000004   Data   RW          216    .data.Kp_Yaw        pid.o
    0x2020000c   0x0000369c   0x00000010   Data   RW          254    .data.black         sensor_deal.o
    0x2020001c   0x000036ac   0x00000004   Data   RW          224    .data.max           pid.o
    0x20200020   0x000036b0   0x00000010   Data   RW          253    .data.white         sensor_deal.o
    0x20200030        -       0x00000060   Zero   RW          790    .bss                c_p.l(libspace.o)
    0x20200090        -       0x00000050   Zero   RW          299    .bss.ADC_VALUE      adc.o
    0x202000e0        -       0x00000004   Zero   RW          256    .bss.CalculateNormalizedValue.last_value  sensor_deal.o
    0x202000e4        -       0x00000001   Zero   RW          259    .bss.Digtal         sensor_deal.o
    0x202000e5   0x000036c0   0x00000003   PAD
    0x202000e8        -       0x00000004   Zero   RW          220    .bss.Err_Yaw        pid.o
    0x202000ec        -       0x0000000c   Zero   RW          288    .bss.Gyro_Structure  bsp_gyro.o
    0x202000f8        -       0x00000004   Zero   RW          219    .bss.Integral_Yaw   pid.o
    0x202000fc        -       0x00000004   Zero   RW          217    .bss.Ki_Yaw         pid.o
    0x20200100        -       0x00000004   Zero   RW          221    .bss.LastErr_Yaw    pid.o
    0x20200104        -       0x00000010   Zero   RW          258    .bss.Normal         sensor_deal.o
    0x20200114        -       0x00000004   Zero   RW          222    .bss.Output_Yaw     pid.o
    0x20200118        -       0x00000004   Zero   RW          239    .bss.SpeedL         motor_control.o
    0x2020011c        -       0x00000004   Zero   RW          238    .bss.SpeedR         motor_control.o
    0x20200120        -       0x00000004   Zero   RW          236    .bss.Speed_Set      motor_control.o
    0x20200124        -       0x00000004   Zero   RW          237    .bss.Tarangle       motor_control.o
    0x20200128        -       0x00000004   Zero   RW          315    .bss.Tick           delay.o
    0x2020012c        -       0x00000004   Zero   RW          225    .bss.Yaw_Now_Correct  pid.o
    0x20200130        -       0x00000004   Zero   RW          164    .bss.encoder_1_value  hw_encoder.o
    0x20200134        -       0x00000004   Zero   RW          163    .bss.encoder_1_value_temp  hw_encoder.o
    0x20200138        -       0x00000004   Zero   RW          166    .bss.encoder_2_value  hw_encoder.o
    0x2020013c        -       0x00000004   Zero   RW          165    .bss.encoder_2_value_temp  hw_encoder.o
    0x20200140        -       0x000000bc   Zero   RW           51    .bss.gPWM_MOTORBackup  ti_msp_dl_config.o
    0x202001fc        -       0x00000028   Zero   RW           53    .bss.gSPI_LCDBackup  ti_msp_dl_config.o
    0x20200224        -       0x000000bc   Zero   RW           52    .bss.gTIMER_0Backup  ti_msp_dl_config.o
    0x202002e0        -       0x00000004   Zero   RW          223    .bss.result_angle   pid.o
    0x202002e4   0x000036c0   0x00000004   PAD
    0x202002e8        -       0x000000b0   Zero   RW          257    .bss.sensor         sensor_deal.o
    0x20200398        -       0x00001000   Zero   RW           12    HEAP                startup_mspm0g350x_uvision.o
    0x20201398        -       0x00001000   Zero   RW           11    STACK               startup_mspm0g350x_uvision.o



  Load Region LR_BCR (Base: 0x41c00000, Size: 0x00000000, Max: 0x00000100, ABSOLUTE)

    Execution Region BCR_CONFIG (Exec base: 0x41c00000, Load base: 0x41c00000, Size: 0x00000000, Max: 0x00000080, ABSOLUTE)

    **** No section assigned to this execution region ****



  Load Region LR_BSL (Base: 0x41c00100, Size: 0x00000000, Max: 0x00000100, ABSOLUTE)

    Execution Region BSL_CONFIG (Exec base: 0x41c00100, Load base: 0x41c00100, Size: 0x00000000, Max: 0x00000080, ABSOLUTE)

    **** No section assigned to this execution region ****


==============================================================================

Image component sizes


      Code (inc. data)   RO Data    RW Data    ZI Data      Debug   Object Name

       140          4          0          0         80       1054   adc.o
       820         40          0          0         12      16194   bsp_gyro.o
       100          4          0          0          4       1199   delay.o
       128         28          0          0          0       6297   empty.o
       116         32          0          0         16       5811   hw_encoder.o
      2784         28          0          0          0     105482   hw_lcd.o
       216         24          0          0          0       7151   hw_motor.o
        80         16          0          0          0       5458   mid_timer.o
       152         24          0          4         16        678   motor_control.o
      1398         12          0          0          0       9179   no_mcu_ganv_grayscale_sensor.o
       188         40          0         12         28        860   pid.o
       160         20          0         32        197       4332   sensor_deal.o
        48         22        192          0       8192        652   startup_mspm0g350x_uvision.o
      1124        264        153          0        416      43158   ti_msp_dl_config.o

    ----------------------------------------------------------------------
      7460        558        384         48       8968     207505   Object Totals
         0          0         32          0          0          0   (incl. Generated)
         6          0          7          0          7          0   (incl. Padding)

    ----------------------------------------------------------------------

      Code (inc. data)   RO Data    RW Data    ZI Data      Debug   Library Member Name

         8          0          0          0          0         68   __main.o
         0          0          0          0          0          0   __rtentry.o
        12          0          0          0          0          0   __rtentry2.o
         6          0          0          0          0          0   __rtentry4.o
        86         10          0          0          0          0   __scatter.o
        26          0          0          0          0          0   __scatter_copy.o
        28          0          0          0          0          0   __scatter_zi.o
       502          0          0          0          0         92   aeabi_sdivfast.o
        16          0          0          0          0         68   exit.o
         6          0          0          0          0        136   heapauxi.o
         0          0          0          0          0          0   indicate_semi.o
         2          0          0          0          0          0   libinit.o
         2          0          0          0          0          0   libinit2.o
         2          0          0          0          0          0   libshutdown.o
         2          0          0          0          0          0   libshutdown2.o
         8          4          0          0         96         68   libspace.o
        64          0          0          0          0        108   rt_memclr.o
       186          0          0          0          0        144   rt_memcpy.o
         2          0          0          0          0          0   rtexit.o
        10          0          0          0          0          0   rtexit2.o
        12          4          0          0          0         60   sys_exit.o
        62          0          0          0          0         80   sys_stackheap_outer.o
         2          0          0          0          0         68   use_no_semi.o
        64          8          0          0          0       4702   dl_adc12.o
        10          0          0          0          0        803   dl_common.o
        68          4          0          0          0       4505   dl_dma.o
        86          8          0          0          0      13463   dl_spi.o
       316         28          0          0          0      18491   dl_sysctl_mspm0g1x0x_g3x0x.o
       600        192          0          0          0      39888   dl_timer.o
        90          8          0          0          0      14128   dl_uart.o
        46          0          0          0          0         60   cmpret.o
       856         20          0          0          0        208   daddsub.o
        22          0          0          0          0         68   dcmp.o
       160          6          0          0          0         76   dcmpin.o
      1096         26        128          0          0        112   ddiv.o
       108         10          0          0          0         72   dfixi.o
        88          0          0          0          0         92   dflti.o
       100          4          0          0          0         92   dgef.o
       584         26          0          0          0         84   dmul.o
        20          6          0          0          0         68   dnan2.o
       348          8          0          0          0        160   faddsub.o
        76          0          0          0          0         68   ffixi.o
        94          0          0          0          0         92   fflti.o
        94          0          0          0          0         68   retnan.o
         0          0          0          0          0          0   usenofp.o

    ----------------------------------------------------------------------
      5996        376        128          0         96      98192   Library Totals
        26          4          0          0          0          0   (incl. Padding)

    ----------------------------------------------------------------------

      Code (inc. data)   RO Data    RW Data    ZI Data      Debug   Library Name

      1044         18          0          0         96        892   c_p.l
      1234        248          0          0          0      95980   driverlib.a
      3692        106        128          0          0       1320   fz_ps.l

    ----------------------------------------------------------------------
      5996        376        128          0         96      98192   Library Totals

    ----------------------------------------------------------------------

==============================================================================


      Code (inc. data)   RO Data    RW Data    ZI Data      Debug   

     13456        934        512         48       9064     304417   Grand Totals
     13456        934        512         48       9064     304417   ELF Image Totals
     13456        934        512         48          0          0   ROM Totals

==============================================================================

    Total RO  Size (Code + RO Data)                13968 (  13.64kB)
    Total RW  Size (RW Data + ZI Data)              9112 (   8.90kB)
    Total ROM Size (Code + RO Data + RW Data)      14016 (  13.69kB)

==============================================================================

